Component: ARM Compiler 5.06 update 7 (build 960) Tool: armlink [4d3601]

==============================================================================

Section Cross References

    startup_stm32g431xx.o(STACK) refers (Special) to heapauxi.o(.text) for __use_two_region_memory
    startup_stm32g431xx.o(HEAP) refers (Special) to heapauxi.o(.text) for __use_two_region_memory
    startup_stm32g431xx.o(RESET) refers (Special) to heapauxi.o(.text) for __use_two_region_memory
    startup_stm32g431xx.o(RESET) refers to startup_stm32g431xx.o(STACK) for __initial_sp
    startup_stm32g431xx.o(RESET) refers to startup_stm32g431xx.o(.text) for Reset_Handler
    startup_stm32g431xx.o(RESET) refers to stm32g4xx_it.o(i.NMI_Handler) for NMI_Handler
    startup_stm32g431xx.o(RESET) refers to stm32g4xx_it.o(i.HardFault_Handler) for HardFault_Handler
    startup_stm32g431xx.o(RESET) refers to stm32g4xx_it.o(i.MemManage_Handler) for MemManage_Handler
    startup_stm32g431xx.o(RESET) refers to stm32g4xx_it.o(i.BusFault_Handler) for BusFault_Handler
    startup_stm32g431xx.o(RESET) refers to stm32g4xx_it.o(i.UsageFault_Handler) for UsageFault_Handler
    startup_stm32g431xx.o(RESET) refers to stm32g4xx_it.o(i.SVC_Handler) for SVC_Handler
    startup_stm32g431xx.o(RESET) refers to stm32g4xx_it.o(i.DebugMon_Handler) for DebugMon_Handler
    startup_stm32g431xx.o(RESET) refers to stm32g4xx_it.o(i.PendSV_Handler) for PendSV_Handler
    startup_stm32g431xx.o(RESET) refers to stm32g4xx_it.o(i.SysTick_Handler) for SysTick_Handler
    startup_stm32g431xx.o(RESET) refers to stm32g4xx_it.o(i.ADC1_2_IRQHandler) for ADC1_2_IRQHandler
    startup_stm32g431xx.o(RESET) refers to stm32g4xx_it.o(i.USB_LP_IRQHandler) for USB_LP_IRQHandler
    startup_stm32g431xx.o(.text) refers (Special) to heapauxi.o(.text) for __use_two_region_memory
    startup_stm32g431xx.o(.text) refers to system_stm32g4xx.o(i.SystemInit) for SystemInit
    startup_stm32g431xx.o(.text) refers to __main.o(!!!main) for __main
    startup_stm32g431xx.o(.text) refers to startup_stm32g431xx.o(HEAP) for Heap_Mem
    startup_stm32g431xx.o(.text) refers to startup_stm32g431xx.o(STACK) for Stack_Mem
    main.o(i.LL_TIM_OC_DisableFast) refers to main.o(.constdata) for .constdata
    main.o(i.LL_TIM_OC_EnablePreload) refers to main.o(.constdata) for .constdata
    main.o(i.MX_ADC1_Init) refers to rt_memclr_w.o(.text) for __aeabi_memclr4
    main.o(i.MX_ADC1_Init) refers to main.o(i.LL_RCC_SetADCClockSource) for LL_RCC_SetADCClockSource
    main.o(i.MX_ADC1_Init) refers to main.o(i.LL_AHB2_GRP1_EnableClock) for LL_AHB2_GRP1_EnableClock
    main.o(i.MX_ADC1_Init) refers to stm32g4xx_ll_gpio.o(i.LL_GPIO_Init) for LL_GPIO_Init
    main.o(i.MX_ADC1_Init) refers to main.o(i.NVIC_EncodePriority) for NVIC_EncodePriority
    main.o(i.MX_ADC1_Init) refers to main.o(i.__NVIC_SetPriority) for __NVIC_SetPriority
    main.o(i.MX_ADC1_Init) refers to main.o(i.__NVIC_EnableIRQ) for __NVIC_EnableIRQ
    main.o(i.MX_ADC1_Init) refers to stm32g4xx_ll_adc.o(i.LL_ADC_Init) for LL_ADC_Init
    main.o(i.MX_ADC1_Init) refers to stm32g4xx_ll_adc.o(i.LL_ADC_REG_Init) for LL_ADC_REG_Init
    main.o(i.MX_ADC1_Init) refers to main.o(i.LL_ADC_SetGainCompensation) for LL_ADC_SetGainCompensation
    main.o(i.MX_ADC1_Init) refers to stm32g4xx_ll_adc.o(i.LL_ADC_CommonInit) for LL_ADC_CommonInit
    main.o(i.MX_ADC1_Init) refers to stm32g4xx_ll_adc.o(i.LL_ADC_INJ_Init) for LL_ADC_INJ_Init
    main.o(i.MX_ADC1_Init) refers to main.o(i.LL_ADC_REG_SetSequencerRanks) for LL_ADC_REG_SetSequencerRanks
    main.o(i.MX_ADC1_Init) refers to main.o(i.LL_ADC_SetChannelSamplingTime) for LL_ADC_SetChannelSamplingTime
    main.o(i.MX_ADC1_Init) refers to main.o(i.LL_ADC_SetChannelSingleDiff) for LL_ADC_SetChannelSingleDiff
    main.o(i.MX_ADC1_Init) refers to main.o(i.LL_ADC_INJ_SetSequencerRanks) for LL_ADC_INJ_SetSequencerRanks
    main.o(i.MX_ADC1_Init) refers to system_stm32g4xx.o(.data) for SystemCoreClock
    main.o(i.MX_ADC2_Init) refers to rt_memclr_w.o(.text) for __aeabi_memclr4
    main.o(i.MX_ADC2_Init) refers to main.o(i.LL_RCC_SetADCClockSource) for LL_RCC_SetADCClockSource
    main.o(i.MX_ADC2_Init) refers to main.o(i.LL_AHB2_GRP1_EnableClock) for LL_AHB2_GRP1_EnableClock
    main.o(i.MX_ADC2_Init) refers to stm32g4xx_ll_gpio.o(i.LL_GPIO_Init) for LL_GPIO_Init
    main.o(i.MX_ADC2_Init) refers to main.o(i.NVIC_EncodePriority) for NVIC_EncodePriority
    main.o(i.MX_ADC2_Init) refers to main.o(i.__NVIC_SetPriority) for __NVIC_SetPriority
    main.o(i.MX_ADC2_Init) refers to main.o(i.__NVIC_EnableIRQ) for __NVIC_EnableIRQ
    main.o(i.MX_ADC2_Init) refers to stm32g4xx_ll_adc.o(i.LL_ADC_Init) for LL_ADC_Init
    main.o(i.MX_ADC2_Init) refers to stm32g4xx_ll_adc.o(i.LL_ADC_REG_Init) for LL_ADC_REG_Init
    main.o(i.MX_ADC2_Init) refers to main.o(i.LL_ADC_SetGainCompensation) for LL_ADC_SetGainCompensation
    main.o(i.MX_ADC2_Init) refers to stm32g4xx_ll_adc.o(i.LL_ADC_INJ_Init) for LL_ADC_INJ_Init
[...]
    i.USBD_CDC_SetRxBuffer                   0x08002abc   Section        0  usbd_cdc.o(i.USBD_CDC_SetRxBuffer)
    i.USBD_CDC_SetTxBuffer                   0x08002ace   Section        0  usbd_cdc.o(i.USBD_CDC_SetTxBuffer)
    i.USBD_CDC_Setup                         0x08002ae4   Section        0  usbd_cdc.o(i.USBD_CDC_Setup)
    USBD_CDC_Setup                           0x08002ae5   Thumb Code   190  usbd_cdc.o(i.USBD_CDC_Setup)
    i.USBD_CDC_TransmitPacket                0x08002ba2   Section        0  usbd_cdc.o(i.USBD_CDC_TransmitPacket)
    i.USBD_ClrClassConfig                    0x08002bd8   Section        0  usbd_core.o(i.USBD_ClrClassConfig)
    i.USBD_CtlContinueRx                     0x08002be8   Section        0  usbd_ioreq.o(i.USBD_CtlContinueRx)
    i.USBD_CtlContinueSendData               0x08002bf8   Section        0  usbd_ioreq.o(i.USBD_CtlContinueSendData)
    i.USBD_CtlError                          0x08002c08   Section        0  usbd_ctlreq.o(i.USBD_CtlError)
    i.USBD_CtlPrepareRx                      0x08002c1e   Section        0  usbd_ioreq.o(i.USBD_CtlPrepareRx)
    i.USBD_CtlReceiveStatus                  0x08002c3c   Section        0  usbd_ioreq.o(i.USBD_CtlReceiveStatus)
    i.USBD_CtlSendData                       0x08002c52   Section        0  usbd_ioreq.o(i.USBD_CtlSendData)
    i.USBD_CtlSendStatus                     0x08002c6c   Section        0  usbd_ioreq.o(i.USBD_CtlSendStatus)
    i.USBD_GetDescriptor                     0x08002c82   Section        0  usbd_ctlreq.o(i.USBD_GetDescriptor)
    USBD_GetDescriptor                       0x08002c83   Thumb Code   250  usbd_ctlreq.o(i.USBD_GetDescriptor)
    i.USBD_GetString                         0x08002d7c   Section        0  usbd_ctlreq.o(i.USBD_GetString)
    i.USBD_Get_USB_Status                    0x08002dc4   Section        0  usbd_conf.o(i.USBD_Get_USB_Status)
    USBD_Get_USB_Status                      0x08002dc5   Thumb Code    24  usbd_conf.o(i.USBD_Get_USB_Status)
    i.USBD_Init                              0x08002ddc   Section        0  usbd_core.o(i.USBD_Init)
    i.USBD_LL_ClearStallEP                   0x08002e02   Section        0  usbd_conf.o(i.USBD_LL_ClearStallEP)
    i.USBD_LL_CloseEP                        0x08002e14   Section        0  usbd_conf.o(i.USBD_LL_CloseEP)
    i.USBD_LL_DataInStage                    0x08002e26   Section        0  usbd_core.o(i.USBD_LL_DataInStage)
    i.USBD_LL_DataOutStage                   0x08002ece   Section        0  usbd_core.o(i.USBD_LL_DataOutStage)
    i.USBD_LL_GetRxDataSize                  0x08002f3a   Section        0  usbd_conf.o(i.USBD_LL_GetRxDataSize)
    i.USBD_LL_Init                           0x08002f44   Section        0  usbd_conf.o(i.USBD_LL_Init)
    i.USBD_LL_IsStallEP                      0x08002fc8   Section        0  usbd_conf.o(i.USBD_LL_IsStallEP)
    i.USBD_LL_OpenEP                         0x08002fe6   Section        0  usbd_conf.o(i.USBD_LL_OpenEP)
    i.USBD_LL_PrepareReceive                 0x08002ffe   Section        0  usbd_conf.o(i.USBD_LL_PrepareReceive)
    i.USBD_LL_Reset                          0x08003010   Section        0  usbd_core.o(i.USBD_LL_Reset)
    i.USBD_LL_Resume                         0x0800306a   Section        0  usbd_core.o(i.USBD_LL_Resume)
    i.USBD_LL_SOF                            0x0800307e   Section        0  usbd_core.o(i.USBD_LL_SOF)
    i.USBD_LL_SetSpeed                       0x0800309e   Section        0  usbd_core.o(i.USBD_LL_SetSpeed)
    i.USBD_LL_SetUSBAddress                  0x080030a4   Section        0  usbd_conf.o(i.USBD_LL_SetUSBAddress)
    i.USBD_LL_SetupStage                     0x080030b6   Section        0  usbd_core.o(i.USBD_LL_SetupStage)
    i.USBD_LL_StallEP                        0x08003116   Section        0  usbd_conf.o(i.USBD_LL_StallEP)
    i.USBD_LL_Start                          0x08003128   Section        0  usbd_conf.o(i.USBD_LL_Start)
    i.USBD_LL_Suspend                        0x0800313a   Section        0  usbd_core.o(i.USBD_LL_Suspend)
    i.USBD_LL_Transmit                       0x0800314c   Section        0  usbd_conf.o(i.USBD_LL_Transmit)
    i.USBD_ParseSetupRequest                 0x0800315e   Section        0  usbd_ctlreq.o(i.USBD_ParseSetupRequest)
    i.USBD_RegisterClass                     0x0800318a   Section        0  usbd_core.o(i.USBD_RegisterClass)
    i.USBD_SetClassConfig                    0x080031ae   Section        0  usbd_core.o(i.USBD_SetClassConfig)
    i.USBD_SetConfig                         0x080031c4   Section        0  usbd_ctlreq.o(i.USBD_SetConfig)
    USBD_SetConfig                           0x080031c5   Thumb Code   182  usbd_ctlreq.o(i.USBD_SetConfig)
    i.USBD_Start                             0x08003280   Section        0  usbd_core.o(i.USBD_Start)
    i.USBD_StdDevReq                         0x08003284   Section        0  usbd_ctlreq.o(i.USBD_StdDevReq)
    i.USBD_StdEPReq                          0x08003398   Section        0  usbd_ctlreq.o(i.USBD_StdEPReq)
    i.USBD_StdItfReq                         0x080034d8   Section        0  usbd_ctlreq.o(i.USBD_StdItfReq)
    i.USBD_static_free                       0x0800352a   Section        0  usbd_conf.o(i.USBD_static_free)
    i.USBD_static_malloc                     0x0800352c   Section        0  usbd_conf.o(i.USBD_static_malloc)
    i.USB_ActivateEndpoint                   0x08003534   Section        0  stm32g4xx_ll_usb.o(i.USB_ActivateEndpoint)
    i.USB_DeactivateEndpoint                 0x080037d0   Section        0  stm32g4xx_ll_usb.o(i.USB_DeactivateEndpoint)
    i.USB_DevConnect                         0x080038de   Section        0  stm32g4xx_ll_usb.o(i.USB_DevConnect)
    i.USB_DevInit                            0x080038ec   Section        0  stm32g4xx_ll_usb.o(i.USB_DevInit)
    i.USB_DisableGlobalInt                   0x080038fe   Section        0  stm32g4xx_ll_usb.o(i.USB_DisableGlobalInt)
    i.USB_EPClearStall                       0x0800390e   Section        0  stm32g4xx_ll_usb.o(i.USB_EPClearStall)
    i.USB_EPSetStall                         0x08003986   Section        0  stm32g4xx_ll_usb.o(i.USB_EPSetStall)
    i.USB_EPStartXfer                        0x080039b8   Section        0  stm32g4xx_ll_usb.o(i.USB_EPStartXfer)
    i.USB_EnableGlobalInt                    0x08003e9a   Section        0  stm32g4xx_ll_usb.o(i.USB_EnableGlobalInt)
    i.USB_LP_IRQHandler                      0x08003eac   Section        0  stm32g4xx_it.o(i.USB_LP_IRQHandler)
    i.USB_ReadInterrupts                     0x08003eb8   Section        0  stm32g4xx_ll_usb.o(i.USB_ReadInterrupts)
    i.USB_ReadPMA                            0x08003ebe   Section        0  stm32g4xx_ll_usb.o(i.USB_ReadPMA)
    i.USB_SetDevAddress                      0x08003ee6   Section        0  stm32g4xx_ll_usb.o(i.USB_SetDevAddress)
    i.USB_WritePMA                           0x08003ef4   Section        0  stm32g4xx_ll_usb.o(i.USB_WritePMA)
    i.UsageFault_Handler                     0x08003f1a   Section        0  stm32g4xx_it.o(i.UsageFault_Handler)
    i.__NVIC_EnableIRQ                       0x08003f1c   Section        0  main.o(i.__NVIC_EnableIRQ)
    __NVIC_EnableIRQ                         0x08003f1d   Thumb Code    26  main.o(i.__NVIC_EnableIRQ)
    i.__NVIC_SetPriority                     0x08003f36   Section        0  main.o(i.__NVIC_SetPriority)
    __NVIC_SetPriority                       0x08003f37   Thumb Code    32  main.o(i.__NVIC_SetPriority)
    i.__NVIC_SetPriority                     0x08003f56   Section        0  stm32g4xx_hal_cortex.o(i.__NVIC_SetPriority)
    __NVIC_SetPriority                       0x08003f57   Thumb Code    32  stm32g4xx_hal_cortex.o(i.__NVIC_SetPriority)
    i.bldcSensorlessEstSpeed                 0x08003f76   Section        0  bldcsensorless.o(i.bldcSensorlessEstSpeed)
    i.bldc_BEMF_Get_U                        0x08003fb8   Section        0  bldcinterface.o(i.bldc_BEMF_Get_U)
    i.bldc_BEMF_Get_V                        0x08004004   Section        0  bldcinterface.o(i.bldc_BEMF_Get_V)
    i.bldc_BEMF_Get_W                        0x08004050   Section        0  bldcinterface.o(i.bldc_BEMF_Get_W)
    i.bldc_DetermineButtonStatus             0x0800409c   Section        0  bldctask.o(i.bldc_DetermineButtonStatus)
    i.bldc_GetBusCurrentAndSetNextSamplingPosition 0x080040b8   Section        0  bldcinterface.o(i.bldc_GetBusCurrentAndSetNextSamplingPosition)
    i.bldc_GetBusVoltage                     0x0800410c   Section        0  bldcinterface.o(i.bldc_GetBusVoltage)
    i.bldc_GetButtonStatus                   0x0800415c   Section        0  bldcinterface.o(i.bldc_GetButtonStatus)
    i.bldc_GetDriverTemp                     0x0800418c   Section        0  bldcinterface.o(i.bldc_GetDriverTemp)
    i.bldc_HighFrequencyTask                 0x0800426c   Section        0  bldctask.o(i.bldc_HighFrequencyTask)
    i.bldc_HighFrequencyTaskCallBack         0x08004434   Section        0  bldcinterface.o(i.bldc_HighFrequencyTaskCallBack)
    i.bldc_LowFrequencyTaskCallBack          0x0800449c   Section        0  bldcinterface.o(i.bldc_LowFrequencyTaskCallBack)
    i.bldc_PWM_LowSides_OFF_OFF_ON           0x08004578   Section        0  bldcinterface.o(i.bldc_PWM_LowSides_OFF_OFF_ON)
    i.bldc_PWM_LowSides_OFF_ON_OFF           0x08004594   Section        0  bldcinterface.o(i.bldc_PWM_LowSides_OFF_ON_OFF)
    i.bldc_PWM_LowSides_ON_OFF_OFF           0x080045b0   Section        0  bldcinterface.o(i.bldc_PWM_LowSides_ON_OFF_OFF)
    i.bldc_SafetyTask                        0x080045cc   Section        0  bldctask.o(i.bldc_SafetyTask)
    i.bldc_StartPWM_AllChannel_HighSides     0x0800478c   Section        0  bldcinterface.o(i.bldc_StartPWM_AllChannel_HighSides)
    i.bldc_StartPWM_UH_VL_GetWF              0x080047d0   Section        0  bldcinterface.o(i.bldc_StartPWM_UH_VL_GetWF)
    i.bldc_StartPWM_UH_WL_GetVF              0x080047ec   Section        0  bldcinterface.o(i.bldc_StartPWM_UH_WL_GetVF)
    i.bldc_StartPWM_VH_UL_GetWF              0x08004808   Section        0  bldcinterface.o(i.bldc_StartPWM_VH_UL_GetWF)
    i.bldc_StartPWM_VH_WL_GetUF              0x08004824   Section        0  bldcinterface.o(i.bldc_StartPWM_VH_WL_GetUF)
    i.bldc_StartPWM_WH_UL_GetVF              0x08004840   Section        0  bldcinterface.o(i.bldc_StartPWM_WH_UL_GetVF)
    i.bldc_StartPWM_WH_VL_GetUF              0x0800485c   Section        0  bldcinterface.o(i.bldc_StartPWM_WH_VL_GetUF)
    i.bldc_StopPWM_AllChannel_HighSides      0x08004878   Section        0  bldcinterface.o(i.bldc_StopPWM_AllChannel_HighSides)
    i.bldc_SysReset                          0x080048bc   Section        0  bldctask.o(i.bldc_SysReset)
    i.excuteUserCMD                          0x080048f4   Section        0  bldcsensorless.o(i.excuteUserCMD)
    i.getTargetRotationFrequency             0x08004970   Section        0  bldcsensorless.o(i.getTargetRotationFrequency)
    i.main                                   0x08004990   Section        0  main.o(i.main)
    i.setTargetAngularSpeed                  0x08004ad8   Section        0  bldcsensorless.o(i.setTargetAngularSpeed)
    i.setTargetRotationFrequency             0x08004ae4   Section        0  bldcsensorless.o(i.setTargetRotationFrequency)
    i.setTargetRotationFrequencyWithACC      0x08004b04   Section        0  bldcsensorless.o(i.setTargetRotationFrequencyWithACC)
    i.speedPIController                      0x08004b48   Section        0  bldcsensorless.o(i.speedPIController)
    x$fpl$fpinit                             0x08004bc4   Section       10  fpinit.o(x$fpl$fpinit)
    $v0                                      0x08004bc4   Number         0  fpinit.o(x$fpl$fpinit)
    .constdata                               0x08004bce   Section       20  main.o(.constdata)
    OFFSET_TAB_CCMRx                         0x08004bce   Data          10  main.o(.constdata)
    SHIFT_TAB_OCxx                           0x08004bd8   Data          10  main.o(.constdata)
    .constdata                               0x08004be4   Section      428  bldcinterface.o(.constdata)
    .data                                    0x20000000   Section       12  stm32g4xx_hal.o(.data)
    .data                                    0x2000000c   Section        4  system_stm32g4xx.o(.data)
    .data                                    0x20000010   Section       32  usbd_desc.o(.data)
    .data                                    0x20000030   Section       50  usbd_desc.o(.data)
    .data                                    0x20000064   Section       20  usbd_cdc_if.o(.data)
    .data                                    0x20000078   Section        1  usbd_ctlreq.o(.data)
    cfgidx                                   0x20000078   Data           1  usbd_ctlreq.o(.data)
    .data                                    0x2000007c   Section      215  usbd_cdc.o(.data)
    USBD_CDC_DeviceQualifierDesc             0x2000007c   Data          10  usbd_cdc.o(.data)
    USBD_CDC_CfgHSDesc                       0x20000088   Data          67  usbd_cdc.o(.data)
    USBD_CDC_CfgFSDesc                       0x200000cc   Data          67  usbd_cdc.o(.data)
    USBD_CDC_OtherSpeedCfgDesc               0x20000110   Data          67  usbd_cdc.o(.data)
    .data                                    0x20000154   Section       56  usbd_cdc.o(.data)
    .data                                    0x2000018c   Section        8  bldcinterface.o(.data)
    keyCnt                                   0x2000018c   Data           2  bldcinterface.o(.data)
    index                                    0x2000018e   Data           2  bldcinterface.o(.data)
    tmp                                      0x20000190   Data           4  bldcinterface.o(.data)
    .data                                    0x20000194   Section       24  bldcinterface.o(.data)
    .data                                    0x200001ac   Section       24  bldcinterface.o(.data)
    .data                                    0x200001c4   Section       48  bldcsensorless.o(.data)
    time                                     0x200001c4   Data           4  bldcsensorless.o(.data)
    .data                                    0x200001f8   Section       72  bldctask.o(.data)
    lastButtonStatus                         0x200001f8   Data           1  bldctask.o(.data)
    tmp                                      0x200001fc   Data           4  bldctask.o(.data)
    timeCost                                 0x20000200   Data           4  bldctask.o(.data)
    .bss                                     0x20000240   Section     1276  usbd_conf.o(.bss)
    mem                                      0x20000240   Data         544  usbd_conf.o(.bss)
    .bss                                     0x2000073c   Section      720  usb_device.o(.bss)
    .bss                                     0x20000a0c   Section      512  usbd_desc.o(.bss)
    .bss                                     0x20000c0c   Section     2000  usbd_cdc_if.o(.bss)
    .bss                                     0x200013dc   Section       56  bldctask.o(.bss)
    busFilter                                0x200013ec   Data          40  bldctask.o(.bss)
    .bss                                     0x20001414   Section       96  libspace.o(.bss)
    HEAP                                     0x20001478   Section      512  startup_stm32g431xx.o(HEAP)
    Heap_Mem                                 0x20001478   Data         512  startup_stm32g431xx.o(HEAP)
    STACK                                    0x20001678   Section     1024  startup_stm32g431xx.o(STACK)
    Stack_Mem                                0x20001678   Data        1024  startup_stm32g431xx.o(STACK)
    __initial_sp                             0x20001a78   Data           0  startup_stm32g431xx.o(STACK)

    Global Symbols

    Symbol Name                              Value     Ov Type        Size  Object(Section)

    BuildAttributes$$THM_ISAv4$E$P$D$K$B$S$7EM$VFPi3$EXTD16$VFPS$VFMA$PE$A:L22UL41UL21$X:L11$S22US41US21$IEEE1$IW$USESV6$~STKCKD$USESV7$~SHL$OSPACE$ROPI$EBA8$UX$STANDARDLIB$REQ8$PRES8$EABIv2 0x00000000   Number         0  anon$$obj.o ABSOLUTE
    __ARM_use_no_argv                        0x00000000   Number         0  main.o ABSOLUTE
    __ARM_exceptions_init                     - Undefined Weak Reference
    __alloca_initialize                       - Undefined Weak Reference
    __arm_fini_                               - Undefined Weak Reference
    __arm_preinit_                            - Undefined Weak Reference
    __cpp_initialize__aeabi_                  - Undefined Weak Reference
    __cxa_finalize                            - Undefined Weak Reference
    __rt_locale                               - Undefined Weak Reference
    __sigvec_lookup                           - Undefined Weak Reference
    _atexit_init                              - Undefined Weak Reference
    _call_atexit_fns                          - Undefined Weak Reference
    _clock_init                               - Undefined Weak Reference
    _fp_trap_init                             - Undefined Weak Reference
    _fp_trap_shutdown                         - Undefined Weak Reference
    _get_lc_collate                           - Undefined Weak Reference
    _get_lc_ctype                             - Undefined Weak Reference
    _get_lc_monetary                          - Undefined Weak Reference
    _get_lc_numeric                           - Undefined Weak Reference
    _get_lc_time                              - Undefined Weak Reference
    _getenv_init                              - Undefined Weak Reference
    _handle_redirection                       - Undefined Weak Reference
    _init_alloc                               - Undefined Weak Reference
    _init_user_alloc                          - Undefined Weak Reference
    _initio                                   - Undefined Weak Reference
    _rand_init                                - Undefined Weak Reference
    _signal_finish                            - Undefined Weak Reference
    _signal_init                              - Undefined Weak Reference
    _terminate_alloc                          - Undefined Weak Reference
    _terminate_user_alloc                     - Undefined Weak Reference
    _terminateio                              - Undefined Weak Reference
    __Vectors_Size                           0x000001d8   Number         0  startup_stm32g431xx.o ABSOLUTE
    __Vectors                                0x08000000   Data           4  startup_stm32g431xx.o(RESET)
    __Vectors_End                            0x080001d8   Data           0  startup_stm32g431xx.o(RESET)
    __main                                   0x080001d9   Thumb Code     8  __main.o(!!!main)
    __scatterload                            0x080001e1   Thumb Code     0  __scatter.o(!!!scatter)
    __scatterload_rt2                        0x080001e1   Thumb Code    44  __scatter.o(!!!scatter)
    __scatterload_rt2_thumb_only             0x080001e1   Thumb Code     0  __scatter.o(!!!scatter)
    __scatterload_null                       0x080001ef   Thumb Code     0  __scatter.o(!!!scatter)
    __decompress                             0x08000215   Thumb Code    90  __dczerorl2.o(!!dczerorl2)
    __decompress1                            0x08000215   Thumb Code     0  __dczerorl2.o(!!dczerorl2)
    __scatterload_zeroinit                   0x08000271   Thumb Code    28  __scatter_zi.o(!!handler_zi)
    __rt_lib_init                            0x0800028d   Thumb Code     0  libinit.o(.ARM.Collect$$libinit$$00000000)
    __rt_lib_init_fp_1                       0x0800028f   Thumb Code     0  libinit2.o(.ARM.Collect$$libinit$$00000001)
    __rt_lib_init_alloca_1                   0x08000293   Thumb Code     0  libinit2.o(.ARM.Collect$$libinit$$0000002E)
    __rt_lib_init_argv_1                     0x08000293   Thumb Code     0  libinit2.o(.ARM.Collect$$libinit$$0000002C)
    __rt_lib_init_atexit_1                   0x08000293   Thumb Code     0  libinit2.o(.ARM.Collect$$libinit$$0000001B)
    __rt_lib_init_clock_1                    0x08000293   Thumb Code     0  libinit2.o(.ARM.Collect$$libinit$$00000021)
    __rt_lib_init_cpp_1                      0x08000293   Thumb Code     0  libinit2.o(.ARM.Collect$$libinit$$00000032)
    __rt_lib_init_exceptions_1               0x08000293   Thumb Code     0  libinit2.o(.ARM.Collect$$libinit$$00000030)
    __rt_lib_init_fp_trap_1                  0x08000293   Thumb Code     0  libinit2.o(.ARM.Collect$$libinit$$0000001F)
    __rt_lib_init_getenv_1                   0x08000293   Thumb Code     0  libinit2.o(.ARM.Collect$$libinit$$00000023)
    __rt_lib_init_heap_1                     0x08000293   Thumb Code     0  libinit2.o(.ARM.Collect$$libinit$$0000000A)
    __rt_lib_init_lc_collate_1               0x08000293   Thumb Code     0  libinit2.o(.ARM.Collect$$libinit$$00000011)
    __rt_lib_init_lc_ctype_1                 0x08000293   Thumb Code     0  libinit2.o(.ARM.Collect$$libinit$$00000013)
    __rt_lib_init_lc_monetary_1              0x08000293   Thumb Code     0  libinit2.o(.ARM.Collect$$libinit$$00000015)
    __rt_lib_init_lc_numeric_1               0x08000293   Thumb Code     0  libinit2.o(.ARM.Collect$$libinit$$00000017)
    __rt_lib_init_lc_time_1                  0x08000293   Thumb Code     0  libinit2.o(.ARM.Collect$$libinit$$00000019)
    __rt_lib_init_preinit_1                  0x08000293   Thumb Code     0  libinit2.o(.ARM.Collect$$libinit$$00000004)
    __rt_lib_init_rand_1                     0x08000293   Thumb Code     0  libinit2.o(.ARM.Collect$$libinit$$0000000E)
    __rt_lib_init_return                     0x08000293   Thumb Code     0  libinit2.o(.ARM.Collect$$libinit$$00000033)
    __rt_lib_init_signal_1                   0x08000293   Thumb Code     0  libinit2.o(.ARM.Collect$$libinit$$0000001D)
    __rt_lib_init_stdio_1                    0x08000293   Thumb Code     0  libinit2.o(.ARM.Collect$$libinit$$00000025)
    __rt_lib_init_user_alloc_1               0x08000293   Thumb Code     0  libinit2.o(.ARM.Collect$$libinit$$0000000C)
    __rt_lib_shutdown                        0x08000295   Thumb Code     0  libshutdown.o(.ARM.Collect$$libshutdown$$00000000)
    __rt_lib_shutdown_cpp_1                  0x08000297   Thumb Code     0  libshutdown2.o(.ARM.Collect$$libshutdown$$00000004)
    __rt_lib_shutdown_fini_1                 0x08000297   Thumb Code     0  libshutdown2.o(.ARM.Collect$$libshutdown$$00000002)
    __rt_lib_shutdown_fp_trap_1              0x08000297   Thumb Code     0  libshutdown2.o(.ARM.Collect$$libshutdown$$00000009)
    __rt_lib_shutdown_heap_1                 0x08000297   Thumb Code     0  libshutdown2.o(.ARM.Collect$$libshutdown$$00000011)
    __rt_lib_shutdown_return                 0x08000297   Thumb Code     0  libshutdown2.o(.ARM.Collect$$libshutdown$$00000012)
    __rt_lib_shutdown_signal_1               0x08000297   Thumb Code     0  libshutdown2.o(.ARM.Collect$$libshutdown$$0000000C)
    __rt_lib_shutdown_stdio_1                0x08000297   Thumb Code     0  libshutdown2.o(.ARM.Collect$$libshutdown$$00000006)
    __rt_lib_shutdown_user_alloc_1           0x08000297   Thumb Code     0  libshutdown2.o(.ARM.Collect$$libshutdown$$0000000E)
    __rt_entry                               0x08000299   Thumb Code     0  __rtentry.o(.ARM.Collect$$rtentry$$00000000)
    __rt_entry_presh_1                       0x08000299   Thumb Code     0  __rtentry2.o(.ARM.Collect$$rtentry$$00000002)
    __rt_entry_sh                            0x08000299   Thumb Code     0  __rtentry4.o(.ARM.Collect$$rtentry$$00000004)
    __rt_entry_li                            0x0800029f   Thumb Code     0  __rtentry2.o(.ARM.Collect$$rtentry$$0000000A)
    __rt_entry_postsh_1                      0x0800029f   Thumb Code     0  __rtentry2.o(.ARM.Collect$$rtentry$$00000009)
    __rt_entry_main                          0x080002a3   Thumb Code     0  __rtentry2.o(.ARM.Collect$$rtentry$$0000000D)
    __rt_entry_postli_1                      0x080002a3   Thumb Code     0  __rtentry2.o(.ARM.Collect$$rtentry$$0000000C)
    __rt_exit                                0x080002ab   Thumb Code     0  rtexit.o(.ARM.Collect$$rtexit$$00000000)
    __rt_exit_ls                             0x080002ad   Thumb Code     0  rtexit2.o(.ARM.Collect$$rtexit$$00000003)
    __rt_exit_prels_1                        0x080002ad   Thumb Code     0  rtexit2.o(.ARM.Collect$$rtexit$$00000002)
    __rt_exit_exit                           0x080002b1   Thumb Code     0  rtexit2.o(.ARM.Collect$$rtexit$$00000004)
    Reset_Handler                            0x080002b9   Thumb Code     8  startup_stm32g431xx.o(.text)
    COMP1_2_3_IRQHandler                     0x080002d3   Thumb Code     0  startup_stm32g431xx.o(.text)
    COMP4_IRQHandler                         0x080002d3   Thumb Code     0  startup_stm32g431xx.o(.text)
    CORDIC_IRQHandler                        0x080002d3   Thumb Code     0  startup_stm32g431xx.o(.text)
    CRS_IRQHandler                           0x080002d3   Thumb Code     0  startup_stm32g431xx.o(.text)
    DMA1_Channel1_IRQHandler                 0x080002d3   Thumb Code     0  startup_stm32g431xx.o(.text)
    DMA1_Channel2_IRQHandler                 0x080002d3   Thumb Code     0  startup_stm32g431xx.o(.text)
    DMA1_Channel3_IRQHandler                 0x080002d3   Thumb Code     0  startup_stm32g431xx.o(.text)
    DMA1_Channel4_IRQHandler                 0x080002d3   Thumb Code     0  startup_stm32g431xx.o(.text)
    DMA1_Channel5_IRQHandler                 0x080002d3   Thumb Code     0  startup_stm32g431xx.o(.text)
    DMA1_Channel6_IRQHandler                 0x080002d3   Thumb Code     0  startup_stm32g431xx.o(.text)
    DMA2_Channel1_IRQHandler                 0x080002d3   Thumb Code     0  startup_stm32g431xx.o(.text)
    DMA2_Channel2_IRQHandler                 0x080002d3   Thumb Code     0  startup_stm32g431xx.o(.text)
    DMA2_Channel3_IRQHandler                 0x080002d3   Thumb Code     0  startup_stm32g431xx.o(.text)
    DMA2_Channel4_IRQHandler                 0x080002d3   Thumb Code     0  startup_stm32g431xx.o(.text)
    DMA2_Channel5_IRQHandler                 0x080002d3   Thumb Code     0  startup_stm32g431xx.o(.text)
    DMA2_Channel6_IRQHandler                 0x080002d3   Thumb Code     0  startup_stm32g431xx.o(.text)
    DMAMUX_OVR_IRQHandler                    0x080002d3   Thumb Code     0  startup_stm32g431xx.o(.text)
    EXTI0_IRQHandler                         0x080002d3   Thumb Code     0  startup_stm32g431xx.o(.text)
    EXTI15_10_IRQHandler                     0x080002d3   Thumb Code     0  startup_stm32g431xx.o(.text)
    EXTI1_IRQHandler                         0x080002d3   Thumb Code     0  startup_stm32g431xx.o(.text)
    EXTI2_IRQHandler                         0x080002d3   Thumb Code     0  startup_stm32g431xx.o(.text)
    EXTI3_IRQHandler                         0x080002d3   Thumb Code     0  startup_stm32g431xx.o(.text)
    EXTI4_IRQHandler                         0x080002d3   Thumb Code     0  startup_stm32g431xx.o(.text)
    EXTI9_5_IRQHandler                       0x080002d3   Thumb Code     0  startup_stm32g431xx.o(.text)
    FDCAN1_IT0_IRQHandler                    0x080002d3   Thumb Code     0  startup_stm32g431xx.o(.text)
    FDCAN1_IT1_IRQHandler                    0x080002d3   Thumb Code     0  startup_stm32g431xx.o(.text)
    FLASH_IRQHandler                         0x080002d3   Thumb Code     0  startup_stm32g431xx.o(.text)
    FMAC_IRQHandler                          0x080002d3   Thumb Code     0  startup_stm32g431xx.o(.text)
    FPU_IRQHandler                           0x080002d3   Thumb Code     0  startup_stm32g431xx.o(.text)
    I2C1_ER_IRQHandler                       0x080002d3   Thumb Code     0  startup_stm32g431xx.o(.text)
    I2C1_EV_IRQHandler                       0x080002d3   Thumb Code     0  startup_stm32g431xx.o(.text)
    I2C2_ER_IRQHandler                       0x080002d3   Thumb Code     0  startup_stm32g431xx.o(.text)
    I2C2_EV_IRQHandler                       0x080002d3   Thumb Code     0  startup_stm32g431xx.o(.text)
    I2C3_ER_IRQHandler                       0x080002d3   Thumb Code     0  startup_stm32g431xx.o(.text)
    I2C3_EV_IRQHandler                       0x080002d3   Thumb Code     0  startup_stm32g431xx.o(.text)
    LPTIM1_IRQHandler                        0x080002d3   Thumb Code     0  startup_stm32g431xx.o(.text)
    LPUART1_IRQHandler                       0x080002d3   Thumb Code     0  startup_stm32g431xx.o(.text)
    PVD_PVM_IRQHandler                       0x080002d3   Thumb Code     0  startup_stm32g431xx.o(.text)
    RCC_IRQHandler                           0x080002d3   Thumb Code     0  startup_stm32g431xx.o(.text)
    RNG_IRQHandler                           0x080002d3   Thumb Code     0  startup_stm32g431xx.o(.text)
    RTC_Alarm_IRQHandler                     0x080002d3   Thumb Code     0  startup_stm32g431xx.o(.text)
    RTC_TAMP_LSECSS_IRQHandler               0x080002d3   Thumb Code     0  startup_stm32g431xx.o(.text)
    RTC_WKUP_IRQHandler                      0x080002d3   Thumb Code     0  startup_stm32g431xx.o(.text)
    SAI1_IRQHandler                          0x080002d3   Thumb Code     0  startup_stm32g431xx.o(.text)
    SPI1_IRQHandler                          0x080002d3   Thumb Code     0  startup_stm32g431xx.o(.text)
    SPI2_IRQHandler                          0x080002d3   Thumb Code     0  startup_stm32g431xx.o(.text)
    SPI3_IRQHandler                          0x080002d3   Thumb Code     0  startup_stm32g431xx.o(.text)
    TIM1_BRK_TIM15_IRQHandler                0x080002d3   Thumb Code     0  startup_stm32g431xx.o(.text)
    TIM1_CC_IRQHandler                       0x080002d3   Thumb Code     0  startup_stm32g431xx.o(.text)
    TIM1_TRG_COM_TIM17_IRQHandler            0x080002d3   Thumb Code     0  startup_stm32g431xx.o(.text)
    TIM1_UP_TIM16_IRQHandler                 0x080002d3   Thumb Code     0  startup_stm32g431xx.o(.text)
    TIM2_IRQHandler                          0x080002d3   Thumb Code     0  startup_stm32g431xx.o(.text)
    TIM3_IRQHandler                          0x080002d3   Thumb Code     0  startup_stm32g431xx.o(.text)
    TIM4_IRQHandler                          0x080002d3   Thumb Code     0  startup_stm32g431xx.o(.text)
    TIM6_DAC_IRQHandler                      0x080002d3   Thumb Code     0  startup_stm32g431xx.o(.text)
    TIM7_IRQHandler                          0x080002d3   Thumb Code     0  startup_stm32g431xx.o(.text)
    TIM8_BRK_IRQHandler                      0x080002d3   Thumb Code     0  startup_stm32g431xx.o(.text)
    TIM8_CC_IRQHandler                       0x080002d3   Thumb Code     0  startup_stm32g431xx.o(.text)
    TIM8_TRG_COM_IRQHandler                  0x080002d3   Thumb Code     0  startup_stm32g431xx.o(.text)
    TIM8_UP_IRQHandler                       0x080002d3   Thumb Code     0  startup_stm32g431xx.o(.text)
    UART4_IRQHandler                         0x080002d3   Thumb Code     0  startup_stm32g431xx.o(.text)
    UCPD1_IRQHandler                         0x080002d3   Thumb Code     0  startup_stm32g431xx.o(.text)
    USART1_IRQHandler                        0x080002d3   Thumb Code     0  startup_stm32g431xx.o(.text)
    USART2_IRQHandler                        0x080002d3   Thumb Code     0  startup_stm32g431xx.o(.text)
    USART3_IRQHandler                        0x080002d3   Thumb Code     0  startup_stm32g431xx.o(.text)
    USBWakeUp_IRQHandler                     0x080002d3   Thumb Code     0  startup_stm32g431xx.o(.text)
    USB_HP_IRQHandler                        0x080002d3   Thumb Code     0  startup_stm32g431xx.o(.text)
    WWDG_IRQHandler                          0x080002d3   Thumb Code     0  startup_stm32g431xx.o(.text)
    __user_initial_stackheap                 0x080002d5   Thumb Code     0  startup_stm32g431xx.o(.text)
    __aeabi_uldivmod                         0x080002f9   Thumb Code     0  lludivv7m.o(.text)
    _ll_udiv                                 0x080002f9   Thumb Code   238  lludivv7m.o(.text)
    __aeabi_memcpy4                          0x080003e7   Thumb Code     0  rt_memcpy_w.o(.text)
    __aeabi_memcpy8                          0x080003e7   Thumb Code     0  rt_memcpy_w.o(.text)
    __rt_memcpy_w                            0x080003e7   Thumb Code   100  rt_memcpy_w.o(.text)
    _memcpy_lastbytes_aligned                0x0800042f   Thumb Code     0  rt_memcpy_w.o(.text)
    __aeabi_memclr4                          0x0800044b   Thumb Code     0  rt_memclr_w.o(.text)
    __aeabi_memclr8                          0x0800044b   Thumb Code     0  rt_memclr_w.o(.text)
    __rt_memclr_w                            0x0800044b   Thumb Code    78  rt_memclr_w.o(.text)
    _memset_w                                0x0800044f   Thumb Code     0  rt_memclr_w.o(.text)
    __use_two_region_memory                  0x08000499   Thumb Code     2  heapauxi.o(.text)
    __rt_heap_escrow$2region                 0x0800049b   Thumb Code     2  heapauxi.o(.text)
    __rt_heap_expand$2region                 0x0800049d   Thumb Code     2  heapauxi.o(.text)
    __user_setup_stackheap                   0x0800049f   Thumb Code    74  sys_stackheap_outer.o(.text)
    exit                                     0x080004e9   Thumb Code    18  exit.o(.text)
    __user_libspace                          0x080004fd   Thumb Code     8  libspace.o(.text)
    __user_perproc_libspace                  0x080004fd   Thumb Code     0  libspace.o(.text)
    __user_perthread_libspace                0x080004fd   Thumb Code     0  libspace.o(.text)
    _sys_exit                                0x08000505   Thumb Code     8  sys_exit.o(.text)
    __I$use$semihosting                      0x08000511   Thumb Code     0  use_no_semi.o(.text)
    __use_no_semihosting_swi                 0x08000511   Thumb Code     2  use_no_semi.o(.text)
    __semihosting_library_function           0x08000513   Thumb Code     0  indicate_semi.o(.text)
    ADC1_2_IRQHandler                        0x08000515   Thumb Code    38  stm32g4xx_it.o(i.ADC1_2_IRQHandler)
    BusFault_Handler                         0x08000541   Thumb Code     2  stm32g4xx_it.o(i.BusFault_Handler)
    CDC_Transmit_FS                          0x0800058d   Thumb Code    38  usbd_cdc_if.o(i.CDC_Transmit_FS)
    DebugMon_Handler                         0x080005b9   Thumb Code     2  stm32g4xx_it.o(i.DebugMon_Handler)
    Error_Handler                            0x080005bb   Thumb Code     4  main.o(i.Error_Handler)
    HAL_IncTick                              0x080005c1   Thumb Code    12  stm32g4xx_hal.o(i.HAL_IncTick)
    HAL_Init                                 0x080005d1   Thumb Code    30  stm32g4xx_hal.o(i.HAL_Init)
    HAL_InitTick                             0x080005f1   Thumb Code    58  stm32g4xx_hal.o(i.HAL_InitTick)
    HAL_MspInit                              0x08000635   Thumb Code    54  stm32g4xx_hal_msp.o(i.HAL_MspInit)
    HAL_NVIC_EnableIRQ                       0x08000671   Thumb Code    26  stm32g4xx_hal_cortex.o(i.HAL_NVIC_EnableIRQ)
    HAL_NVIC_SetPriority                     0x0800068d   Thumb Code    60  stm32g4xx_hal_cortex.o(i.HAL_NVIC_SetPriority)
    HAL_NVIC_SetPriorityGrouping             0x080006cd   Thumb Code    26  stm32g4xx_hal_cortex.o(i.HAL_NVIC_SetPriorityGrouping)
    HAL_PCDEx_ActivateLPM                    0x080006f1   Thumb Code    36  stm32g4xx_hal_pcd_ex.o(i.HAL_PCDEx_ActivateLPM)
    HAL_PCDEx_LPM_Callback                   0x08000715   Thumb Code    64  usbd_conf.o(i.HAL_PCDEx_LPM_Callback)
    HAL_PCDEx_PMAConfig                      0x08000759   Thumb Code    60  stm32g4xx_hal_pcd_ex.o(i.HAL_PCDEx_PMAConfig)
    HAL_PCD_DataInStageCallback              0x08000795   Thumb Code    18  usbd_conf.o(i.HAL_PCD_DataInStageCallback)
    HAL_PCD_DataOutStageCallback             0x080007a7   Thumb Code    20  usbd_conf.o(i.HAL_PCD_DataOutStageCallback)
    HAL_PCD_EP_Close                         0x080007bb   Thumb Code    74  stm32g4xx_hal_pcd.o(i.HAL_PCD_EP_Close)
    HAL_PCD_EP_ClrStall                      0x08000805   Thumb Code    90  stm32g4xx_hal_pcd.o(i.HAL_PCD_EP_ClrStall)
    HAL_PCD_EP_GetRxCount                    0x08000c7b   Thumb Code    18  stm32g4xx_hal_pcd.o(i.HAL_PCD_EP_GetRxCount)
    HAL_PCD_EP_Open                          0x08000c8d   Thumb Code    88  stm32g4xx_hal_pcd.o(i.HAL_PCD_EP_Open)
    HAL_PCD_EP_Receive                       0x08000ce5   Thumb Code    46  stm32g4xx_hal_pcd.o(i.HAL_PCD_EP_Receive)
    HAL_PCD_EP_SetStall                      0x08000d13   Thumb Code    94  stm32g4xx_hal_pcd.o(i.HAL_PCD_EP_SetStall)
    HAL_PCD_EP_Transmit                      0x08000d71   Thumb Code    46  stm32g4xx_hal_pcd.o(i.HAL_PCD_EP_Transmit)
    HAL_PCD_IRQHandler                       0x08000d9f   Thumb Code   330  stm32g4xx_hal_pcd.o(i.HAL_PCD_IRQHandler)
    HAL_PCD_Init                             0x08000ee9   Thumb Code   156  stm32g4xx_hal_pcd.o(i.HAL_PCD_Init)
    HAL_PCD_MspInit                          0x08000f85   Thumb Code    62  usbd_conf.o(i.HAL_PCD_MspInit)
    HAL_PCD_ResetCallback                    0x08000fcd   Thumb Code    38  usbd_conf.o(i.HAL_PCD_ResetCallback)
    HAL_PCD_ResumeCallback                   0x08000ff5   Thumb Code    34  usbd_conf.o(i.HAL_PCD_ResumeCallback)
    HAL_PCD_SOFCallback                      0x0800101d   Thumb Code     8  usbd_conf.o(i.HAL_PCD_SOFCallback)
    HAL_PCD_SetAddress                       0x08001025   Thumb Code    38  stm32g4xx_hal_pcd.o(i.HAL_PCD_SetAddress)
    HAL_PCD_SetupStageCallback               0x0800104b   Thumb Code    14  usbd_conf.o(i.HAL_PCD_SetupStageCallback)
    HAL_PCD_Start                            0x08001059   Thumb Code    42  stm32g4xx_hal_pcd.o(i.HAL_PCD_Start)
    HAL_PCD_SuspendCallback                  0x08001085   Thumb Code    30  usbd_conf.o(i.HAL_PCD_SuspendCallback)
    HAL_PWREx_DisableUCPDDeadBattery         0x080010a9   Thumb Code    12  stm32g4xx_hal_pwr_ex.o(i.HAL_PWREx_DisableUCPDDeadBattery)
    HAL_SYSCFG_DisableVREFBUF                0x080010b9   Thumb Code    12  stm32g4xx_hal.o(i.HAL_SYSCFG_DisableVREFBUF)
    HAL_SYSCFG_VREFBUF_HighImpedanceConfig   0x080010c9   Thumb Code    14  stm32g4xx_hal.o(i.HAL_SYSCFG_VREFBUF_HighImpedanceConfig)
    HAL_SYSTICK_Config                       0x080010dd   Thumb Code    40  stm32g4xx_hal_cortex.o(i.HAL_SYSTICK_Config)
    HardFault_Handler                        0x08001105   Thumb Code     2  stm32g4xx_it.o(i.HardFault_Handler)
    LL_ADC_CommonInit                        0x08001141   Thumb Code    72  stm32g4xx_ll_adc.o(i.LL_ADC_CommonInit)
    LL_ADC_INJ_Init                          0x08001191   Thumb Code    66  stm32g4xx_ll_adc.o(i.LL_ADC_INJ_Init)
    LL_ADC_Init                              0x08001217   Thumb Code    42  stm32g4xx_ll_adc.o(i.LL_ADC_Init)
    LL_ADC_REG_Init                          0x08001241   Thumb Code    78  stm32g4xx_ll_adc.o(i.LL_ADC_REG_Init)
    LL_COMP_Init                             0x08001345   Thumb Code    46  stm32g4xx_ll_comp.o(i.LL_COMP_Init)
    LL_DAC_Init                              0x08001379   Thumb Code   152  stm32g4xx_ll_dac.o(i.LL_DAC_Init)
    LL_GPIO_Init                             0x08001411   Thumb Code   310  stm32g4xx_ll_gpio.o(i.LL_GPIO_Init)
    LL_SetSystemCoreClock                    0x0800157d   Thumb Code     6  stm32g4xx_ll_utils.o(i.LL_SetSystemCoreClock)
    LL_TIM_BDTR_Init                         0x08001589   Thumb Code   112  stm32g4xx_ll_tim.o(i.LL_TIM_BDTR_Init)
    LL_TIM_Init                              0x08001601   Thumb Code   144  stm32g4xx_ll_tim.o(i.LL_TIM_Init)
    LL_TIM_OC_Init                           0x08001795   Thumb Code   302  stm32g4xx_ll_tim.o(i.LL_TIM_OC_Init)
    MX_USB_Device_Init                       0x08001fb9   Thumb Code    66  usb_device.o(i.MX_USB_Device_Init)
    MedianFilter                             0x0800200d   Thumb Code    74  bldcmath.o(i.MedianFilter)
    MemManage_Handler                        0x0800205d   Thumb Code     2  stm32g4xx_it.o(i.MemManage_Handler)
    NMI_Handler                              0x0800205f   Thumb Code     2  stm32g4xx_it.o(i.NMI_Handler)
    PendSV_Handler                           0x0800269f   Thumb Code     2  stm32g4xx_it.o(i.PendSV_Handler)
    SVC_Handler                              0x080026a1   Thumb Code     2  stm32g4xx_it.o(i.SVC_Handler)
    SysTick_Handler                          0x080026ad   Thumb Code    14  stm32g4xx_it.o(i.SysTick_Handler)
    SystemClock_Config                       0x080026bd   Thumb Code   222  main.o(i.SystemClock_Config)
    SystemInit                               0x080027b9   Thumb Code    12  system_stm32g4xx.o(i.SystemInit)
    USBD_CDC_ConfigStrDescriptor             0x080027c9   Thumb Code    16  usbd_desc.o(i.USBD_CDC_ConfigStrDescriptor)
    USBD_CDC_DeviceDescriptor                0x080028b9   Thumb Code     8  usbd_desc.o(i.USBD_CDC_DeviceDescriptor)
    USBD_CDC_GetDeviceQualifierDescriptor    0x080028f5   Thumb Code     8  usbd_cdc.o(i.USBD_CDC_GetDeviceQualifierDescriptor)
    USBD_CDC_InterfaceStrDescriptor          0x080029c9   Thumb Code    16  usbd_desc.o(i.USBD_CDC_InterfaceStrDescriptor)
    USBD_CDC_LangIDStrDescriptor             0x080029ed   Thumb Code     8  usbd_desc.o(i.USBD_CDC_LangIDStrDescriptor)
    USBD_CDC_ManufacturerStrDescriptor       0x080029f9   Thumb Code    16  usbd_desc.o(i.USBD_CDC_ManufacturerStrDescriptor)
    USBD_CDC_ProductStrDescriptor            0x08002a21   Thumb Code    16  usbd_desc.o(i.USBD_CDC_ProductStrDescriptor)
    USBD_CDC_ReceivePacket                   0x08002a4d   Thumb Code    40  usbd_cdc.o(i.USBD_CDC_ReceivePacket)
    USBD_CDC_RegisterInterface               0x08002a75   Thumb Code    14  usbd_cdc.o(i.USBD_CDC_RegisterInterface)
    USBD_CDC_SerialStrDescriptor             0x08002a85   Thumb Code    48  usbd_desc.o(i.USBD_CDC_SerialStrDescriptor)
    USBD_CDC_SetRxBuffer                     0x08002abd   Thumb Code    18  usbd_cdc.o(i.USBD_CDC_SetRxBuffer)
    USBD_CDC_SetTxBuffer                     0x08002acf   Thumb Code    22  usbd_cdc.o(i.USBD_CDC_SetTxBuffer)
    USBD_CDC_TransmitPacket                  0x08002ba3   Thumb Code    54  usbd_cdc.o(i.USBD_CDC_TransmitPacket)
    USBD_ClrClassConfig                      0x08002bd9   Thumb Code    16  usbd_core.o(i.USBD_ClrClassConfig)
    USBD_CtlContinueRx                       0x08002be9   Thumb Code    16  usbd_ioreq.o(i.USBD_CtlContinueRx)
    USBD_CtlContinueSendData                 0x08002bf9   Thumb Code    16  usbd_ioreq.o(i.USBD_CtlContinueSendData)
    USBD_CtlError                            0x08002c09   Thumb Code    22  usbd_ctlreq.o(i.USBD_CtlError)
    USBD_CtlPrepareRx                        0x08002c1f   Thumb Code    30  usbd_ioreq.o(i.USBD_CtlPrepareRx)
    USBD_CtlReceiveStatus                    0x08002c3d   Thumb Code    22  usbd_ioreq.o(i.USBD_CtlReceiveStatus)
    USBD_CtlSendData                         0x08002c53   Thumb Code    26  usbd_ioreq.o(i.USBD_CtlSendData)
    USBD_CtlSendStatus                       0x08002c6d   Thumb Code    22  usbd_ioreq.o(i.USBD_CtlSendStatus)
    USBD_GetString                           0x08002d7d   Thumb Code    72  usbd_ctlreq.o(i.USBD_GetString)
    USBD_Init                                0x08002ddd   Thumb Code    38  usbd_core.o(i.USBD_Init)
    USBD_LL_ClearStallEP                     0x08002e03   Thumb Code    18  usbd_conf.o(i.USBD_LL_ClearStallEP)
    USBD_LL_CloseEP                          0x08002e15   Thumb Code    18  usbd_conf.o(i.USBD_LL_CloseEP)
    USBD_LL_DataInStage                      0x08002e27   Thumb Code   168  usbd_core.o(i.USBD_LL_DataInStage)
    USBD_LL_DataOutStage                     0x08002ecf   Thumb Code   108  usbd_core.o(i.USBD_LL_DataOutStage)
    USBD_LL_GetRxDataSize                    0x08002f3b   Thumb Code     8  usbd_conf.o(i.USBD_LL_GetRxDataSize)
    USBD_LL_Init                             0x08002f45   Thumb Code   124  usbd_conf.o(i.USBD_LL_Init)
    USBD_LL_IsStallEP                        0x08002fc9   Thumb Code    30  usbd_conf.o(i.USBD_LL_IsStallEP)
    USBD_LL_OpenEP                           0x08002fe7   Thumb Code    24  usbd_conf.o(i.USBD_LL_OpenEP)
    USBD_LL_PrepareReceive                   0x08002fff   Thumb Code    18  usbd_conf.o(i.USBD_LL_PrepareReceive)
    USBD_LL_Reset                            0x08003011   Thumb Code    90  usbd_core.o(i.USBD_LL_Reset)
    USBD_LL_Resume                           0x0800306b   Thumb Code    20  usbd_core.o(i.USBD_LL_Resume)
    USBD_LL_SOF                              0x0800307f   Thumb Code    32  usbd_core.o(i.USBD_LL_SOF)
    USBD_LL_SetSpeed                         0x0800309f   Thumb Code     6  usbd_core.o(i.USBD_LL_SetSpeed)
    USBD_LL_SetUSBAddress                    0x080030a5   Thumb Code    18  usbd_conf.o(i.USBD_LL_SetUSBAddress)
    USBD_LL_SetupStage                       0x080030b7   Thumb Code    96  usbd_core.o(i.USBD_LL_SetupStage)
    USBD_LL_StallEP                          0x08003117   Thumb Code    18  usbd_conf.o(i.USBD_LL_StallEP)
    USBD_LL_Start                            0x08003129   Thumb Code    18  usbd_conf.o(i.USBD_LL_Start)
    USBD_LL_Suspend                          0x0800313b   Thumb Code    18  usbd_core.o(i.USBD_LL_Suspend)
    USBD_LL_Transmit                         0x0800314d   Thumb Code    18  usbd_conf.o(i.USBD_LL_Transmit)
    USBD_ParseSetupRequest                   0x0800315f   Thumb Code    44  usbd_ctlreq.o(i.USBD_ParseSetupRequest)
    USBD_RegisterClass                       0x0800318b   Thumb Code    36  usbd_core.o(i.USBD_RegisterClass)
    USBD_SetClassConfig                      0x080031af   Thumb Code    20  usbd_core.o(i.USBD_SetClassConfig)
    USBD_Start                               0x08003281   Thumb Code     4  usbd_core.o(i.USBD_Start)
    USBD_StdDevReq                           0x08003285   Thumb Code   276  usbd_ctlreq.o(i.USBD_StdDevReq)
    USBD_StdEPReq                            0x08003399   Thumb Code   320  usbd_ctlreq.o(i.USBD_StdEPReq)
    USBD_StdItfReq                           0x080034d9   Thumb Code    82  usbd_ctlreq.o(i.USBD_StdItfReq)
    USBD_static_free                         0x0800352b   Thumb Code     2  usbd_conf.o(i.USBD_static_free)
    USBD_static_malloc                       0x0800352d   Thumb Code     4  usbd_conf.o(i.USBD_static_malloc)
    USB_ActivateEndpoint                     0x08003535   Thumb Code   668  stm32g4xx_ll_usb.o(i.USB_ActivateEndpoint)
    USB_DeactivateEndpoint                   0x080037d1   Thumb Code   270  stm32g4xx_ll_usb.o(i.USB_DeactivateEndpoint)
    USB_DevConnect                           0x080038df   Thumb Code    14  stm32g4xx_ll_usb.o(i.USB_DevConnect)
    USB_DevInit                              0x080038ed   Thumb Code    18  stm32g4xx_ll_usb.o(i.USB_DevInit)
    USB_DisableGlobalInt                     0x080038ff   Thumb Code    16  stm32g4xx_ll_usb.o(i.USB_DisableGlobalInt)
    USB_EPClearStall                         0x0800390f   Thumb Code   120  stm32g4xx_ll_usb.o(i.USB_EPClearStall)
    USB_EPSetStall                           0x08003987   Thumb Code    50  stm32g4xx_ll_usb.o(i.USB_EPSetStall)
    USB_EPStartXfer                          0x080039b9   Thumb Code  1250  stm32g4xx_ll_usb.o(i.USB_EPStartXfer)
    USB_EnableGlobalInt                      0x08003e9b   Thumb Code    18  stm32g4xx_ll_usb.o(i.USB_EnableGlobalInt)
    USB_LP_IRQHandler                        0x08003ead   Thumb Code     6  stm32g4xx_it.o(i.USB_LP_IRQHandler)
    USB_ReadInterrupts                       0x08003eb9   Thumb Code     6  stm32g4xx_ll_usb.o(i.USB_ReadInterrupts)
    USB_ReadPMA                              0x08003ebf   Thumb Code    40  stm32g4xx_ll_usb.o(i.USB_ReadPMA)
    USB_SetDevAddress                        0x08003ee7   Thumb Code    12  stm32g4xx_ll_usb.o(i.USB_SetDevAddress)
    USB_WritePMA                             0x08003ef5   Thumb Code    38  stm32g4xx_ll_usb.o(i.USB_WritePMA)
    UsageFault_Handler                       0x08003f1b   Thumb Code     2  stm32g4xx_it.o(i.UsageFault_Handler)
    bldcSensorlessEstSpeed                   0x08003f77   Thumb Code    64  bldcsensorless.o(i.bldcSensorlessEstSpeed)
    bldc_BEMF_Get_U                          0x08003fb9   Thumb Code    56  bldcinterface.o(i.bldc_BEMF_Get_U)
    bldc_BEMF_Get_V                          0x08004005   Thumb Code    56  bldcinterface.o(i.bldc_BEMF_Get_V)
    bldc_BEMF_Get_W                          0x08004051   Thumb Code    56  bldcinterface.o(i.bldc_BEMF_Get_W)
    bldc_DetermineButtonStatus               0x0800409d   Thumb Code    22  bldctask.o(i.bldc_DetermineButtonStatus)
    bldc_GetBusCurrentAndSetNextSamplingPosition 0x080040b9   Thumb Code    64  bldcinterface.o(i.bldc_GetBusCurrentAndSetNextSamplingPosition)
    bldc_GetBusVoltage                       0x0800410d   Thumb Code    62  bldcinterface.o(i.bldc_GetBusVoltage)
    bldc_GetButtonStatus                     0x0800415d   Thumb Code    42  bldcinterface.o(i.bldc_GetButtonStatus)
    bldc_GetDriverTemp                       0x0800418d   Thumb Code   190  bldcinterface.o(i.bldc_GetDriverTemp)
    bldc_HighFrequencyTask                   0x0800426d   Thumb Code   424  bldctask.o(i.bldc_HighFrequencyTask)
    bldc_HighFrequencyTaskCallBack           0x08004435   Thumb Code    92  bldcinterface.o(i.bldc_HighFrequencyTaskCallBack)
    bldc_LowFrequencyTaskCallBack            0x0800449d   Thumb Code   202  bldcinterface.o(i.bldc_LowFrequencyTaskCallBack)
    bldc_PWM_LowSides_OFF_OFF_ON             0x08004579   Thumb Code    20  bldcinterface.o(i.bldc_PWM_LowSides_OFF_OFF_ON)
    bldc_PWM_LowSides_OFF_ON_OFF             0x08004595   Thumb Code    20  bldcinterface.o(i.bldc_PWM_LowSides_OFF_ON_OFF)
    bldc_PWM_LowSides_ON_OFF_OFF             0x080045b1   Thumb Code    20  bldcinterface.o(i.bldc_PWM_LowSides_ON_OFF_OFF)
    bldc_SafetyTask                          0x080045cd   Thumb Code   418  bldctask.o(i.bldc_SafetyTask)
    bldc_StartPWM_AllChannel_HighSides       0x0800478d   Thumb Code    64  bldcinterface.o(i.bldc_StartPWM_AllChannel_HighSides)
    bldc_StartPWM_UH_VL_GetWF                0x080047d1   Thumb Code    24  bldcinterface.o(i.bldc_StartPWM_UH_VL_GetWF)
    bldc_StartPWM_UH_WL_GetVF                0x080047ed   Thumb Code    24  bldcinterface.o(i.bldc_StartPWM_UH_WL_GetVF)
    bldc_StartPWM_VH_UL_GetWF                0x08004809   Thumb Code    24  bldcinterface.o(i.bldc_StartPWM_VH_UL_GetWF)
    bldc_StartPWM_VH_WL_GetUF                0x08004825   Thumb Code    24  bldcinterface.o(i.bldc_StartPWM_VH_WL_GetUF)
    bldc_StartPWM_WH_UL_GetVF                0x08004841   Thumb Code    24  bldcinterface.o(i.bldc_StartPWM_WH_UL_GetVF)
    bldc_StartPWM_WH_VL_GetUF                0x0800485d   Thumb Code    24  bldcinterface.o(i.bldc_StartPWM_WH_VL_GetUF)
    bldc_StopPWM_AllChannel_HighSides        0x08004879   Thumb Code    62  bldcinterface.o(i.bldc_StopPWM_AllChannel_HighSides)
    bldc_SysReset                            0x080048bd   Thumb Code    42  bldctask.o(i.bldc_SysReset)
    excuteUserCMD                            0x080048f5   Thumb Code   106  bldcsensorless.o(i.excuteUserCMD)
    getTargetRotationFrequency               0x08004971   Thumb Code    24  bldcsensorless.o(i.getTargetRotationFrequency)
    main                                     0x08004991   Thumb Code   284  main.o(i.main)
    setTargetAngularSpeed                    0x08004ad9   Thumb Code     8  bldcsensorless.o(i.setTargetAngularSpeed)
    setTargetRotationFrequency               0x08004ae5   Thumb Code    24  bldcsensorless.o(i.setTargetRotationFrequency)
    setTargetRotationFrequencyWithACC        0x08004b05   Thumb Code    58  bldcsensorless.o(i.setTargetRotationFrequencyWithACC)
    speedPIController                        0x08004b49   Thumb Code   110  bldcsensorless.o(i.speedPIController)
    _fp_init                                 0x08004bc5   Thumb Code    10  fpinit.o(x$fpl$fpinit)
    __fplib_config_fpu_vfp                   0x08004bcd   Thumb Code     0  fpinit.o(x$fpl$fpinit)
    __fplib_config_pureend_doubles           0x08004bcd   Thumb Code     0  fpinit.o(x$fpl$fpinit)
    Region$$Table$$Base                      0x08004d90   Number         0  anon$$obj.o(Region$$Table)
    Region$$Table$$Limit                     0x08004db0   Number         0  anon$$obj.o(Region$$Table)
    uwTickPrio                               0x20000000   Data           4  stm32g4xx_hal.o(.data)
    uwTickFreq                               0x20000004   Data           4  stm32g4xx_hal.o(.data)
    uwTick                                   0x20000008   Data           4  stm32g4xx_hal.o(.data)
    SystemCoreClock                          0x2000000c   Data           4  system_stm32g4xx.o(.data)
    CDC_Desc                                 0x20000010   Data          32  usbd_desc.o(.data)
    USBD_LangIDDesc                          0x20000030   Data           4  usbd_desc.o(.data)
    USBD_CDC_DeviceDesc                      0x20000034   Data          18  usbd_desc.o(.data)
    USBD_StringSerial                        0x20000048   Data          26  usbd_desc.o(.data)
    USBD_Interface_fops_FS                   0x20000064   Data          20  usbd_cdc_if.o(.data)
    USBD_CDC                                 0x20000154   Data          56  usbd_cdc.o(.data)
    bldcSwitchPhaseTableList_Forward         0x20000194   Data          24  bldcinterface.o(.data)
    bldcSwitchPhaseTableList_Reverse         0x200001ac   Data          24  bldcinterface.o(.data)
    spPIController                           0x200001c8   Data          44  bldcsensorless.o(.data)
    bldcSysHandler                           0x20000208   Data          40  bldctask.o(.data)
    bldcSensorlessHandler                    0x20000230   Data          16  bldctask.o(.data)
    hpcd_USB_FS                              0x20000460   Data         732  usbd_conf.o(.bss)
    hUsbDeviceFS                             0x2000073c   Data         720  usb_device.o(.bss)
    USBD_StrDesc                             0x20000a0c   Data         512  usbd_desc.o(.bss)
    UserRxBufferFS                           0x20000c0c   Data        1000  usbd_cdc_if.o(.bss)
    UserTxBufferFS                           0x20000ff4   Data        1000  usbd_cdc_if.o(.bss)
    bldcSensorHandler                        0x200013dc   Data          16  bldctask.o(.bss)
    __libspace_start                         0x20001414   Data          96  libspace.o(.bss)
    __temporary_stack_top$libspace           0x20001474   Data           0  libspace.o(.bss)



==============================================================================

Memory Map of the image

  Image Entry point : 0x080001d9

  Load Region LR_IROM1 (Base: 0x08000000, Size: 0x00004ff0, Max: 0x00020000, ABSOLUTE, COMPRESSED[0x00004ebc])

    Execution Region ER_IROM1 (Exec base: 0x08000000, Load base: 0x08000000, Size: 0x00004db0, Max: 0x00020000, ABSOLUTE)

    Exec Addr    Load Addr    Size         Type   Attr      Idx    E Section Name        Object

    0x08000000   0x08000000   0x000001d8   Data   RO            3    RESET               startup_stm32g431xx.o
    0x080001d8   0x080001d8   0x00000008   Code   RO         4382  * !!!main             c_w.l(__main.o)
    0x080001e0   0x080001e0   0x00000034   Code   RO         4553    !!!scatter          c_w.l(__scatter.o)
    0x08000214   0x08000214   0x0000005a   Code   RO         4551    !!dczerorl2         c_w.l(__dczerorl2.o)
    0x0800026e   0x0800026e   0x00000002   PAD
    0x08000270   0x08000270   0x0000001c   Code   RO         4555    !!handler_zi        c_w.l(__scatter_zi.o)
    0x0800028c   0x0800028c   0x00000002   Code   RO         4419    .ARM.Collect$$libinit$$00000000  c_w.l(libinit.o)
    0x0800028e   0x0800028e   0x00000004   Code   RO         4431    .ARM.Collect$$libinit$$00000001  c_w.l(libinit2.o)
    0x08000292   0x08000292   0x00000000   Code   RO         4434    .ARM.Collect$$libinit$$00000004  c_w.l(libinit2.o)
    0x08000292   0x08000292   0x00000000   Code   RO         4437    .ARM.Collect$$libinit$$0000000A  c_w.l(libinit2.o)
    0x08000292   0x08000292   0x00000000   Code   RO         4439    .ARM.Collect$$libinit$$0000000C  c_w.l(libinit2.o)
    0x08000292   0x08000292   0x00000000   Code   RO         4441    .ARM.Collect$$libinit$$0000000E  c_w.l(libinit2.o)
    0x08000292   0x08000292   0x00000000   Code   RO         4444    .ARM.Collect$$libinit$$00000011  c_w.l(libinit2.o)
    0x08000292   0x08000292   0x00000000   Code   RO         4446    .ARM.Collect$$libinit$$00000013  c_w.l(libinit2.o)
    0x08000292   0x08000292   0x00000000   Code   RO         4448    .ARM.Collect$$libinit$$00000015  c_w.l(libinit2.o)
    0x08000292   0x08000292   0x00000000   Code   RO         4450    .ARM.Collect$$libinit$$00000017  c_w.l(libinit2.o)
    0x08000292   0x08000292   0x00000000   Code   RO         4452    .ARM.Collect$$libinit$$00000019  c_w.l(libinit2.o)
    0x08000292   0x08000292   0x00000000   Code   RO         4454    .ARM.Collect$$libinit$$0000001B  c_w.l(libinit2.o)
    0x08000292   0x08000292   0x00000000   Code   RO         4456    .ARM.Collect$$libinit$$0000001D  c_w.l(libinit2.o)
    0x08000292   0x08000292   0x00000000   Code   RO         4458    .ARM.Collect$$libinit$$0000001F  c_w.l(libinit2.o)
    0x08000292   0x08000292   0x00000000   Code   RO         4460    .ARM.Collect$$libinit$$00000021  c_w.l(libinit2.o)
    0x08000292   0x08000292   0x00000000   Code   RO         4462    .ARM.Collect$$libinit$$00000023  c_w.l(libinit2.o)
    0x08000292   0x08000292   0x00000000   Code   RO         4464    .ARM.Collect$$libinit$$00000025  c_w.l(libinit2.o)
    0x08000292   0x08000292   0x00000000   Code   RO         4468    .ARM.Collect$$libinit$$0000002C  c_w.l(libinit2.o)
    0x08000292   0x08000292   0x00000000   Code   RO         4470    .ARM.Collect$$libinit$$0000002E  c_w.l(libinit2.o)
    0x08000292   0x08000292   0x00000000   Code   RO         4472    .ARM.Collect$$libinit$$00000030  c_w.l(libinit2.o)
    0x08000292   0x08000292   0x00000000   Code   RO         4474    .ARM.Collect$$libinit$$00000032  c_w.l(libinit2.o)
    0x08000292   0x08000292   0x00000002   Code   RO         4475    .ARM.Collect$$libinit$$00000033  c_w.l(libinit2.o)
    0x08000294   0x08000294   0x00000002   Code   RO         4506    .ARM.Collect$$libshutdown$$00000000  c_w.l(libshutdown.o)
    0x08000296   0x08000296   0x00000000   Code   RO         4532    .ARM.Collect$$libshutdown$$00000002  c_w.l(libshutdown2.o)
    0x08000296   0x08000296   0x00000000   Code   RO         4534    .ARM.Collect$$libshutdown$$00000004  c_w.l(libshutdown2.o)
    0x08000296   0x08000296   0x00000000   Code   RO         4536    .ARM.Collect$$libshutdown$$00000006  c_w.l(libshutdown2.o)
    0x08000296   0x08000296   0x00000000   Code   RO         4539    .ARM.Collect$$libshutdown$$00000009  c_w.l(libshutdown2.o)
    0x08000296   0x08000296   0x00000000   Code   RO         4542    .ARM.Collect$$libshutdown$$0000000C  c_w.l(libshutdown2.o)
    0x08000296   0x08000296   0x00000000   Code   RO         4544    .ARM.Collect$$libshutdown$$0000000E  c_w.l(libshutdown2.o)
    0x08000296   0x08000296   0x00000000   Code   RO         4547    .ARM.Collect$$libshutdown$$00000011  c_w.l(libshutdown2.o)
    0x08000296   0x08000296   0x00000002   Code   RO         4548    .ARM.Collect$$libshutdown$$00000012  c_w.l(libshutdown2.o)
    0x08000298   0x08000298   0x00000000   Code   RO         4384    .ARM.Collect$$rtentry$$00000000  c_w.l(__rtentry.o)
    0x08000298   0x08000298   0x00000000   Code   RO         4390    .ARM.Collect$$rtentry$$00000002  c_w.l(__rtentry2.o)
    0x08000298   0x08000298   0x00000006   Code   RO         4402    .ARM.Collect$$rtentry$$00000004  c_w.l(__rtentry4.o)
    0x0800029e   0x0800029e   0x00000000   Code   RO         4392    .ARM.Collect$$rtentry$$00000009  c_w.l(__rtentry2.o)
    0x0800029e   0x0800029e   0x00000004   Code   RO         4393    .ARM.Collect$$rtentry$$0000000A  c_w.l(__rtentry2.o)
    0x080002a2   0x080002a2   0x00000000   Code   RO         4395    .ARM.Collect$$rtentry$$0000000C  c_w.l(__rtentry2.o)
    0x080002a2   0x080002a2   0x00000008   Code   RO         4396    .ARM.Collect$$rtentry$$0000000D  c_w.l(__rtentry2.o)
    0x080002aa   0x080002aa   0x00000002   Code   RO         4423    .ARM.Collect$$rtexit$$00000000  c_w.l(rtexit.o)
    0x080002ac   0x080002ac   0x00000000   Code   RO         4479    .ARM.Collect$$rtexit$$00000002  c_w.l(rtexit2.o)
    0x080002ac   0x080002ac   0x00000004   Code   RO         4480    .ARM.Collect$$rtexit$$00000003  c_w.l(rtexit2.o)
    0x080002b0   0x080002b0   0x00000006   Code   RO         4481    .ARM.Collect$$rtexit$$00000004  c_w.l(rtexit2.o)
    0x080002b6   0x080002b6   0x00000002   PAD
    0x080002b8   0x080002b8   0x00000040   Code   RO            4    .text               startup_stm32g431xx.o
    0x080002f8   0x080002f8   0x000000ee   Code   RO         4374    .text               c_w.l(lludivv7m.o)
    0x080003e6   0x080003e6   0x00000064   Code   RO         4376    .text               c_w.l(rt_memcpy_w.o)
    0x0800044a   0x0800044a   0x0000004e   Code   RO         4378    .text               c_w.l(rt_memclr_w.o)
    0x08000498   0x08000498   0x00000006   Code   RO         4380    .text               c_w.l(heapauxi.o)
    0x0800049e   0x0800049e   0x0000004a   Code   RO         4406    .text               c_w.l(sys_stackheap_outer.o)
    0x080004e8   0x080004e8   0x00000012   Code   RO         4408    .text               c_w.l(exit.o)
    0x080004fa   0x080004fa   0x00000002   PAD
    0x080004fc   0x080004fc   0x00000008   Code   RO         4420    .text               c_w.l(libspace.o)
    0x08000504   0x08000504   0x0000000c   Code   RO         4476    .text               c_w.l(sys_exit.o)
    0x08000510   0x08000510   0x00000002   Code   RO         4495    .text               c_w.l(use_no_semi.o)
    0x08000512   0x08000512   0x00000000   Code   RO         4497    .text               c_w.l(indicate_semi.o)
    0x08000512   0x08000512   0x00000002   PAD
    0x08000514   0x08000514   0x0000002c   Code   RO          313    i.ADC1_2_IRQHandler  stm32g4xx_it.o
    0x08000540   0x08000540   0x00000002   Code   RO          314    i.BusFault_Handler  stm32g4xx_it.o
    0x08000542   0x08000542   0x00000004   Code   RO         3513    i.CDC_Control_FS    usbd_cdc_if.o
    0x08000546   0x08000546   0x00000004   Code   RO         3514    i.CDC_DeInit_FS     usbd_cdc_if.o
    0x0800054a   0x0800054a   0x00000002   PAD
    0x0800054c   0x0800054c   0x00000024   Code   RO         3515    i.CDC_Init_FS       usbd_cdc_if.o
    0x08000570   0x08000570   0x00000018   Code   RO         3516    i.CDC_Receive_FS    usbd_cdc_if.o
    0x08000588   0x08000588   0x00000004   Code   RO         3517    i.CDC_TransmitCplt_FS  usbd_cdc_if.o
    0x0800058c   0x0800058c   0x0000002c   Code   RO         3518    i.CDC_Transmit_FS   usbd_cdc_if.o
    0x080005b8   0x080005b8   0x00000002   Code   RO          315    i.DebugMon_Handler  stm32g4xx_it.o
    0x080005ba   0x080005ba   0x00000004   Code   RO           13    i.Error_Handler     main.o
    0x080005be   0x080005be   0x00000002   PAD
    0x080005c0   0x080005c0   0x00000010   Code   RO         1115    i.HAL_IncTick       stm32g4xx_hal.o
    0x080005d0   0x080005d0   0x0000001e   Code   RO         1116    i.HAL_Init          stm32g4xx_hal.o
    0x080005ee   0x080005ee   0x00000002   PAD
    0x080005f0   0x080005f0   0x00000044   Code   RO         1117    i.HAL_InitTick      stm32g4xx_hal.o
    0x08000634   0x08000634   0x0000003c   Code   RO          445    i.HAL_MspInit       stm32g4xx_hal_msp.o
    0x08000670   0x08000670   0x0000001a   Code   RO         2461    i.HAL_NVIC_EnableIRQ  stm32g4xx_hal_cortex.o
    0x0800068a   0x0800068a   0x00000002   PAD
    0x0800068c   0x0800068c   0x00000040   Code   RO         2467    i.HAL_NVIC_SetPriority  stm32g4xx_hal_cortex.o
    0x080006cc   0x080006cc   0x00000024   Code   RO         2468    i.HAL_NVIC_SetPriorityGrouping  stm32g4xx_hal_cortex.o
    0x080006f0   0x080006f0   0x00000024   Code   RO          883    i.HAL_PCDEx_ActivateLPM  stm32g4xx_hal_pcd_ex.o
    0x08000714   0x08000714   0x00000044   Code   RO         3164    i.HAL_PCDEx_LPM_Callback  usbd_conf.o
    0x08000758   0x08000758   0x0000003c   Code   RO          889    i.HAL_PCDEx_PMAConfig  stm32g4xx_hal_pcd_ex.o
    0x08000794   0x08000794   0x00000012   Code   RO         3166    i.HAL_PCD_DataInStageCallback  usbd_conf.o
    0x080007a6   0x080007a6   0x00000014   Code   RO         3167    i.HAL_PCD_DataOutStageCallback  usbd_conf.o
    0x080007ba   0x080007ba   0x0000004a   Code   RO          661    i.HAL_PCD_EP_Close  stm32g4xx_hal_pcd.o
    0x08000804   0x08000804   0x0000005a   Code   RO          662    i.HAL_PCD_EP_ClrStall  stm32g4xx_hal_pcd.o
    0x0800085e   0x0800085e   0x000000dc   Code   RO          663    i.HAL_PCD_EP_DB_Receive  stm32g4xx_hal_pcd.o
    0x0800093a   0x0800093a   0x00000340   Code   RO          664    i.HAL_PCD_EP_DB_Transmit  stm32g4xx_hal_pcd.o
    0x08000c7a   0x08000c7a   0x00000012   Code   RO          666    i.HAL_PCD_EP_GetRxCount  stm32g4xx_hal_pcd.o
    0x08000c8c   0x08000c8c   0x00000058   Code   RO          667    i.HAL_PCD_EP_Open   stm32g4xx_hal_pcd.o
    0x08000ce4   0x08000ce4   0x0000002e   Code   RO          668    i.HAL_PCD_EP_Receive  stm32g4xx_hal_pcd.o
    0x08000d12   0x08000d12   0x0000005e   Code   RO          669    i.HAL_PCD_EP_SetStall  stm32g4xx_hal_pcd.o
    0x08000d70   0x08000d70   0x0000002e   Code   RO          670    i.HAL_PCD_EP_Transmit  stm32g4xx_hal_pcd.o
    0x08000d9e   0x08000d9e   0x0000014a   Code   RO          672    i.HAL_PCD_IRQHandler  stm32g4xx_hal_pcd.o
    0x08000ee8   0x08000ee8   0x0000009c   Code   RO          675    i.HAL_PCD_Init      stm32g4xx_hal_pcd.o
    0x08000f84   0x08000f84   0x00000048   Code   RO         3172    i.HAL_PCD_MspInit   usbd_conf.o
    0x08000fcc   0x08000fcc   0x00000026   Code   RO         3173    i.HAL_PCD_ResetCallback  usbd_conf.o
    0x08000ff2   0x08000ff2   0x00000002   PAD
    0x08000ff4   0x08000ff4   0x00000028   Code   RO         3174    i.HAL_PCD_ResumeCallback  usbd_conf.o
    0x0800101c   0x0800101c   0x00000008   Code   RO         3175    i.HAL_PCD_SOFCallback  usbd_conf.o
    0x08001024   0x08001024   0x00000026   Code   RO          681    i.HAL_PCD_SetAddress  stm32g4xx_hal_pcd.o
    0x0800104a   0x0800104a   0x0000000e   Code   RO         3176    i.HAL_PCD_SetupStageCallback  usbd_conf.o
    0x08001058   0x08001058   0x0000002a   Code   RO          683    i.HAL_PCD_Start     stm32g4xx_hal_pcd.o
    0x08001082   0x08001082   0x00000002   PAD
    0x08001084   0x08001084   0x00000024   Code   RO         3177    i.HAL_PCD_SuspendCallback  usbd_conf.o
    0x080010a8   0x080010a8   0x00000010   Code   RO         2229    i.HAL_PWREx_DisableUCPDDeadBattery  stm32g4xx_hal_pwr_ex.o
    0x080010b8   0x080010b8   0x00000010   Code   RO         1126    i.HAL_SYSCFG_DisableVREFBUF  stm32g4xx_hal.o
    0x080010c8   0x080010c8   0x00000014   Code   RO         1131    i.HAL_SYSCFG_VREFBUF_HighImpedanceConfig  stm32g4xx_hal.o
    0x080010dc   0x080010dc   0x00000028   Code   RO         2472    i.HAL_SYSTICK_Config  stm32g4xx_hal_cortex.o
    0x08001104   0x08001104   0x00000002   Code   RO          316    i.HardFault_Handler  stm32g4xx_it.o
    0x08001106   0x08001106   0x00000002   PAD
    0x08001108   0x08001108   0x00000038   Code   RO         3427    i.IntToUnicode      usbd_desc.o
    0x08001140   0x08001140   0x00000050   Code   RO         2592    i.LL_ADC_CommonInit  stm32g4xx_ll_adc.o
    0x08001190   0x08001190   0x00000042   Code   RO         2595    i.LL_ADC_INJ_Init   stm32g4xx_ll_adc.o
    0x080011d2   0x080011d2   0x00000010   Code   RO         3947    i.LL_ADC_INJ_ReadConversionData12  bldcinterface.o
    0x080011e2   0x080011e2   0x0000001a   Code   RO           14    i.LL_ADC_INJ_SetSequencerRanks  main.o
    0x080011fc   0x080011fc   0x0000001a   Code   RO         3948    i.LL_ADC_INJ_SetSequencerRanks  bldcinterface.o
    0x08001216   0x08001216   0x0000002a   Code   RO         2597    i.LL_ADC_Init       stm32g4xx_ll_adc.o
    0x08001240   0x08001240   0x00000054   Code   RO         2598    i.LL_ADC_REG_Init   stm32g4xx_ll_adc.o
    0x08001294   0x08001294   0x00000022   Code   RO           15    i.LL_ADC_REG_SetSequencerRanks  main.o
    0x080012b6   0x080012b6   0x0000001e   Code   RO           16    i.LL_ADC_SetChannelSamplingTime  main.o
    0x080012d4   0x080012d4   0x00000020   Code   RO           17    i.LL_ADC_SetChannelSingleDiff  main.o
    0x080012f4   0x080012f4   0x00000020   Code   RO           18    i.LL_ADC_SetGainCompensation  main.o
    0x08001314   0x08001314   0x00000018   Code   RO           19    i.LL_ADC_StartCalibration  main.o
    0x0800132c   0x0800132c   0x00000018   Code   RO           20    i.LL_AHB2_GRP1_EnableClock  main.o
    0x08001344   0x08001344   0x00000034   Code   RO         2722    i.LL_COMP_Init      stm32g4xx_ll_comp.o
    0x08001378   0x08001378   0x00000098   Code   RO         2910    i.LL_DAC_Init       stm32g4xx_ll_dac.o
    0x08001410   0x08001410   0x00000136   Code   RO          602    i.LL_GPIO_Init      stm32g4xx_ll_gpio.o
    0x08001546   0x08001546   0x00000002   PAD
    0x08001548   0x08001548   0x00000020   Code   RO           21    i.LL_RCC_SetADCClockSource  main.o
    0x08001568   0x08001568   0x00000014   Code   RO           22    i.LL_RCC_SetAHBPrescaler  main.o
    0x0800157c   0x0800157c   0x0000000c   Code   RO          478    i.LL_SetSystemCoreClock  stm32g4xx_ll_utils.o
    0x08001588   0x08001588   0x00000078   Code   RO         2988    i.LL_TIM_BDTR_Init  stm32g4xx_ll_tim.o
    0x08001600   0x08001600   0x000000ac   Code   RO         2997    i.LL_TIM_Init       stm32g4xx_ll_tim.o
    0x080016ac   0x080016ac   0x00000074   Code   RO           23    i.LL_TIM_OC_DisableFast  main.o
    0x08001720   0x08001720   0x00000074   Code   RO           24    i.LL_TIM_OC_EnablePreload  main.o
    0x08001794   0x08001794   0x0000014c   Code   RO         2998    i.LL_TIM_OC_Init    stm32g4xx_ll_tim.o
    0x080018e0   0x080018e0   0x00000198   Code   RO           25    i.MX_ADC1_Init      main.o
    0x08001a78   0x08001a78   0x000001b0   Code   RO           26    i.MX_ADC2_Init      main.o
    0x08001c28   0x08001c28   0x00000090   Code   RO           27    i.MX_COMP1_Init     main.o
    0x08001cb8   0x08001cb8   0x00000058   Code   RO           28    i.MX_DAC1_Init      main.o
    0x08001d10   0x08001d10   0x000000e0   Code   RO           29    i.MX_GPIO_Init      main.o
    0x08001df0   0x08001df0   0x000001c8   Code   RO           30    i.MX_TIM1_Init      main.o
    0x08001fb8   0x08001fb8   0x00000054   Code   RO         3392    i.MX_USB_Device_Init  usb_device.o
    0x0800200c   0x0800200c   0x00000050   Code   RO         4357    i.MedianFilter      bldcmath.o
    0x0800205c   0x0800205c   0x00000002   Code   RO          317    i.MemManage_Handler  stm32g4xx_it.o
    0x0800205e   0x0800205e   0x00000002   Code   RO          318    i.NMI_Handler       stm32g4xx_it.o
    0x08002060   0x08002060   0x00000032   Code   RO           31    i.NVIC_EncodePriority  main.o
    0x08002092   0x08002092   0x00000002   PAD
    0x08002094   0x08002094   0x00000098   Code   RO         3001    i.OC1Config         stm32g4xx_ll_tim.o
    0x0800212c   0x0800212c   0x000000a0   Code   RO         3002    i.OC2Config         stm32g4xx_ll_tim.o
    0x080021cc   0x080021cc   0x0000009c   Code   RO         3003    i.OC3Config         stm32g4xx_ll_tim.o
    0x08002268   0x08002268   0x000000a0   Code   RO         3004    i.OC4Config         stm32g4xx_ll_tim.o
    0x08002308   0x08002308   0x00000396   Code   RO          686    i.PCD_EP_ISR_Handler  stm32g4xx_hal_pcd.o
    0x0800269e   0x0800269e   0x00000002   Code   RO          319    i.PendSV_Handler    stm32g4xx_it.o
    0x080026a0   0x080026a0   0x00000002   Code   RO          320    i.SVC_Handler       stm32g4xx_it.o
    0x080026a2   0x080026a2   0x0000000a   Code   RO         3708    i.SWAPBYTE          usbd_ctlreq.o
    0x080026ac   0x080026ac   0x0000000e   Code   RO          321    i.SysTick_Handler   stm32g4xx_it.o
    0x080026ba   0x080026ba   0x00000002   PAD
    0x080026bc   0x080026bc   0x000000fc   Code   RO           32    i.SystemClock_Config  main.o
    0x080027b8   0x080027b8   0x00000010   Code   RO         3127    i.SystemInit        system_stm32g4xx.o
    0x080027c8   0x080027c8   0x00000020   Code   RO         3428    i.USBD_CDC_ConfigStrDescriptor  usbd_desc.o
    0x080027e8   0x080027e8   0x0000005e   Code   RO         3841    i.USBD_CDC_DataIn   usbd_cdc.o
    0x08002846   0x08002846   0x0000002a   Code   RO         3842    i.USBD_CDC_DataOut  usbd_cdc.o
    0x08002870   0x08002870   0x00000048   Code   RO         3843    i.USBD_CDC_DeInit   usbd_cdc.o
    0x080028b8   0x080028b8   0x0000000c   Code   RO         3429    i.USBD_CDC_DeviceDescriptor  usbd_desc.o
    0x080028c4   0x080028c4   0x0000002e   Code   RO         3844    i.USBD_CDC_EP0_RxReady  usbd_cdc.o
    0x080028f2   0x080028f2   0x00000002   PAD
    0x080028f4   0x080028f4   0x0000000c   Code   RO         3845    i.USBD_CDC_GetDeviceQualifierDescriptor  usbd_cdc.o
    0x08002900   0x08002900   0x0000000c   Code   RO         3846    i.USBD_CDC_GetFSCfgDesc  usbd_cdc.o
    0x0800290c   0x0800290c   0x0000000c   Code   RO         3847    i.USBD_CDC_GetHSCfgDesc  usbd_cdc.o
    0x08002918   0x08002918   0x0000000c   Code   RO         3848    i.USBD_CDC_GetOtherSpeedCfgDesc  usbd_cdc.o
    0x08002924   0x08002924   0x000000a2   Code   RO         3849    i.USBD_CDC_Init     usbd_cdc.o
    0x080029c6   0x080029c6   0x00000002   PAD
    0x080029c8   0x080029c8   0x00000024   Code   RO         3430    i.USBD_CDC_InterfaceStrDescriptor  usbd_desc.o
    0x080029ec   0x080029ec   0x0000000c   Code   RO         3431    i.USBD_CDC_LangIDStrDescriptor  usbd_desc.o
    0x080029f8   0x080029f8   0x00000028   Code   RO         3432    i.USBD_CDC_ManufacturerStrDescriptor  usbd_desc.o
    0x08002a20   0x08002a20   0x0000002c   Code   RO         3433    i.USBD_CDC_ProductStrDescriptor  usbd_desc.o
    0x08002a4c   0x08002a4c   0x00000028   Code   RO         3850    i.USBD_CDC_ReceivePacket  usbd_cdc.o
    0x08002a74   0x08002a74   0x0000000e   Code   RO         3851    i.USBD_CDC_RegisterInterface  usbd_cdc.o
    0x08002a82   0x08002a82   0x00000002   PAD
    0x08002a84   0x08002a84   0x00000038   Code   RO         3434    i.USBD_CDC_SerialStrDescriptor  usbd_desc.o
    0x08002abc   0x08002abc   0x00000012   Code   RO         3852    i.USBD_CDC_SetRxBuffer  usbd_cdc.o
    0x08002ace   0x08002ace   0x00000016   Code   RO         3853    i.USBD_CDC_SetTxBuffer  usbd_cdc.o
    0x08002ae4   0x08002ae4   0x000000be   Code   RO         3854    i.USBD_CDC_Setup    usbd_cdc.o
    0x08002ba2   0x08002ba2   0x00000036   Code   RO         3855    i.USBD_CDC_TransmitPacket  usbd_cdc.o
    0x08002bd8   0x08002bd8   0x00000010   Code   RO         3570    i.USBD_ClrClassConfig  usbd_core.o
    0x08002be8   0x08002be8   0x00000010   Code   RO         3781    i.USBD_CtlContinueRx  usbd_ioreq.o
    0x08002bf8   0x08002bf8   0x00000010   Code   RO         3782    i.USBD_CtlContinueSendData  usbd_ioreq.o
    0x08002c08   0x08002c08   0x00000016   Code   RO         3709    i.USBD_CtlError     usbd_ctlreq.o
    0x08002c1e   0x08002c1e   0x0000001e   Code   RO         3783    i.USBD_CtlPrepareRx  usbd_ioreq.o
    0x08002c3c   0x08002c3c   0x00000016   Code   RO         3784    i.USBD_CtlReceiveStatus  usbd_ioreq.o
    0x08002c52   0x08002c52   0x0000001a   Code   RO         3785    i.USBD_CtlSendData  usbd_ioreq.o
    0x08002c6c   0x08002c6c   0x00000016   Code   RO         3786    i.USBD_CtlSendStatus  usbd_ioreq.o
    0x08002c82   0x08002c82   0x000000fa   Code   RO         3710    i.USBD_GetDescriptor  usbd_ctlreq.o
    0x08002d7c   0x08002d7c   0x00000048   Code   RO         3711    i.USBD_GetString    usbd_ctlreq.o
    0x08002dc4   0x08002dc4   0x00000018   Code   RO         3178    i.USBD_Get_USB_Status  usbd_conf.o
    0x08002ddc   0x08002ddc   0x00000026   Code   RO         3572    i.USBD_Init         usbd_core.o
    0x08002e02   0x08002e02   0x00000012   Code   RO         3179    i.USBD_LL_ClearStallEP  usbd_conf.o
    0x08002e14   0x08002e14   0x00000012   Code   RO         3180    i.USBD_LL_CloseEP   usbd_conf.o
    0x08002e26   0x08002e26   0x000000a8   Code   RO         3573    i.USBD_LL_DataInStage  usbd_core.o
    0x08002ece   0x08002ece   0x0000006c   Code   RO         3574    i.USBD_LL_DataOutStage  usbd_core.o
    0x08002f3a   0x08002f3a   0x00000008   Code   RO         3184    i.USBD_LL_GetRxDataSize  usbd_conf.o
    0x08002f42   0x08002f42   0x00000002   PAD
    0x08002f44   0x08002f44   0x00000084   Code   RO         3185    i.USBD_LL_Init      usbd_conf.o
    0x08002fc8   0x08002fc8   0x0000001e   Code   RO         3186    i.USBD_LL_IsStallEP  usbd_conf.o
    0x08002fe6   0x08002fe6   0x00000018   Code   RO         3187    i.USBD_LL_OpenEP    usbd_conf.o
    0x08002ffe   0x08002ffe   0x00000012   Code   RO         3188    i.USBD_LL_PrepareReceive  usbd_conf.o
    0x08003010   0x08003010   0x0000005a   Code   RO         3579    i.USBD_LL_Reset     usbd_core.o
    0x0800306a   0x0800306a   0x00000014   Code   RO         3580    i.USBD_LL_Resume    usbd_core.o
    0x0800307e   0x0800307e   0x00000020   Code   RO         3581    i.USBD_LL_SOF       usbd_core.o
    0x0800309e   0x0800309e   0x00000006   Code   RO         3582    i.USBD_LL_SetSpeed  usbd_core.o
    0x080030a4   0x080030a4   0x00000012   Code   RO         3189    i.USBD_LL_SetUSBAddress  usbd_conf.o
    0x080030b6   0x080030b6   0x00000060   Code   RO         3583    i.USBD_LL_SetupStage  usbd_core.o
    0x08003116   0x08003116   0x00000012   Code   RO         3190    i.USBD_LL_StallEP   usbd_conf.o
    0x08003128   0x08003128   0x00000012   Code   RO         3191    i.USBD_LL_Start     usbd_conf.o
    0x0800313a   0x0800313a   0x00000012   Code   RO         3584    i.USBD_LL_Suspend   usbd_core.o
    0x0800314c   0x0800314c   0x00000012   Code   RO         3193    i.USBD_LL_Transmit  usbd_conf.o
    0x0800315e   0x0800315e   0x0000002c   Code   RO         3712    i.USBD_ParseSetupRequest  usbd_ctlreq.o
    0x0800318a   0x0800318a   0x00000024   Code   RO         3585    i.USBD_RegisterClass  usbd_core.o
    0x080031ae   0x080031ae   0x00000014   Code   RO         3587    i.USBD_SetClassConfig  usbd_core.o
    0x080031c2   0x080031c2   0x00000002   PAD
    0x080031c4   0x080031c4   0x000000bc   Code   RO         3713    i.USBD_SetConfig    usbd_ctlreq.o
    0x08003280   0x08003280   0x00000004   Code   RO         3588    i.USBD_Start        usbd_core.o
    0x08003284   0x08003284   0x00000114   Code   RO         3714    i.USBD_StdDevReq    usbd_ctlreq.o
    0x08003398   0x08003398   0x00000140   Code   RO         3715    i.USBD_StdEPReq     usbd_ctlreq.o
    0x080034d8   0x080034d8   0x00000052   Code   RO         3716    i.USBD_StdItfReq    usbd_ctlreq.o
    0x0800352a   0x0800352a   0x00000002   Code   RO         3194    i.USBD_static_free  usbd_conf.o
    0x0800352c   0x0800352c   0x00000008   Code   RO         3195    i.USBD_static_malloc  usbd_conf.o
    0x08003534   0x08003534   0x0000029c   Code   RO          948    i.USB_ActivateEndpoint  stm32g4xx_ll_usb.o
    0x080037d0   0x080037d0   0x0000010e   Code   RO          952    i.USB_DeactivateEndpoint  stm32g4xx_ll_usb.o
    0x080038de   0x080038de   0x0000000e   Code   RO          953    i.USB_DevConnect    stm32g4xx_ll_usb.o
    0x080038ec   0x080038ec   0x00000012   Code   RO          955    i.USB_DevInit       stm32g4xx_ll_usb.o
    0x080038fe   0x080038fe   0x00000010   Code   RO          956    i.USB_DisableGlobalInt  stm32g4xx_ll_usb.o
    0x0800390e   0x0800390e   0x00000078   Code   RO          957    i.USB_EPClearStall  stm32g4xx_ll_usb.o
    0x08003986   0x08003986   0x00000032   Code   RO          958    i.USB_EPSetStall    stm32g4xx_ll_usb.o
    0x080039b8   0x080039b8   0x000004e2   Code   RO          959    i.USB_EPStartXfer   stm32g4xx_ll_usb.o
    0x08003e9a   0x08003e9a   0x00000012   Code   RO          961    i.USB_EnableGlobalInt  stm32g4xx_ll_usb.o
    0x08003eac   0x08003eac   0x0000000c   Code   RO          322    i.USB_LP_IRQHandler  stm32g4xx_it.o
    0x08003eb8   0x08003eb8   0x00000006   Code   RO          964    i.USB_ReadInterrupts  stm32g4xx_ll_usb.o
    0x08003ebe   0x08003ebe   0x00000028   Code   RO          965    i.USB_ReadPMA       stm32g4xx_ll_usb.o
    0x08003ee6   0x08003ee6   0x0000000c   Code   RO          967    i.USB_SetDevAddress  stm32g4xx_ll_usb.o
    0x08003ef2   0x08003ef2   0x00000002   PAD
    0x08003ef4   0x08003ef4   0x00000026   Code   RO          969    i.USB_WritePMA      stm32g4xx_ll_usb.o
    0x08003f1a   0x08003f1a   0x00000002   Code   RO          323    i.UsageFault_Handler  stm32g4xx_it.o
    0x08003f1c   0x08003f1c   0x0000001a   Code   RO           33    i.__NVIC_EnableIRQ  main.o
    0x08003f36   0x08003f36   0x00000020   Code   RO           34    i.__NVIC_SetPriority  main.o
    0x08003f56   0x08003f56   0x00000020   Code   RO         2474    i.__NVIC_SetPriority  stm32g4xx_hal_cortex.o
    0x08003f76   0x08003f76   0x00000040   Code   RO         4236    i.bldcSensorlessEstSpeed  bldcsensorless.o
    0x08003fb6   0x08003fb6   0x00000002   PAD
    0x08003fb8   0x08003fb8   0x0000004c   Code   RO         3949    i.bldc_BEMF_Get_U   bldcinterface.o
    0x08004004   0x08004004   0x0000004c   Code   RO         3950    i.bldc_BEMF_Get_V   bldcinterface.o
    0x08004050   0x08004050   0x0000004c   Code   RO         3951    i.bldc_BEMF_Get_W   bldcinterface.o
    0x0800409c   0x0800409c   0x0000001c   Code   RO         4306    i.bldc_DetermineButtonStatus  bldctask.o
    0x080040b8   0x080040b8   0x00000054   Code   RO         3952    i.bldc_GetBusCurrentAndSetNextSamplingPosition  bldcinterface.o
    0x0800410c   0x0800410c   0x00000050   Code   RO         3953    i.bldc_GetBusVoltage  bldcinterface.o
    0x0800415c   0x0800415c   0x00000030   Code   RO         3954    i.bldc_GetButtonStatus  bldcinterface.o
    0x0800418c   0x0800418c   0x000000e0   Code   RO         3955    i.bldc_GetDriverTemp  bldcinterface.o
    0x0800426c   0x0800426c   0x000001c8   Code   RO         4307    i.bldc_HighFrequencyTask  bldctask.o
    0x08004434   0x08004434   0x00000068   Code   RO         3956    i.bldc_HighFrequencyTaskCallBack  bldcinterface.o
    0x0800449c   0x0800449c   0x000000dc   Code   RO         3957    i.bldc_LowFrequencyTaskCallBack  bldcinterface.o
    0x08004578   0x08004578   0x0000001c   Code   RO         3958    i.bldc_PWM_LowSides_OFF_OFF_ON  bldcinterface.o
    0x08004594   0x08004594   0x0000001c   Code   RO         3959    i.bldc_PWM_LowSides_OFF_ON_OFF  bldcinterface.o
    0x080045b0   0x080045b0   0x0000001c   Code   RO         3960    i.bldc_PWM_LowSides_ON_OFF_OFF  bldcinterface.o
    0x080045cc   0x080045cc   0x000001c0   Code   RO         4308    i.bldc_SafetyTask   bldctask.o
    0x0800478c   0x0800478c   0x00000044   Code   RO         3961    i.bldc_StartPWM_AllChannel_HighSides  bldcinterface.o
    0x080047d0   0x080047d0   0x0000001c   Code   RO         3963    i.bldc_StartPWM_UH_VL_GetWF  bldcinterface.o
    0x080047ec   0x080047ec   0x0000001c   Code   RO         3964    i.bldc_StartPWM_UH_WL_GetVF  bldcinterface.o
    0x08004808   0x08004808   0x0000001c   Code   RO         3965    i.bldc_StartPWM_VH_UL_GetWF  bldcinterface.o
    0x08004824   0x08004824   0x0000001c   Code   RO         3966    i.bldc_StartPWM_VH_WL_GetUF  bldcinterface.o
    0x08004840   0x08004840   0x0000001c   Code   RO         3967    i.bldc_StartPWM_WH_UL_GetVF  bldcinterface.o
    0x0800485c   0x0800485c   0x0000001c   Code   RO         3968    i.bldc_StartPWM_WH_VL_GetUF  bldcinterface.o
    0x08004878   0x08004878   0x00000044   Code   RO         3969    i.bldc_StopPWM_AllChannel_HighSides  bldcinterface.o
    0x080048bc   0x080048bc   0x00000038   Code   RO         4309    i.bldc_SysReset     bldctask.o
    0x080048f4   0x080048f4   0x0000007c   Code   RO         4237    i.excuteUserCMD     bldcsensorless.o
    0x08004970   0x08004970   0x00000020   Code   RO         4239    i.getTargetRotationFrequency  bldcsensorless.o
    0x08004990   0x08004990   0x00000148   Code   RO           35    i.main              main.o
    0x08004ad8   0x08004ad8   0x0000000c   Code   RO         4240    i.setTargetAngularSpeed  bldcsensorless.o
    0x08004ae4   0x08004ae4   0x00000020   Code   RO         4241    i.setTargetRotationFrequency  bldcsensorless.o
    0x08004b04   0x08004b04   0x00000044   Code   RO         4242    i.setTargetRotationFrequencyWithACC  bldcsensorless.o
    0x08004b48   0x08004b48   0x0000007c   Code   RO         4243    i.speedPIController  bldcsensorless.o
    0x08004bc4   0x08004bc4   0x0000000a   Code   RO         4491    x$fpl$fpinit        fz_wm.l(fpinit.o)
    0x08004bce   0x08004bce   0x00000014   Data   RO           36    .constdata          main.o
    0x08004be2   0x08004be2   0x00000002   PAD
    0x08004be4   0x08004be4   0x000001ac   Data   RO         3971    .constdata          bldcinterface.o
    0x08004d90   0x08004d90   0x00000020   Data   RO         4549    Region$$Table       anon$$obj.o


    Execution Region RW_IRAM1 (Exec base: 0x20000000, Load base: 0x08004db0, Size: 0x00001a78, Max: 0x00008000, ABSOLUTE, COMPRESSED[0x0000010c])

    Exec Addr    Load Addr    Size         Type   Attr      Idx    E Section Name        Object

    0x20000000   COMPRESSED   0x0000000c   Data   RW         1136    .data               stm32g4xx_hal.o
    0x2000000c   COMPRESSED   0x00000004   Data   RW         3130    .data               system_stm32g4xx.o
    0x20000010   COMPRESSED   0x00000020   Data   RW         3436    .data               usbd_desc.o
    0x20000030   COMPRESSED   0x00000032   Data   RW         3437    .data               usbd_desc.o
    0x20000062   COMPRESSED   0x00000002   PAD
    0x20000064   COMPRESSED   0x00000014   Data   RW         3520    .data               usbd_cdc_if.o
    0x20000078   COMPRESSED   0x00000001   Data   RW         3717    .data               usbd_ctlreq.o
    0x20000079   COMPRESSED   0x00000003   PAD
    0x2000007c   COMPRESSED   0x000000d7   Data   RW         3856    .data               usbd_cdc.o
    0x20000153   COMPRESSED   0x00000001   PAD
    0x20000154   COMPRESSED   0x00000038   Data   RW         3857    .data               usbd_cdc.o
    0x2000018c   COMPRESSED   0x00000008   Data   RW         3972    .data               bldcinterface.o
    0x20000194   COMPRESSED   0x00000018   Data   RW         3973    .data               bldcinterface.o
    0x200001ac   COMPRESSED   0x00000018   Data   RW         3974    .data               bldcinterface.o
    0x200001c4   COMPRESSED   0x00000030   Data   RW         4244    .data               bldcsensorless.o
    0x200001f4   COMPRESSED   0x00000004   PAD
    0x200001f8   COMPRESSED   0x00000048   Data   RW         4311    .data               bldctask.o
    0x20000240        -       0x000004fc   Zero   RW         3196    .bss                usbd_conf.o
    0x2000073c        -       0x000002d0   Zero   RW         3393    .bss                usb_device.o
    0x20000a0c        -       0x00000200   Zero   RW         3435    .bss                usbd_desc.o
    0x20000c0c        -       0x000007d0   Zero   RW         3519    .bss                usbd_cdc_if.o
    0x200013dc        -       0x00000038   Zero   RW         4310    .bss                bldctask.o
    0x20001414        -       0x00000060   Zero   RW         4421    .bss                c_w.l(libspace.o)
    0x20001474   COMPRESSED   0x00000004   PAD
    0x20001478        -       0x00000200   Zero   RW            2    HEAP                startup_stm32g431xx.o
    0x20001678        -       0x00000400   Zero   RW            1    STACK               startup_stm32g431xx.o


==============================================================================

Image component sizes


      Code (inc. data)   RO Data    RW Data    ZI Data      Debug   Object Name

      1418        226        428         56          0     585087   bldcinterface.o
        80          6          0          0          0       1135   bldcmath.o
       456         62          0         48          0       6982   bldcsensorless.o
       988         82          0         72         56       5685   bldctask.o
      2930        258         20          0          0     712427   main.o
        64         26        472          0       1536        840   startup_stm32g431xx.o
       150         24          0         12          0       4256   stm32g4xx_hal.o
       198         14          0          0          0      33799   stm32g4xx_hal_cortex.o
        60          6          0          0          0        866   stm32g4xx_hal_msp.o
      2992          0          0          0          0      14597   stm32g4xx_hal_pcd.o
        96          0          0          0          0       1936   stm32g4xx_hal_pcd_ex.o
        16          4          0          0          0        559   stm32g4xx_hal_pwr_ex.o
        86         12          0          0          0      71382   stm32g4xx_it.o
       272         14          0          0          0      79254   stm32g4xx_ll_adc.o
        52          6          0          0          0      10531   stm32g4xx_ll_comp.o
       152          0          0          0          0      21498   stm32g4xx_ll_dac.o
       310          0          0          0          0       7311   stm32g4xx_ll_gpio.o
      1252        168          0          0          0      58530   stm32g4xx_ll_tim.o
      2520          0          0          0          0      14388   stm32g4xx_ll_usb.o
        12          6          0          0          0       6440   stm32g4xx_ll_utils.o
        16          4          0          4          0       1115   system_stm32g4xx.o
        84         18          0          0        720        796   usb_device.o
       802         16          0        271          0      13669   usbd_cdc.o
       116         22          0         20       2000       3876   usbd_cdc_if.o
       668         38          0          0       1276      38322   usbd_conf.o
       652          0          0          0          0       9827   usbd_core.o
      1264         22          0          1          0      14300   usbd_ctlreq.o
       288        104          0         82        512       6118   usbd_desc.o
       132          0          0          0          0       4492   usbd_ioreq.o

    ----------------------------------------------------------------------
     18160       1138        954        576       6100    1730018   Object Totals
         0          0         32          0          0          0   (incl. Generated)
        34          0          2         10          0          0   (incl. Padding)

    ----------------------------------------------------------------------

      Code (inc. data)   RO Data    RW Data    ZI Data      Debug   Library Member Name

        90          0          0          0          0          0   __dczerorl2.o
         8          0          0          0          0         68   __main.o
         0          0          0          0          0          0   __rtentry.o
        12          0          0          0          0          0   __rtentry2.o
         6          0          0          0          0          0   __rtentry4.o
        52          8          0          0          0          0   __scatter.o
        28          0          0          0          0          0   __scatter_zi.o
        18          0          0          0          0         80   exit.o
         6          0          0          0          0        152   heapauxi.o
         0          0          0          0          0          0   indicate_semi.o
         2          0          0          0          0          0   libinit.o
         6          0          0          0          0          0   libinit2.o
         2          0          0          0          0          0   libshutdown.o
         2          0          0          0          0          0   libshutdown2.o
         8          4          0          0         96         68   libspace.o
       238          0          0          0          0        100   lludivv7m.o
        78          0          0          0          0         80   rt_memclr_w.o
       100          0          0          0          0         80   rt_memcpy_w.o
         2          0          0          0          0          0   rtexit.o
        10          0          0          0          0          0   rtexit2.o
        12          4          0          0          0         68   sys_exit.o
        74          0          0          0          0         80   sys_stackheap_outer.o
         2          0          0          0          0         68   use_no_semi.o
        10          0          0          0          0        116   fpinit.o

    ----------------------------------------------------------------------
       774         16          0          0        100        960   Library Totals
         8          0          0          0          4          0   (incl. Padding)

    ----------------------------------------------------------------------

      Code (inc. data)   RO Data    RW Data    ZI Data      Debug   Library Name

       756         16          0          0         96        844   c_w.l
        10          0          0          0          0        116   fz_wm.l

    ----------------------------------------------------------------------
       774         16          0          0        100        960   Library Totals

    ----------------------------------------------------------------------

==============================================================================


      Code (inc. data)   RO Data    RW Data    ZI Data      Debug   

     18934       1154        954        576       6200    1711466   Grand Totals
     18934       1154        954        268       6200    1711466   ELF Image Totals (compressed)
     18934       1154        954        268          0          0   ROM Totals

==============================================================================

    Total RO  Size (Code + RO Data)                19888 (  19.42kB)
    Total RW  Size (RW Data + ZI Data)              6776 (   6.62kB)
    Total ROM Size (Code + RO Data + RW Data)      20156 (  19.68kB)

==============================================================================

