Component: ARM Compiler 5.06 update 7 (build 960) Tool: armlink [4d3601]

==============================================================================

Section Cross References

    startup_stm32g431xx.o(STACK) refers (Special) to heapauxi.o(.text) for __use_two_region_memory
    startup_stm32g431xx.o(HEAP) refers (Special) to heapauxi.o(.text) for __use_two_region_memory
    startup_stm32g431xx.o(RESET) refers (Special) to heapauxi.o(.text) for __use_two_region_memory
    startup_stm32g431xx.o(RESET) refers to startup_stm32g431xx.o(STACK) for __initial_sp
    startup_stm32g431xx.o(RESET) refers to startup_stm32g431xx.o(.text) for Reset_Handler
    startup_stm32g431xx.o(RESET) refers to stm32g4xx_it.o(i.NMI_Handler) for NMI_Handler
    startup_stm32g431xx.o(RESET) refers to stm32g4xx_it.o(i.HardFault_Handler) for HardFault_Handler
    startup_stm32g431xx.o(RESET) refers to stm32g4xx_it.o(i.MemManage_Handler) for MemManage_Handler
    startup_stm32g431xx.o(RESET) refers to stm32g4xx_it.o(i.BusFault_Handler) for BusFault_Handler
    startup_stm32g431xx.o(RESET) refers to stm32g4xx_it.o(i.UsageFault_Handler) for UsageFault_Handler
    startup_stm32g431xx.o(RESET) refers to stm32g4xx_it.o(i.SVC_Handler) for SVC_Handler
    startup_stm32g431xx.o(RESET) refers to stm32g4xx_it.o(i.DebugMon_Handler) for DebugMon_Handler
    startup_stm32g431xx.o(RESET) refers to stm32g4xx_it.o(i.PendSV_Handler) for PendSV_Handler
    startup_stm32g431xx.o(RESET) refers to stm32g4xx_it.o(i.SysTick_Handler) for SysTick_Handler
    startup_stm32g431xx.o(RESET) refers to stm32g4xx_it.o(i.DMA1_Channel1_IRQHandler) for DMA1_Channel1_IRQHandler
    startup_stm32g431xx.o(RESET) refers to stm32g4xx_it.o(i.ADC1_2_IRQHandler) for ADC1_2_IRQHandler
    startup_stm32g431xx.o(RESET) refers to stm32g4xx_it.o(i.TIM4_IRQHandler) for TIM4_IRQHandler
    startup_stm32g431xx.o(.text) refers (Special) to heapauxi.o(.text) for __use_two_region_memory
    startup_stm32g431xx.o(.text) refers to system_stm32g4xx.o(i.SystemInit) for SystemInit
    startup_stm32g431xx.o(.text) refers to __main.o(!!!main) for __main
    startup_stm32g431xx.o(.text) refers to startup_stm32g431xx.o(HEAP) for Heap_Mem
    startup_stm32g431xx.o(.text) refers to startup_stm32g431xx.o(STACK) for Stack_Mem
    main.o(i.LL_TIM_IC_SetActiveInput) refers to main.o(.constdata) for .constdata
    main.o(i.LL_TIM_IC_SetFilter) refers to main.o(.constdata) for .constdata
    main.o(i.LL_TIM_IC_SetPolarity) refers to main.o(.constdata) for .constdata
    main.o(i.LL_TIM_IC_SetPrescaler) refers to main.o(.constdata) for .constdata
    main.o(i.LL_TIM_OC_DisableFast) refers to main.o(.constdata) for .constdata
    main.o(i.LL_TIM_OC_DisablePreload) refers to main.o(.constdata) for .constdata
    main.o(i.LL_TIM_OC_EnablePreload) refers to main.o(.constdata) for .constdata
    main.o(i.MX_ADC1_Init) refers to rt_memclr_w.o(.text) for __aeabi_memclr4
    main.o(i.MX_ADC1_Init) refers to main.o(i.LL_RCC_SetADCClockSource) for LL_RCC_SetADCClockSource
    main.o(i.MX_ADC1_Init) refers to main.o(i.LL_AHB2_GRP1_EnableClock) for LL_AHB2_GRP1_EnableClock
    main.o(i.MX_ADC1_Init) refers to stm32g4xx_ll_gpio.o(i.LL_GPIO_Init) for LL_GPIO_Init
    main.o(i.MX_ADC1_Init) refers to main.o(i.__NVIC_GetPriorityGrouping) for __NVIC_GetPriorityGrouping
    main.o(i.MX_ADC1_Init) refers to main.o(i.NVIC_EncodePriority) for NVIC_EncodePriority
    main.o(i.MX_ADC1_Init) refers to main.o(i.__NVIC_SetPriority) for __NVIC_SetPriority
    main.o(i.MX_ADC1_Init) refers to main.o(i.__NVIC_EnableIRQ) for __NVIC_EnableIRQ
    main.o(i.MX_ADC1_Init) refers to stm32g4xx_ll_adc.o(i.LL_ADC_Init) for LL_ADC_Init
    main.o(i.MX_ADC1_Init) refers to stm32g4xx_ll_adc.o(i.LL_ADC_REG_Init) for LL_ADC_REG_Init
    main.o(i.MX_ADC1_Init) refers to main.o(i.LL_ADC_SetGainCompensation) for LL_ADC_SetGainCompensation
    main.o(i.MX_ADC1_Init) refers to stm32g4xx_ll_adc.o(i.LL_ADC_CommonInit) for LL_ADC_CommonInit
    main.o(i.MX_ADC1_Init) refers to stm32g4xx_ll_adc.o(i.LL_ADC_INJ_Init) for LL_ADC_INJ_Init
    main.o(i.MX_ADC1_Init) refers to main.o(i.LL_ADC_REG_SetSequencerRanks) for LL_ADC_REG_SetSequencerRanks
    main.o(i.MX_ADC1_Init) refers to main.o(i.LL_ADC_SetChannelSamplingTime) for LL_ADC_SetChannelSamplingTime
    main.o(i.MX_ADC1_Init) refers to main.o(i.LL_ADC_SetChannelSingleDiff) for LL_ADC_SetChannelSingleDiff
    main.o(i.MX_ADC1_Init) refers to main.o(i.LL_ADC_INJ_SetSequencerRanks) for LL_ADC_INJ_SetSequencerRanks
    main.o(i.MX_ADC1_Init) refers to system_stm32g4xx.o(.data) for SystemCoreClock
    main.o(i.MX_ADC2_Init) refers to rt_memclr_w.o(.text) for __aeabi_memclr4
    main.o(i.MX_ADC2_Init) refers to main.o(i.LL_RCC_SetADCClockSource) for LL_RCC_SetADCClockSource
    main.o(i.MX_ADC2_Init) refers to main.o(i.LL_AHB2_GRP1_EnableClock) for LL_AHB2_GRP1_EnableClock
    main.o(i.MX_ADC2_Init) refers to stm32g4xx_ll_gpio.o(i.LL_GPIO_Init) for LL_GPIO_Init
[...]
    defsig_abrt_inner.o(.text) refers to defsig_general.o(.text) for __default_signal_display
    defsig_rtred_inner.o(.text) refers to defsig_general.o(.text) for __default_signal_display
    defsig_rtmem_inner.o(.text) refers to defsig_general.o(.text) for __default_signal_display
    defsig_rtmem_outer.o(.text) refers to defsig_rtmem_inner.o(.text) for __rt_SIGRTMEM_inner
    defsig_rtmem_outer.o(.text) refers to defsig_exit.o(.text) for __sig_exit
    defsig_rtmem_formal.o(.text) refers to rt_raise.o(.text) for __rt_raise
    defsig_stak_inner.o(.text) refers to defsig_general.o(.text) for __default_signal_display
    defsig_pvfn_inner.o(.text) refers to defsig_general.o(.text) for __default_signal_display
    defsig_cppl_inner.o(.text) refers to defsig_general.o(.text) for __default_signal_display
    defsig_segv_inner.o(.text) refers to defsig_general.o(.text) for __default_signal_display
    defsig_other.o(.text) refers to defsig_general.o(.text) for __default_signal_display


==============================================================================

Removing Unused input sections from the image.

    Removing main.o(.rev16_text), (4 bytes).
    Removing main.o(.revsh_text), (4 bytes).
    Removing main.o(.rrx_text), (6 bytes).
    Removing main.o(i.Error_Handler), (4 bytes).
    Removing stm32g4xx_it.o(.rev16_text), (4 bytes).
    Removing stm32g4xx_it.o(.revsh_text), (4 bytes).
    Removing stm32g4xx_it.o(.rrx_text), (6 bytes).
    Removing stm32g4xx_ll_utils.o(.rev16_text), (4 bytes).
    Removing stm32g4xx_ll_utils.o(.revsh_text), (4 bytes).
    Removing stm32g4xx_ll_utils.o(.rrx_text), (6 bytes).
    Removing stm32g4xx_ll_utils.o(i.LL_PLL_ConfigSystemClock_HSE), (164 bytes).
    Removing stm32g4xx_ll_utils.o(i.LL_PLL_ConfigSystemClock_HSI), (144 bytes).
    Removing stm32g4xx_ll_utils.o(i.LL_RCC_PLL_ConfigDomain_SYS), (32 bytes).
    Removing stm32g4xx_ll_utils.o(i.LL_RCC_SetAHBPrescaler), (20 bytes).
    Removing stm32g4xx_ll_utils.o(i.LL_SetFlashLatency), (212 bytes).
    Removing stm32g4xx_ll_utils.o(i.LL_mDelay), (30 bytes).
    Removing stm32g4xx_ll_utils.o(i.UTILS_EnablePLLAndSwitchSystem), (164 bytes).
    Removing stm32g4xx_ll_utils.o(i.UTILS_GetPLLOutputFrequency), (34 bytes).
    Removing stm32g4xx_ll_utils.o(i.UTILS_PLL_IsBusy), (24 bytes).
    Removing stm32g4xx_ll_exti.o(.rev16_text), (4 bytes).
    Removing stm32g4xx_ll_exti.o(.revsh_text), (4 bytes).
    Removing stm32g4xx_ll_exti.o(.rrx_text), (6 bytes).
    Removing stm32g4xx_ll_exti.o(i.LL_EXTI_DeInit), (80 bytes).
    Removing stm32g4xx_ll_exti.o(i.LL_EXTI_Init), (324 bytes).
    Removing stm32g4xx_ll_exti.o(i.LL_EXTI_StructInit), (16 bytes).
    Removing stm32g4xx_ll_gpio.o(.rev16_text), (4 bytes).
    Removing stm32g4xx_ll_gpio.o(.revsh_text), (4 bytes).
    Removing stm32g4xx_ll_gpio.o(.rrx_text), (6 bytes).
    Removing stm32g4xx_ll_gpio.o(i.LL_AHB2_GRP1_ForceReset), (16 bytes).
    Removing stm32g4xx_ll_gpio.o(i.LL_AHB2_GRP1_ReleaseReset), (16 bytes).
    Removing stm32g4xx_ll_gpio.o(i.LL_GPIO_DeInit), (152 bytes).
    Removing stm32g4xx_ll_gpio.o(i.LL_GPIO_StructInit), (22 bytes).
    Removing stm32g4xx_ll_adc.o(.rev16_text), (4 bytes).
    Removing stm32g4xx_ll_adc.o(.revsh_text), (4 bytes).
    Removing stm32g4xx_ll_adc.o(.rrx_text), (6 bytes).
    Removing stm32g4xx_ll_adc.o(i.LL_ADC_CommonDeInit), (36 bytes).
    Removing stm32g4xx_ll_adc.o(i.LL_ADC_CommonStructInit), (16 bytes).
    Removing stm32g4xx_ll_adc.o(i.LL_ADC_DeInit), (432 bytes).
    Removing stm32g4xx_ll_adc.o(i.LL_ADC_INJ_StructInit), (12 bytes).
    Removing stm32g4xx_ll_adc.o(i.LL_ADC_REG_StructInit), (20 bytes).
    Removing stm32g4xx_ll_adc.o(i.LL_ADC_StructInit), (10 bytes).
    Removing stm32g4xx_ll_dma.o(.rev16_text), (4 bytes).
    Removing stm32g4xx_ll_dma.o(.revsh_text), (4 bytes).
    Removing stm32g4xx_ll_dma.o(.rrx_text), (6 bytes).
    Removing stm32g4xx_ll_dma.o(i.LL_DMA_DeInit), (284 bytes).
    Removing stm32g4xx_ll_dma.o(i.LL_DMA_Init), (96 bytes).
    Removing stm32g4xx_ll_dma.o(i.LL_DMA_SetPeriphRequest), (36 bytes).
    Removing stm32g4xx_ll_dma.o(i.LL_DMA_StructInit), (26 bytes).
    Removing stm32g4xx_ll_dma.o(.constdata), (6 bytes).
    Removing stm32g4xx_ll_comp.o(.rev16_text), (4 bytes).
    Removing stm32g4xx_ll_comp.o(.revsh_text), (4 bytes).
    Removing stm32g4xx_ll_comp.o(.rrx_text), (6 bytes).
    Removing stm32g4xx_ll_comp.o(i.LL_COMP_DeInit), (20 bytes).
    Removing stm32g4xx_ll_comp.o(i.LL_COMP_StructInit), (20 bytes).
    Removing stm32g4xx_ll_rcc.o(.rev16_text), (4 bytes).
    Removing stm32g4xx_ll_rcc.o(.revsh_text), (4 bytes).
    Removing stm32g4xx_ll_rcc.o(.rrx_text), (6 bytes).
    Removing stm32g4xx_ll_rcc.o(i.LL_RCC_DeInit), (96 bytes).
    Removing stm32g4xx_ll_rcc.o(i.LL_RCC_GetADCClockFreq), (168 bytes).
    Removing stm32g4xx_ll_rcc.o(i.LL_RCC_GetFDCANClockFreq), (92 bytes).
    Removing stm32g4xx_ll_rcc.o(i.LL_RCC_GetI2CClockFreq), (108 bytes).
    Removing stm32g4xx_ll_rcc.o(i.LL_RCC_GetI2CClockSource), (32 bytes).
    Removing stm32g4xx_ll_rcc.o(i.LL_RCC_GetI2SClockFreq), (92 bytes).
    Removing stm32g4xx_ll_rcc.o(i.LL_RCC_GetLPTIMClockFreq), (104 bytes).
    Removing stm32g4xx_ll_rcc.o(i.LL_RCC_GetLPUARTClockFreq), (84 bytes).
    Removing stm32g4xx_ll_rcc.o(i.LL_RCC_GetRNGClockFreq), (76 bytes).
    Removing stm32g4xx_ll_rcc.o(i.LL_RCC_GetSAIClockFreq), (92 bytes).
    Removing stm32g4xx_ll_rcc.o(i.LL_RCC_GetSystemClocksFreq), (32 bytes).
    Removing stm32g4xx_ll_rcc.o(i.LL_RCC_GetUARTClockFreq), (92 bytes).
    Removing stm32g4xx_ll_rcc.o(i.LL_RCC_GetUSARTClockFreq), (180 bytes).
    Removing stm32g4xx_ll_rcc.o(i.LL_RCC_GetUSBClockFreq), (76 bytes).
    Removing stm32g4xx_ll_rcc.o(i.LL_RCC_HSI_IsReady), (16 bytes).
    Removing stm32g4xx_ll_rcc.o(i.LL_RCC_LSE_IsReady), (16 bytes).
    Removing stm32g4xx_ll_rcc.o(i.LL_RCC_PLL_IsEnabledDomain_48M), (16 bytes).
    Removing stm32g4xx_ll_rcc.o(i.LL_RCC_PLL_IsReady), (16 bytes).
    Removing stm32g4xx_ll_rcc.o(i.RCC_GetHCLKClockFreq), (32 bytes).
    Removing stm32g4xx_ll_rcc.o(i.RCC_GetPCLK1ClockFreq), (32 bytes).
    Removing stm32g4xx_ll_rcc.o(i.RCC_GetPCLK2ClockFreq), (32 bytes).
    Removing stm32g4xx_ll_rcc.o(i.RCC_GetSystemClockFreq), (96 bytes).
    Removing stm32g4xx_ll_rcc.o(i.RCC_PLL_GetFreqDomain_48M), (72 bytes).
    Removing stm32g4xx_ll_dac.o(.rev16_text), (4 bytes).
    Removing stm32g4xx_ll_dac.o(.revsh_text), (4 bytes).
    Removing stm32g4xx_ll_dac.o(.rrx_text), (6 bytes).
    Removing stm32g4xx_ll_dac.o(i.LL_DAC_DeInit), (64 bytes).
    Removing stm32g4xx_ll_dac.o(i.LL_DAC_StructInit), (18 bytes).
    Removing stm32g4xx_ll_pwr.o(.rev16_text), (4 bytes).
    Removing stm32g4xx_ll_pwr.o(.revsh_text), (4 bytes).
    Removing stm32g4xx_ll_pwr.o(.rrx_text), (6 bytes).
    Removing stm32g4xx_ll_pwr.o(i.LL_PWR_DeInit), (28 bytes).
    Removing stm32g4xx_ll_tim.o(.rev16_text), (4 bytes).
    Removing stm32g4xx_ll_tim.o(.revsh_text), (4 bytes).
    Removing stm32g4xx_ll_tim.o(.rrx_text), (6 bytes).
    Removing stm32g4xx_ll_tim.o(i.LL_APB1_GRP1_ForceReset), (16 bytes).
    Removing stm32g4xx_ll_tim.o(i.LL_APB1_GRP1_ReleaseReset), (16 bytes).
    Removing stm32g4xx_ll_tim.o(i.LL_APB2_GRP1_ForceReset), (16 bytes).
    Removing stm32g4xx_ll_tim.o(i.LL_APB2_GRP1_ReleaseReset), (16 bytes).
    Removing stm32g4xx_ll_tim.o(i.LL_TIM_BDTR_StructInit), (30 bytes).
    Removing stm32g4xx_ll_tim.o(i.LL_TIM_DeInit), (200 bytes).
    Removing stm32g4xx_ll_tim.o(i.LL_TIM_ENCODER_Init), (100 bytes).
    Removing stm32g4xx_ll_tim.o(i.LL_TIM_ENCODER_StructInit), (28 bytes).
    Removing stm32g4xx_ll_tim.o(i.LL_TIM_HALLSENSOR_Init), (96 bytes).
    Removing stm32g4xx_ll_tim.o(i.LL_TIM_HALLSENSOR_StructInit), (12 bytes).
    Removing stm32g4xx_ll_tim.o(i.LL_TIM_IC_Init), (224 bytes).
    Removing stm32g4xx_ll_tim.o(i.LL_TIM_IC_StructInit), (16 bytes).
    Removing stm32g4xx_ll_tim.o(i.LL_TIM_OC_StructInit), (20 bytes).
    Removing stm32g4xx_ll_tim.o(i.LL_TIM_StructInit), (16 bytes).
    Removing system_stm32g4xx.o(.rev16_text), (4 bytes).
    Removing system_stm32g4xx.o(.revsh_text), (4 bytes).
    Removing system_stm32g4xx.o(.rrx_text), (6 bytes).
    Removing system_stm32g4xx.o(i.SystemCoreClockUpdate), (124 bytes).
    Removing system_stm32g4xx.o(.constdata), (16 bytes).
    Removing system_stm32g4xx.o(.constdata), (8 bytes).
    Removing bldcinterface.o(.rev16_text), (4 bytes).
    Removing bldcinterface.o(.revsh_text), (4 bytes).
    Removing bldcinterface.o(.rrx_text), (6 bytes).
    Removing bldcinterface.o(i.bldc_StartPWM_AllChannel_LowSides), (28 bytes).
    Removing bldcinterface.o(i.bldc_StopPWM_AllChannel_LowSides), (28 bytes).
    Removing dshoot.o(.rev16_text), (4 bytes).
    Removing dshoot.o(.revsh_text), (4 bytes).
    Removing dshoot.o(.rrx_text), (6 bytes).
    Removing dshoot.o(i.dShoot_GetTransmitBufferAddress), (8 bytes).
    Removing dshoot.o(i.dShoot_TransmitValueWithDMA), (68 bytes).
    Removing dshoot.o(i.dShoot_ValueEncode), (60 bytes).
    Removing dshoot.o(i.dShoot_ValueTransmitWithDMA), (14 bytes).
    Removing dshoot.o(.constdata), (6 bytes).

125 unused section(s) (total 5606 bytes) removed from the image.

==============================================================================

Image Symbol Table

    Local Symbols

    Symbol Name                              Value     Ov Type        Size  Object(Section)

    ../Core/Src/main.c                       0x00000000   Number         0  main.o ABSOLUTE
    ../Core/Src/stm32g4xx_it.c               0x00000000   Number         0  stm32g4xx_it.o ABSOLUTE
    ../Core/Src/system_stm32g4xx.c           0x00000000   Number         0  system_stm32g4xx.o ABSOLUTE
    ../Drivers/STM32G4xx_HAL_Driver/Src/stm32g4xx_ll_adc.c 0x00000000   Number         0  stm32g4xx_ll_adc.o ABSOLUTE
    ../Drivers/STM32G4xx_HAL_Driver/Src/stm32g4xx_ll_comp.c 0x00000000   Number         0  stm32g4xx_ll_comp.o ABSOLUTE
    ../Drivers/STM32G4xx_HAL_Driver/Src/stm32g4xx_ll_dac.c 0x00000000   Number         0  stm32g4xx_ll_dac.o ABSOLUTE
    ../Drivers/STM32G4xx_HAL_Driver/Src/stm32g4xx_ll_dma.c 0x00000000   Number         0  stm32g4xx_ll_dma.o ABSOLUTE
    ../Drivers/STM32G4xx_HAL_Driver/Src/stm32g4xx_ll_exti.c 0x00000000   Number         0  stm32g4xx_ll_exti.o ABSOLUTE
    ../Drivers/STM32G4xx_HAL_Driver/Src/stm32g4xx_ll_gpio.c 0x00000000   Number         0  stm32g4xx_ll_gpio.o ABSOLUTE
    ../Drivers/STM32G4xx_HAL_Driver/Src/stm32g4xx_ll_pwr.c 0x00000000   Number         0  stm32g4xx_ll_pwr.o ABSOLUTE
    ../Drivers/STM32G4xx_HAL_Driver/Src/stm32g4xx_ll_rcc.c 0x00000000   Number         0  stm32g4xx_ll_rcc.o ABSOLUTE
    ../Drivers/STM32G4xx_HAL_Driver/Src/stm32g4xx_ll_tim.c 0x00000000   Number         0  stm32g4xx_ll_tim.o ABSOLUTE
    ../Drivers/STM32G4xx_HAL_Driver/Src/stm32g4xx_ll_utils.c 0x00000000   Number         0  stm32g4xx_ll_utils.o ABSOLUTE
    ../clib/angel/boardlib.s                 0x00000000   Number         0  boardinit3.o ABSOLUTE
    ../clib/angel/boardlib.s                 0x00000000   Number         0  boardinit2.o ABSOLUTE
    ../clib/angel/boardlib.s                 0x00000000   Number         0  boardinit1.o ABSOLUTE
    ../clib/angel/boardlib.s                 0x00000000   Number         0  boardshut.o ABSOLUTE
    ../clib/angel/handlers.s                 0x00000000   Number         0  __scatter_copy.o ABSOLUTE
    ../clib/angel/handlers.s                 0x00000000   Number         0  __scatter_zi.o ABSOLUTE
    ../clib/angel/kernel.s                   0x00000000   Number         0  __rtentry2.o ABSOLUTE
    ../clib/angel/kernel.s                   0x00000000   Number         0  __rtentry4.o ABSOLUTE
    ../clib/angel/kernel.s                   0x00000000   Number         0  rtexit2.o ABSOLUTE
    ../clib/angel/kernel.s                   0x00000000   Number         0  __rtentry.o ABSOLUTE
    ../clib/angel/kernel.s                   0x00000000   Number         0  rtexit.o ABSOLUTE
    ../clib/angel/rt.s                       0x00000000   Number         0  rt_raise.o ABSOLUTE
    ../clib/angel/rt.s                       0x00000000   Number         0  aeabi_ldiv0_sigfpe.o ABSOLUTE
    ../clib/angel/rt.s                       0x00000000   Number         0  aeabi_ldiv0.o ABSOLUTE
    ../clib/angel/rt.s                       0x00000000   Number         0  rt_div0.o ABSOLUTE
    ../clib/angel/scatter.s                  0x00000000   Number         0  __scatter.o ABSOLUTE
    ../clib/angel/startup.s                  0x00000000   Number         0  __main.o ABSOLUTE
    ../clib/angel/sys.s                      0x00000000   Number         0  indicate_semi.o ABSOLUTE
    ../clib/angel/sys.s                      0x00000000   Number         0  use_no_semi.o ABSOLUTE
    ../clib/angel/sys.s                      0x00000000   Number         0  libspace.o ABSOLUTE
    ../clib/angel/sys.s                      0x00000000   Number         0  sys_stackheap_outer.o ABSOLUTE
    ../clib/angel/sysapp.c                   0x00000000   Number         0  sys_wrch.o ABSOLUTE
    ../clib/angel/sysapp.c                   0x00000000   Number         0  sys_command.o ABSOLUTE
    ../clib/angel/sysapp.c                   0x00000000   Number         0  sys_exit.o ABSOLUTE
    ../clib/armsys.c                         0x00000000   Number         0  no_argv.o ABSOLUTE
    ../clib/armsys.c                         0x00000000   Number         0  argv_veneer.o ABSOLUTE
    ../clib/armsys.c                         0x00000000   Number         0  argv_veneer.o ABSOLUTE
    ../clib/armsys.c                         0x00000000   Number         0  _get_argv_nomalloc.o ABSOLUTE
    ../clib/heapalloc.c                      0x00000000   Number         0  hrguard.o ABSOLUTE
    ../clib/heapaux.c                        0x00000000   Number         0  heapauxi.o ABSOLUTE
    ../clib/libinit.s                        0x00000000   Number         0  libshutdown2.o ABSOLUTE
    ../clib/libinit.s                        0x00000000   Number         0  libshutdown.o ABSOLUTE
    ../clib/libinit.s                        0x00000000   Number         0  libinit2.o ABSOLUTE
    ../clib/libinit.s                        0x00000000   Number         0  libinit.o ABSOLUTE
    ../clib/longlong.s                       0x00000000   Number         0  lludivv7m.o ABSOLUTE
    ../clib/memcpset.s                       0x00000000   Number         0  rt_memcpy_w.o ABSOLUTE
    ../clib/memcpset.s                       0x00000000   Number         0  rt_memclr_w.o ABSOLUTE
    ../clib/signal.c                         0x00000000   Number         0  defsig_fpe_inner.o ABSOLUTE
    ../clib/signal.c                         0x00000000   Number         0  defsig_exit.o ABSOLUTE
    ../clib/signal.c                         0x00000000   Number         0  defsig_rtmem_inner.o ABSOLUTE
    ../clib/signal.c                         0x00000000   Number         0  defsig_rtmem_outer.o ABSOLUTE
    ../clib/signal.c                         0x00000000   Number         0  defsig_segv_inner.o ABSOLUTE
    ../clib/signal.c                         0x00000000   Number         0  defsig_general.o ABSOLUTE
    ../clib/signal.c                         0x00000000   Number         0  defsig_stak_inner.o ABSOLUTE
    ../clib/signal.c                         0x00000000   Number         0  __raise.o ABSOLUTE
    ../clib/signal.c                         0x00000000   Number         0  defsig_pvfn_inner.o ABSOLUTE
    ../clib/signal.c                         0x00000000   Number         0  defsig_cppl_inner.o ABSOLUTE
    ../clib/signal.c                         0x00000000   Number         0  defsig_other.o ABSOLUTE
    ../clib/signal.c                         0x00000000   Number         0  defsig_fpe_formal.o ABSOLUTE
    ../clib/signal.c                         0x00000000   Number         0  defsig_fpe_outer.o ABSOLUTE
    ../clib/signal.c                         0x00000000   Number         0  defsig_abrt_inner.o ABSOLUTE
    ../clib/signal.c                         0x00000000   Number         0  defsig_rtmem_formal.o ABSOLUTE
    ../clib/signal.c                         0x00000000   Number         0  defsig_rtred_inner.o ABSOLUTE
    ../clib/signal.s                         0x00000000   Number         0  defsig.o ABSOLUTE
    ../clib/stdlib.c                         0x00000000   Number         0  exit.o ABSOLUTE
    ../fplib/fpinit.s                        0x00000000   Number         0  fpinit.o ABSOLUTE
    ..\BLDC\interface\bldcInterface.c        0x00000000   Number         0  bldcinterface.o ABSOLUTE
    ..\BLDC\source\bldcMath.c                0x00000000   Number         0  bldcmath.o ABSOLUTE
    ..\BLDC\source\bldcSensorless.c          0x00000000   Number         0  bldcsensorless.o ABSOLUTE
    ..\BLDC\source\bldcTask.c                0x00000000   Number         0  bldctask.o ABSOLUTE
    ..\Core\Src\main.c                       0x00000000   Number         0  main.o ABSOLUTE
    ..\Core\Src\stm32g4xx_it.c               0x00000000   Number         0  stm32g4xx_it.o ABSOLUTE
    ..\Core\Src\system_stm32g4xx.c           0x00000000   Number         0  system_stm32g4xx.o ABSOLUTE
    ..\Drivers\STM32G4xx_HAL_Driver\Src\stm32g4xx_ll_adc.c 0x00000000   Number         0  stm32g4xx_ll_adc.o ABSOLUTE
    ..\Drivers\STM32G4xx_HAL_Driver\Src\stm32g4xx_ll_comp.c 0x00000000   Number         0  stm32g4xx_ll_comp.o ABSOLUTE
    ..\Drivers\STM32G4xx_HAL_Driver\Src\stm32g4xx_ll_dac.c 0x00000000   Number         0  stm32g4xx_ll_dac.o ABSOLUTE
    ..\Drivers\STM32G4xx_HAL_Driver\Src\stm32g4xx_ll_dma.c 0x00000000   Number         0  stm32g4xx_ll_dma.o ABSOLUTE
    ..\Drivers\STM32G4xx_HAL_Driver\Src\stm32g4xx_ll_exti.c 0x00000000   Number         0  stm32g4xx_ll_exti.o ABSOLUTE
    ..\Drivers\STM32G4xx_HAL_Driver\Src\stm32g4xx_ll_gpio.c 0x00000000   Number         0  stm32g4xx_ll_gpio.o ABSOLUTE
    ..\Drivers\STM32G4xx_HAL_Driver\Src\stm32g4xx_ll_pwr.c 0x00000000   Number         0  stm32g4xx_ll_pwr.o ABSOLUTE
    ..\Drivers\STM32G4xx_HAL_Driver\Src\stm32g4xx_ll_rcc.c 0x00000000   Number         0  stm32g4xx_ll_rcc.o ABSOLUTE
    ..\Drivers\STM32G4xx_HAL_Driver\Src\stm32g4xx_ll_tim.c 0x00000000   Number         0  stm32g4xx_ll_tim.o ABSOLUTE
    ..\Drivers\STM32G4xx_HAL_Driver\Src\stm32g4xx_ll_utils.c 0x00000000   Number         0  stm32g4xx_ll_utils.o ABSOLUTE
    ..\\BLDC\\interface\\bldcInterface.c     0x00000000   Number         0  bldcinterface.o ABSOLUTE
    ..\\dShoot\\source\\dShoot.c             0x00000000   Number         0  dshoot.o ABSOLUTE
    ..\dShoot\source\dShoot.c                0x00000000   Number         0  dshoot.o ABSOLUTE
    dc.s                                     0x00000000   Number         0  dc.o ABSOLUTE
    startup_stm32g431xx.s                    0x00000000   Number         0  startup_stm32g431xx.o ABSOLUTE
    RESET                                    0x08000000   Section      472  startup_stm32g431xx.o(RESET)
    !!!main                                  0x080001d8   Section        8  __main.o(!!!main)
    !!!scatter                               0x080001e0   Section       52  __scatter.o(!!!scatter)
    !!handler_copy                           0x08000214   Section       26  __scatter_copy.o(!!handler_copy)
    !!handler_zi                             0x08000230   Section       28  __scatter_zi.o(!!handler_zi)
    .ARM.Collect$$libinit$$00000000          0x0800024c   Section        2  libinit.o(.ARM.Collect$$libinit$$00000000)
    .ARM.Collect$$libinit$$00000001          0x0800024e   Section        4  libinit2.o(.ARM.Collect$$libinit$$00000001)
    .ARM.Collect$$libinit$$00000004          0x08000252   Section        0  libinit2.o(.ARM.Collect$$libinit$$00000004)
    .ARM.Collect$$libinit$$0000000A          0x08000252   Section        0  libinit2.o(.ARM.Collect$$libinit$$0000000A)
    .ARM.Collect$$libinit$$0000000C          0x08000252   Section        0  libinit2.o(.ARM.Collect$$libinit$$0000000C)
    .ARM.Collect$$libinit$$0000000E          0x08000252   Section        0  libinit2.o(.ARM.Collect$$libinit$$0000000E)
    .ARM.Collect$$libinit$$00000011          0x08000252   Section        0  libinit2.o(.ARM.Collect$$libinit$$00000011)
    .ARM.Collect$$libinit$$00000013          0x08000252   Section        0  libinit2.o(.ARM.Collect$$libinit$$00000013)
    .ARM.Collect$$libinit$$00000015          0x08000252   Section        0  libinit2.o(.ARM.Collect$$libinit$$00000015)
    .ARM.Collect$$libinit$$00000017          0x08000252   Section        0  libinit2.o(.ARM.Collect$$libinit$$00000017)
    .ARM.Collect$$libinit$$00000019          0x08000252   Section        0  libinit2.o(.ARM.Collect$$libinit$$00000019)
    .ARM.Collect$$libinit$$0000001B          0x08000252   Section        0  libinit2.o(.ARM.Collect$$libinit$$0000001B)
    .ARM.Collect$$libinit$$0000001D          0x08000252   Section        0  libinit2.o(.ARM.Collect$$libinit$$0000001D)
    .ARM.Collect$$libinit$$0000001F          0x08000252   Section        0  libinit2.o(.ARM.Collect$$libinit$$0000001F)
    .ARM.Collect$$libinit$$00000021          0x08000252   Section        0  libinit2.o(.ARM.Collect$$libinit$$00000021)
    .ARM.Collect$$libinit$$00000023          0x08000252   Section        0  libinit2.o(.ARM.Collect$$libinit$$00000023)
    .ARM.Collect$$libinit$$00000025          0x08000252   Section        0  libinit2.o(.ARM.Collect$$libinit$$00000025)
    .ARM.Collect$$libinit$$0000002C          0x08000252   Section        0  libinit2.o(.ARM.Collect$$libinit$$0000002C)
    .ARM.Collect$$libinit$$0000002E          0x08000252   Section        0  libinit2.o(.ARM.Collect$$libinit$$0000002E)
    .ARM.Collect$$libinit$$00000030          0x08000252   Section        0  libinit2.o(.ARM.Collect$$libinit$$00000030)
    .ARM.Collect$$libinit$$00000032          0x08000252   Section        0  libinit2.o(.ARM.Collect$$libinit$$00000032)
    .ARM.Collect$$libinit$$00000033          0x08000252   Section        2  libinit2.o(.ARM.Collect$$libinit$$00000033)
    .ARM.Collect$$libshutdown$$00000000      0x08000254   Section        2  libshutdown.o(.ARM.Collect$$libshutdown$$00000000)
    .ARM.Collect$$libshutdown$$00000002      0x08000256   Section        0  libshutdown2.o(.ARM.Collect$$libshutdown$$00000002)
    .ARM.Collect$$libshutdown$$00000004      0x08000256   Section        0  libshutdown2.o(.ARM.Collect$$libshutdown$$00000004)
    .ARM.Collect$$libshutdown$$00000006      0x08000256   Section        0  libshutdown2.o(.ARM.Collect$$libshutdown$$00000006)
    .ARM.Collect$$libshutdown$$00000009      0x08000256   Section        0  libshutdown2.o(.ARM.Collect$$libshutdown$$00000009)
    .ARM.Collect$$libshutdown$$0000000C      0x08000256   Section        0  libshutdown2.o(.ARM.Collect$$libshutdown$$0000000C)
    .ARM.Collect$$libshutdown$$0000000E      0x08000256   Section        0  libshutdown2.o(.ARM.Collect$$libshutdown$$0000000E)
    .ARM.Collect$$libshutdown$$00000011      0x08000256   Section        0  libshutdown2.o(.ARM.Collect$$libshutdown$$00000011)
    .ARM.Collect$$libshutdown$$00000012      0x08000256   Section        2  libshutdown2.o(.ARM.Collect$$libshutdown$$00000012)
    .ARM.Collect$$rtentry$$00000000          0x08000258   Section        0  __rtentry.o(.ARM.Collect$$rtentry$$00000000)
    .ARM.Collect$$rtentry$$00000002          0x08000258   Section        0  __rtentry2.o(.ARM.Collect$$rtentry$$00000002)
    .ARM.Collect$$rtentry$$00000004          0x08000258   Section        6  __rtentry4.o(.ARM.Collect$$rtentry$$00000004)
    .ARM.Collect$$rtentry$$00000009          0x0800025e   Section        0  __rtentry2.o(.ARM.Collect$$rtentry$$00000009)
    .ARM.Collect$$rtentry$$0000000A          0x0800025e   Section        4  __rtentry2.o(.ARM.Collect$$rtentry$$0000000A)
    .ARM.Collect$$rtentry$$0000000C          0x08000262   Section        0  __rtentry2.o(.ARM.Collect$$rtentry$$0000000C)
    .ARM.Collect$$rtentry$$0000000D          0x08000262   Section        8  __rtentry2.o(.ARM.Collect$$rtentry$$0000000D)
    .ARM.Collect$$rtexit$$00000000           0x0800026a   Section        2  rtexit.o(.ARM.Collect$$rtexit$$00000000)
    .ARM.Collect$$rtexit$$00000002           0x0800026c   Section        0  rtexit2.o(.ARM.Collect$$rtexit$$00000002)
    .ARM.Collect$$rtexit$$00000003           0x0800026c   Section        4  rtexit2.o(.ARM.Collect$$rtexit$$00000003)
    .ARM.Collect$$rtexit$$00000004           0x08000270   Section        6  rtexit2.o(.ARM.Collect$$rtexit$$00000004)
    .text                                    0x08000278   Section       64  startup_stm32g431xx.o(.text)
    $v0                                      0x08000278   Number         0  startup_stm32g431xx.o(.text)
    .text                                    0x080002b8   Section      238  lludivv7m.o(.text)
    .text                                    0x080003a6   Section      100  rt_memcpy_w.o(.text)
    .text                                    0x0800040a   Section       78  rt_memclr_w.o(.text)
    .text                                    0x08000458   Section        0  heapauxi.o(.text)
    .text                                    0x0800045e   Section       74  sys_stackheap_outer.o(.text)
    .text                                    0x080004a8   Section        0  exit.o(.text)
    .text                                    0x080004bc   Section        8  libspace.o(.text)
    .text                                    0x080004c4   Section        0  sys_exit.o(.text)
    .text                                    0x080004d0   Section        2  use_no_semi.o(.text)
    .text                                    0x080004d2   Section        0  indicate_semi.o(.text)
    i.ADC1_2_IRQHandler                      0x080004d4   Section        0  stm32g4xx_it.o(i.ADC1_2_IRQHandler)
    i.BusFault_Handler                       0x080004f0   Section        0  stm32g4xx_it.o(i.BusFault_Handler)
    i.DMA1_Channel1_IRQHandler               0x080004f4   Section        0  stm32g4xx_it.o(i.DMA1_Channel1_IRQHandler)
    i.DebugMon_Handler                       0x0800053c   Section        0  stm32g4xx_it.o(i.DebugMon_Handler)
    i.HardFault_Handler                      0x0800053e   Section        0  stm32g4xx_it.o(i.HardFault_Handler)
    i.LL_ADC_CommonInit                      0x08000540   Section        0  stm32g4xx_ll_adc.o(i.LL_ADC_CommonInit)
    i.LL_ADC_INJ_Init                        0x08000590   Section        0  stm32g4xx_ll_adc.o(i.LL_ADC_INJ_Init)
    i.LL_ADC_INJ_ReadConversionData12        0x080005d2   Section        0  bldcinterface.o(i.LL_ADC_INJ_ReadConversionData12)
    LL_ADC_INJ_ReadConversionData12          0x080005d3   Thumb Code    16  bldcinterface.o(i.LL_ADC_INJ_ReadConversionData12)
    i.LL_ADC_INJ_SetSequencerRanks           0x080005e2   Section        0  main.o(i.LL_ADC_INJ_SetSequencerRanks)
    LL_ADC_INJ_SetSequencerRanks             0x080005e3   Thumb Code    26  main.o(i.LL_ADC_INJ_SetSequencerRanks)
    i.LL_ADC_INJ_SetSequencerRanks           0x080005fc   Section        0  bldcinterface.o(i.LL_ADC_INJ_SetSequencerRanks)
    LL_ADC_INJ_SetSequencerRanks             0x080005fd   Thumb Code    26  bldcinterface.o(i.LL_ADC_INJ_SetSequencerRanks)
    i.LL_ADC_Init                            0x08000616   Section        0  stm32g4xx_ll_adc.o(i.LL_ADC_Init)
    i.LL_ADC_REG_Init                        0x08000640   Section        0  stm32g4xx_ll_adc.o(i.LL_ADC_REG_Init)
    i.LL_ADC_REG_SetSequencerRanks           0x08000694   Section        0  main.o(i.LL_ADC_REG_SetSequencerRanks)
    LL_ADC_REG_SetSequencerRanks             0x08000695   Thumb Code    34  main.o(i.LL_ADC_REG_SetSequencerRanks)
    i.LL_ADC_SetChannelSamplingTime          0x080006b6   Section        0  main.o(i.LL_ADC_SetChannelSamplingTime)
    LL_ADC_SetChannelSamplingTime            0x080006b7   Thumb Code    30  main.o(i.LL_ADC_SetChannelSamplingTime)
    i.LL_ADC_SetChannelSingleDiff            0x080006d4   Section        0  main.o(i.LL_ADC_SetChannelSingleDiff)
    LL_ADC_SetChannelSingleDiff              0x080006d5   Thumb Code    28  main.o(i.LL_ADC_SetChannelSingleDiff)
    i.LL_ADC_SetGainCompensation             0x080006f4   Section        0  main.o(i.LL_ADC_SetGainCompensation)
    LL_ADC_SetGainCompensation               0x080006f5   Thumb Code    32  main.o(i.LL_ADC_SetGainCompensation)
    i.LL_ADC_StartCalibration                0x08000714   Section        0  main.o(i.LL_ADC_StartCalibration)
    LL_ADC_StartCalibration                  0x08000715   Thumb Code    20  main.o(i.LL_ADC_StartCalibration)
    i.LL_AHB1_GRP1_EnableClock               0x0800072c   Section        0  main.o(i.LL_AHB1_GRP1_EnableClock)
    LL_AHB1_GRP1_EnableClock                 0x0800072d   Thumb Code    18  main.o(i.LL_AHB1_GRP1_EnableClock)
    i.LL_AHB2_GRP1_EnableClock               0x08000744   Section        0  main.o(i.LL_AHB2_GRP1_EnableClock)
    LL_AHB2_GRP1_EnableClock                 0x08000745   Thumb Code    18  main.o(i.LL_AHB2_GRP1_EnableClock)
    i.LL_APB1_GRP1_EnableClock               0x0800075c   Section        0  main.o(i.LL_APB1_GRP1_EnableClock)
    LL_APB1_GRP1_EnableClock                 0x0800075d   Thumb Code    18  main.o(i.LL_APB1_GRP1_EnableClock)
    i.LL_APB2_GRP1_EnableClock               0x08000774   Section        0  main.o(i.LL_APB2_GRP1_EnableClock)
    LL_APB2_GRP1_EnableClock                 0x08000775   Thumb Code    18  main.o(i.LL_APB2_GRP1_EnableClock)
    i.LL_COMP_Init                           0x0800078c   Section        0  stm32g4xx_ll_comp.o(i.LL_COMP_Init)
    i.LL_DAC_Init                            0x080007c0   Section        0  stm32g4xx_ll_dac.o(i.LL_DAC_Init)
    i.LL_DMA_SetPeriphRequest                0x08000858   Section        0  main.o(i.LL_DMA_SetPeriphRequest)
    LL_DMA_SetPeriphRequest                  0x08000859   Thumb Code    32  main.o(i.LL_DMA_SetPeriphRequest)
    i.LL_GPIO_Init                           0x0800087c   Section        0  stm32g4xx_ll_gpio.o(i.LL_GPIO_Init)
    i.LL_Init1msTick                         0x080009b2   Section        0  stm32g4xx_ll_utils.o(i.LL_Init1msTick)
    i.LL_RCC_SetADCClockSource               0x080009cc   Section        0  main.o(i.LL_RCC_SetADCClockSource)
    LL_RCC_SetADCClockSource                 0x080009cd   Thumb Code    28  main.o(i.LL_RCC_SetADCClockSource)
    i.LL_RCC_SetAHBPrescaler                 0x080009ec   Section        0  main.o(i.LL_RCC_SetAHBPrescaler)
    LL_RCC_SetAHBPrescaler                   0x080009ed   Thumb Code    14  main.o(i.LL_RCC_SetAHBPrescaler)
    i.LL_SetSystemCoreClock                  0x08000a00   Section        0  stm32g4xx_ll_utils.o(i.LL_SetSystemCoreClock)
    i.LL_TIM_BDTR_Init                       0x08000a0c   Section        0  stm32g4xx_ll_tim.o(i.LL_TIM_BDTR_Init)
    i.LL_TIM_IC_SetActiveInput               0x08000a84   Section        0  main.o(i.LL_TIM_IC_SetActiveInput)
    LL_TIM_IC_SetActiveInput                 0x08000a85   Thumb Code   118  main.o(i.LL_TIM_IC_SetActiveInput)
    i.LL_TIM_IC_SetFilter                    0x08000b00   Section        0  main.o(i.LL_TIM_IC_SetFilter)
    LL_TIM_IC_SetFilter                      0x08000b01   Thumb Code   118  main.o(i.LL_TIM_IC_SetFilter)
    i.LL_TIM_IC_SetPolarity                  0x08000b7c   Section        0  main.o(i.LL_TIM_IC_SetPolarity)
    LL_TIM_IC_SetPolarity                    0x08000b7d   Thumb Code   106  main.o(i.LL_TIM_IC_SetPolarity)
    i.LL_TIM_IC_SetPrescaler                 0x08000bec   Section        0  main.o(i.LL_TIM_IC_SetPrescaler)
    LL_TIM_IC_SetPrescaler                   0x08000bed   Thumb Code   118  main.o(i.LL_TIM_IC_SetPrescaler)
    i.LL_TIM_Init                            0x08000c68   Section        0  stm32g4xx_ll_tim.o(i.LL_TIM_Init)
    i.LL_TIM_OC_DisableFast                  0x08000d14   Section        0  main.o(i.LL_TIM_OC_DisableFast)
    LL_TIM_OC_DisableFast                    0x08000d15   Thumb Code   110  main.o(i.LL_TIM_OC_DisableFast)
    i.LL_TIM_OC_DisablePreload               0x08000d88   Section        0  main.o(i.LL_TIM_OC_DisablePreload)
    LL_TIM_OC_DisablePreload                 0x08000d89   Thumb Code   110  main.o(i.LL_TIM_OC_DisablePreload)
    i.LL_TIM_OC_EnablePreload                0x08000dfc   Section        0  main.o(i.LL_TIM_OC_EnablePreload)
    LL_TIM_OC_EnablePreload                  0x08000dfd   Thumb Code   110  main.o(i.LL_TIM_OC_EnablePreload)
    i.LL_TIM_OC_Init                         0x08000e70   Section        0  stm32g4xx_ll_tim.o(i.LL_TIM_OC_Init)
    i.MX_ADC1_Init                           0x08000fbc   Section        0  main.o(i.MX_ADC1_Init)
    MX_ADC1_Init                             0x08000fbd   Thumb Code   360  main.o(i.MX_ADC1_Init)
    i.MX_ADC2_Init                           0x0800114c   Section        0  main.o(i.MX_ADC2_Init)
    MX_ADC2_Init                             0x0800114d   Thumb Code   476  main.o(i.MX_ADC2_Init)
    i.MX_COMP1_Init                          0x08001354   Section        0  main.o(i.MX_COMP1_Init)
    MX_COMP1_Init                            0x08001355   Thumb Code   122  main.o(i.MX_COMP1_Init)
    i.MX_DAC1_Init                           0x080013e4   Section        0  main.o(i.MX_DAC1_Init)
    MX_DAC1_Init                             0x080013e5   Thumb Code    78  main.o(i.MX_DAC1_Init)
    i.MX_GPIO_Init                           0x0800143c   Section        0  main.o(i.MX_GPIO_Init)
    MX_GPIO_Init                             0x0800143d   Thumb Code   246  main.o(i.MX_GPIO_Init)
    i.MX_TIM1_Init                           0x0800153c   Section        0  main.o(i.MX_TIM1_Init)
    MX_TIM1_Init                             0x0800153d   Thumb Code   462  main.o(i.MX_TIM1_Init)
    i.MX_TIM4_Init                           0x08001718   Section        0  main.o(i.MX_TIM4_Init)
    MX_TIM4_Init                             0x08001719   Thumb Code   424  main.o(i.MX_TIM4_Init)
    i.MedianFilter                           0x080018dc   Section        0  bldcmath.o(i.MedianFilter)
    i.MemManage_Handler                      0x0800192c   Section        0  stm32g4xx_it.o(i.MemManage_Handler)
    i.NMI_Handler                            0x0800192e   Section        0  stm32g4xx_it.o(i.NMI_Handler)
    i.NVIC_EncodePriority                    0x08001930   Section        0  main.o(i.NVIC_EncodePriority)
    NVIC_EncodePriority                      0x08001931   Thumb Code    50  main.o(i.NVIC_EncodePriority)
    i.OC1Config                              0x08001964   Section        0  stm32g4xx_ll_tim.o(i.OC1Config)
    OC1Config                                0x08001965   Thumb Code   126  stm32g4xx_ll_tim.o(i.OC1Config)
    i.OC2Config                              0x080019fc   Section        0  stm32g4xx_ll_tim.o(i.OC2Config)
    OC2Config                                0x080019fd   Thumb Code   134  stm32g4xx_ll_tim.o(i.OC2Config)
    i.OC3Config                              0x08001a9c   Section        0  stm32g4xx_ll_tim.o(i.OC3Config)
    OC3Config                                0x08001a9d   Thumb Code   132  stm32g4xx_ll_tim.o(i.OC3Config)
    i.OC4Config                              0x08001b38   Section        0  stm32g4xx_ll_tim.o(i.OC4Config)
    OC4Config                                0x08001b39   Thumb Code   134  stm32g4xx_ll_tim.o(i.OC4Config)
    i.PendSV_Handler                         0x08001bd8   Section        0  stm32g4xx_it.o(i.PendSV_Handler)
    i.SVC_Handler                            0x08001bda   Section        0  stm32g4xx_it.o(i.SVC_Handler)
    i.SysTick_Handler                        0x08001bdc   Section        0  stm32g4xx_it.o(i.SysTick_Handler)
    i.SystemClock_Config                     0x08001be0   Section        0  main.o(i.SystemClock_Config)
    i.SystemInit                             0x08001cbc   Section        0  system_stm32g4xx.o(i.SystemInit)
    i.TIM4_IRQHandler                        0x08001ccc   Section        0  stm32g4xx_it.o(i.TIM4_IRQHandler)
    i.UsageFault_Handler                     0x08001d3c   Section        0  stm32g4xx_it.o(i.UsageFault_Handler)
    i.__NVIC_EnableIRQ                       0x08001d3e   Section        0  main.o(i.__NVIC_EnableIRQ)
    __NVIC_EnableIRQ                         0x08001d3f   Thumb Code    26  main.o(i.__NVIC_EnableIRQ)
    i.__NVIC_GetPriorityGrouping             0x08001d58   Section        0  main.o(i.__NVIC_GetPriorityGrouping)
    __NVIC_GetPriorityGrouping               0x08001d59   Thumb Code    10  main.o(i.__NVIC_GetPriorityGrouping)
    i.__NVIC_SetPriority                     0x08001d68   Section        0  main.o(i.__NVIC_SetPriority)
    __NVIC_SetPriority                       0x08001d69   Thumb Code    32  main.o(i.__NVIC_SetPriority)
    i.bldcSensorlessEstSpeed                 0x08001d88   Section        0  bldcsensorless.o(i.bldcSensorlessEstSpeed)
    i.bldc_BEMF_Get_U                        0x08001dcc   Section        0  bldcinterface.o(i.bldc_BEMF_Get_U)
    i.bldc_BEMF_Get_V                        0x08001e94   Section        0  bldcinterface.o(i.bldc_BEMF_Get_V)
    i.bldc_BEMF_Get_W                        0x08001f5c   Section        0  bldcinterface.o(i.bldc_BEMF_Get_W)
    i.bldc_DetermineButtonStatus             0x08002024   Section        0  bldctask.o(i.bldc_DetermineButtonStatus)
    i.bldc_GetBusCurrentAndSetNextSamplingPosition 0x08002040   Section        0  bldcinterface.o(i.bldc_GetBusCurrentAndSetNextSamplingPosition)
    i.bldc_GetBusVoltage                     0x08002094   Section        0  bldcinterface.o(i.bldc_GetBusVoltage)
    i.bldc_GetButtonStatus                   0x080020e4   Section        0  bldcinterface.o(i.bldc_GetButtonStatus)
    i.bldc_GetDriverTemp                     0x08002120   Section        0  bldcinterface.o(i.bldc_GetDriverTemp)
    i.bldc_HighFrequencyTask                 0x08002200   Section        0  bldctask.o(i.bldc_HighFrequencyTask)
    i.bldc_HighFrequencyTaskCallBack         0x0800240c   Section        0  bldcinterface.o(i.bldc_HighFrequencyTaskCallBack)
    i.bldc_LowFrequencyTaskCallBack          0x08002410   Section        0  bldcinterface.o(i.bldc_LowFrequencyTaskCallBack)
    i.bldc_PWM_LowSides_OFF_OFF_ON           0x08002480   Section        0  bldcinterface.o(i.bldc_PWM_LowSides_OFF_OFF_ON)
    i.bldc_PWM_LowSides_OFF_ON_OFF           0x0800249c   Section        0  bldcinterface.o(i.bldc_PWM_LowSides_OFF_ON_OFF)
    i.bldc_PWM_LowSides_ON_OFF_OFF           0x080024b8   Section        0  bldcinterface.o(i.bldc_PWM_LowSides_ON_OFF_OFF)
    i.bldc_SafetyTask                        0x080024d4   Section        0  bldctask.o(i.bldc_SafetyTask)
    i.bldc_StartPWM_AllChannel_HighSides     0x08002694   Section        0  bldcinterface.o(i.bldc_StartPWM_AllChannel_HighSides)
    i.bldc_StartPWM_UH_VL_GetWF              0x080026d8   Section        0  bldcinterface.o(i.bldc_StartPWM_UH_VL_GetWF)
    i.bldc_StartPWM_UH_WL_GetVF              0x080026f4   Section        0  bldcinterface.o(i.bldc_StartPWM_UH_WL_GetVF)
    i.bldc_StartPWM_VH_UL_GetWF              0x08002710   Section        0  bldcinterface.o(i.bldc_StartPWM_VH_UL_GetWF)
    i.bldc_StartPWM_VH_WL_GetUF              0x0800272c   Section        0  bldcinterface.o(i.bldc_StartPWM_VH_WL_GetUF)
    i.bldc_StartPWM_WH_UL_GetVF              0x08002748   Section        0  bldcinterface.o(i.bldc_StartPWM_WH_UL_GetVF)
    i.bldc_StartPWM_WH_VL_GetUF              0x08002764   Section        0  bldcinterface.o(i.bldc_StartPWM_WH_VL_GetUF)
    i.bldc_StopPWM_AllChannel_HighSides      0x08002780   Section        0  bldcinterface.o(i.bldc_StopPWM_AllChannel_HighSides)
    i.bldc_SysReset                          0x080027c4   Section        0  bldctask.o(i.bldc_SysReset)
    i.dShoot_CalculateWithCRC                0x080027f8   Section        0  dshoot.o(i.dShoot_CalculateWithCRC)
    i.dShoot_GetReceiveBufferAddress         0x0800281c   Section        0  dshoot.o(i.dShoot_GetReceiveBufferAddress)
    i.dShoot_ReceiveValueWithDMA             0x08002824   Section        0  dshoot.o(i.dShoot_ReceiveValueWithDMA)
    i.excuteUserCMD                          0x08002870   Section        0  bldcsensorless.o(i.excuteUserCMD)
    i.main                                   0x080028c8   Section        0  main.o(i.main)
    i.speedPIController                      0x08002ae8   Section        0  bldcsensorless.o(i.speedPIController)
    x$fpl$fpinit                             0x08002b80   Section       10  fpinit.o(x$fpl$fpinit)
    $v0                                      0x08002b80   Number         0  fpinit.o(x$fpl$fpinit)
    .constdata                               0x08002b8a   Section       46  main.o(.constdata)
    CHANNEL_OFFSET_TAB                       0x08002b8a   Data           6  main.o(.constdata)
    OFFSET_TAB_CCMRx                         0x08002b90   Data          10  main.o(.constdata)
    SHIFT_TAB_OCxx                           0x08002b9a   Data          10  main.o(.constdata)
    SHIFT_TAB_ICxx                           0x08002ba4   Data          10  main.o(.constdata)
    SHIFT_TAB_CCxP                           0x08002bae   Data          10  main.o(.constdata)
    .constdata                               0x08002bb8   Section        6  stm32g4xx_it.o(.constdata)
    CHANNEL_OFFSET_TAB                       0x08002bb8   Data           6  stm32g4xx_it.o(.constdata)
    .constdata                               0x08002bc0   Section      400  bldcinterface.o(.constdata)
    .data                                    0x20000000   Section        4  system_stm32g4xx.o(.data)
    .data                                    0x20000004   Section        8  bldcinterface.o(.data)
    keyCnt                                   0x20000004   Data           2  bldcinterface.o(.data)
    tmp                                      0x20000008   Data           4  bldcinterface.o(.data)
    .data                                    0x2000000c   Section       24  bldcinterface.o(.data)
    .data                                    0x20000024   Section       24  bldcinterface.o(.data)
    .data                                    0x2000003c   Section       32  bldcsensorless.o(.data)
    .data                                    0x20000060   Section       68  bldctask.o(.data)
    lastButtonStatus                         0x20000060   Data           1  bldctask.o(.data)
    tmp                                      0x20000064   Data           4  bldctask.o(.data)
    timeCost                                 0x20000068   Data           4  bldctask.o(.data)
    .bss                                     0x200000a4   Section       56  bldctask.o(.bss)
    busFilter                                0x200000b4   Data          40  bldctask.o(.bss)
    .bss                                     0x200000dc   Section       72  dshoot.o(.bss)
    .bss                                     0x20000124   Section       96  libspace.o(.bss)
    HEAP                                     0x20000188   Section      512  startup_stm32g431xx.o(HEAP)
    Heap_Mem                                 0x20000188   Data         512  startup_stm32g431xx.o(HEAP)
    STACK                                    0x20000388   Section     1024  startup_stm32g431xx.o(STACK)
    Stack_Mem                                0x20000388   Data        1024  startup_stm32g431xx.o(STACK)
    __initial_sp                             0x20000788   Data           0  startup_stm32g431xx.o(STACK)

    Global Symbols

    Symbol Name                              Value     Ov Type        Size  Object(Section)

    BuildAttributes$$THM_ISAv4$E$P$D$K$B$S$7EM$VFPi3$EXTD16$VFPS$VFMA$PE$A:L22UL41UL21$X:L11$S22US41US21$IEEE1$IW$USESV6$~STKCKD$USESV7$~SHL$OSPACE$ROPI$EBA8$UX$STANDARDLIB$REQ8$PRES8$EABIv2 0x00000000   Number         0  anon$$obj.o ABSOLUTE
    __ARM_use_no_argv                        0x00000000   Number         0  main.o ABSOLUTE
    __ARM_exceptions_init                     - Undefined Weak Reference
    __alloca_initialize                       - Undefined Weak Reference
    __arm_fini_                               - Undefined Weak Reference
    __arm_preinit_                            - Undefined Weak Reference
    __cpp_initialize__aeabi_                  - Undefined Weak Reference
    __cxa_finalize                            - Undefined Weak Reference
    __rt_locale                               - Undefined Weak Reference
    __sigvec_lookup                           - Undefined Weak Reference
    _atexit_init                              - Undefined Weak Reference
    _call_atexit_fns                          - Undefined Weak Reference
    _clock_init                               - Undefined Weak Reference
    _fp_trap_init                             - Undefined Weak Reference
    _fp_trap_shutdown                         - Undefined Weak Reference
    _get_lc_collate                           - Undefined Weak Reference
    _get_lc_ctype                             - Undefined Weak Reference
    _get_lc_monetary                          - Undefined Weak Reference
    _get_lc_numeric                           - Undefined Weak Reference
    _get_lc_time                              - Undefined Weak Reference
    _getenv_init                              - Undefined Weak Reference
    _handle_redirection                       - Undefined Weak Reference
    _init_alloc                               - Undefined Weak Reference
    _init_user_alloc                          - Undefined Weak Reference
    _initio                                   - Undefined Weak Reference
    _rand_init                                - Undefined Weak Reference
    _signal_finish                            - Undefined Weak Reference
    _signal_init                              - Undefined Weak Reference
    _terminate_alloc                          - Undefined Weak Reference
    _terminate_user_alloc                     - Undefined Weak Reference
    _terminateio                              - Undefined Weak Reference
    __Vectors_Size                           0x000001d8   Number         0  startup_stm32g431xx.o ABSOLUTE
    __Vectors                                0x08000000   Data           4  startup_stm32g431xx.o(RESET)
    __Vectors_End                            0x080001d8   Data           0  startup_stm32g431xx.o(RESET)
    __main                                   0x080001d9   Thumb Code     8  __main.o(!!!main)
    __scatterload                            0x080001e1   Thumb Code     0  __scatter.o(!!!scatter)
    __scatterload_rt2                        0x080001e1   Thumb Code    44  __scatter.o(!!!scatter)
    __scatterload_rt2_thumb_only             0x080001e1   Thumb Code     0  __scatter.o(!!!scatter)
    __scatterload_null                       0x080001ef   Thumb Code     0  __scatter.o(!!!scatter)
    __scatterload_copy                       0x08000215   Thumb Code    26  __scatter_copy.o(!!handler_copy)
    __scatterload_zeroinit                   0x08000231   Thumb Code    28  __scatter_zi.o(!!handler_zi)
    __rt_lib_init                            0x0800024d   Thumb Code     0  libinit.o(.ARM.Collect$$libinit$$00000000)
    __rt_lib_init_fp_1                       0x0800024f   Thumb Code     0  libinit2.o(.ARM.Collect$$libinit$$00000001)
    __rt_lib_init_alloca_1                   0x08000253   Thumb Code     0  libinit2.o(.ARM.Collect$$libinit$$0000002E)
    __rt_lib_init_argv_1                     0x08000253   Thumb Code     0  libinit2.o(.ARM.Collect$$libinit$$0000002C)
    __rt_lib_init_atexit_1                   0x08000253   Thumb Code     0  libinit2.o(.ARM.Collect$$libinit$$0000001B)
    __rt_lib_init_clock_1                    0x08000253   Thumb Code     0  libinit2.o(.ARM.Collect$$libinit$$00000021)
    __rt_lib_init_cpp_1                      0x08000253   Thumb Code     0  libinit2.o(.ARM.Collect$$libinit$$00000032)
    __rt_lib_init_exceptions_1               0x08000253   Thumb Code     0  libinit2.o(.ARM.Collect$$libinit$$00000030)
    __rt_lib_init_fp_trap_1                  0x08000253   Thumb Code     0  libinit2.o(.ARM.Collect$$libinit$$0000001F)
    __rt_lib_init_getenv_1                   0x08000253   Thumb Code     0  libinit2.o(.ARM.Collect$$libinit$$00000023)
    __rt_lib_init_heap_1                     0x08000253   Thumb Code     0  libinit2.o(.ARM.Collect$$libinit$$0000000A)
    __rt_lib_init_lc_collate_1               0x08000253   Thumb Code     0  libinit2.o(.ARM.Collect$$libinit$$00000011)
    __rt_lib_init_lc_ctype_1                 0x08000253   Thumb Code     0  libinit2.o(.ARM.Collect$$libinit$$00000013)
    __rt_lib_init_lc_monetary_1              0x08000253   Thumb Code     0  libinit2.o(.ARM.Collect$$libinit$$00000015)
    __rt_lib_init_lc_numeric_1               0x08000253   Thumb Code     0  libinit2.o(.ARM.Collect$$libinit$$00000017)
    __rt_lib_init_lc_time_1                  0x08000253   Thumb Code     0  libinit2.o(.ARM.Collect$$libinit$$00000019)
    __rt_lib_init_preinit_1                  0x08000253   Thumb Code     0  libinit2.o(.ARM.Collect$$libinit$$00000004)
    __rt_lib_init_rand_1                     0x08000253   Thumb Code     0  libinit2.o(.ARM.Collect$$libinit$$0000000E)
    __rt_lib_init_return                     0x08000253   Thumb Code     0  libinit2.o(.ARM.Collect$$libinit$$00000033)
    __rt_lib_init_signal_1                   0x08000253   Thumb Code     0  libinit2.o(.ARM.Collect$$libinit$$0000001D)
    __rt_lib_init_stdio_1                    0x08000253   Thumb Code     0  libinit2.o(.ARM.Collect$$libinit$$00000025)
    __rt_lib_init_user_alloc_1               0x08000253   Thumb Code     0  libinit2.o(.ARM.Collect$$libinit$$0000000C)
    __rt_lib_shutdown                        0x08000255   Thumb Code     0  libshutdown.o(.ARM.Collect$$libshutdown$$00000000)
    __rt_lib_shutdown_cpp_1                  0x08000257   Thumb Code     0  libshutdown2.o(.ARM.Collect$$libshutdown$$00000004)
    __rt_lib_shutdown_fini_1                 0x08000257   Thumb Code     0  libshutdown2.o(.ARM.Collect$$libshutdown$$00000002)
    __rt_lib_shutdown_fp_trap_1              0x08000257   Thumb Code     0  libshutdown2.o(.ARM.Collect$$libshutdown$$00000009)
    __rt_lib_shutdown_heap_1                 0x08000257   Thumb Code     0  libshutdown2.o(.ARM.Collect$$libshutdown$$00000011)
    __rt_lib_shutdown_return                 0x08000257   Thumb Code     0  libshutdown2.o(.ARM.Collect$$libshutdown$$00000012)
    __rt_lib_shutdown_signal_1               0x08000257   Thumb Code     0  libshutdown2.o(.ARM.Collect$$libshutdown$$0000000C)
    __rt_lib_shutdown_stdio_1                0x08000257   Thumb Code     0  libshutdown2.o(.ARM.Collect$$libshutdown$$00000006)
    __rt_lib_shutdown_user_alloc_1           0x08000257   Thumb Code     0  libshutdown2.o(.ARM.Collect$$libshutdown$$0000000E)
    __rt_entry                               0x08000259   Thumb Code     0  __rtentry.o(.ARM.Collect$$rtentry$$00000000)
    __rt_entry_presh_1                       0x08000259   Thumb Code     0  __rtentry2.o(.ARM.Collect$$rtentry$$00000002)
    __rt_entry_sh                            0x08000259   Thumb Code     0  __rtentry4.o(.ARM.Collect$$rtentry$$00000004)
    __rt_entry_li                            0x0800025f   Thumb Code     0  __rtentry2.o(.ARM.Collect$$rtentry$$0000000A)
    __rt_entry_postsh_1                      0x0800025f   Thumb Code     0  __rtentry2.o(.ARM.Collect$$rtentry$$00000009)
    __rt_entry_main                          0x08000263   Thumb Code     0  __rtentry2.o(.ARM.Collect$$rtentry$$0000000D)
    __rt_entry_postli_1                      0x08000263   Thumb Code     0  __rtentry2.o(.ARM.Collect$$rtentry$$0000000C)
    __rt_exit                                0x0800026b   Thumb Code     0  rtexit.o(.ARM.Collect$$rtexit$$00000000)
    __rt_exit_ls                             0x0800026d   Thumb Code     0  rtexit2.o(.ARM.Collect$$rtexit$$00000003)
    __rt_exit_prels_1                        0x0800026d   Thumb Code     0  rtexit2.o(.ARM.Collect$$rtexit$$00000002)
    __rt_exit_exit                           0x08000271   Thumb Code     0  rtexit2.o(.ARM.Collect$$rtexit$$00000004)
    Reset_Handler                            0x08000279   Thumb Code     8  startup_stm32g431xx.o(.text)
    COMP1_2_3_IRQHandler                     0x08000293   Thumb Code     0  startup_stm32g431xx.o(.text)
    COMP4_IRQHandler                         0x08000293   Thumb Code     0  startup_stm32g431xx.o(.text)
    CORDIC_IRQHandler                        0x08000293   Thumb Code     0  startup_stm32g431xx.o(.text)
    CRS_IRQHandler                           0x08000293   Thumb Code     0  startup_stm32g431xx.o(.text)
    DMA1_Channel2_IRQHandler                 0x08000293   Thumb Code     0  startup_stm32g431xx.o(.text)
    DMA1_Channel3_IRQHandler                 0x08000293   Thumb Code     0  startup_stm32g431xx.o(.text)
    DMA1_Channel4_IRQHandler                 0x08000293   Thumb Code     0  startup_stm32g431xx.o(.text)
    DMA1_Channel5_IRQHandler                 0x08000293   Thumb Code     0  startup_stm32g431xx.o(.text)
    DMA1_Channel6_IRQHandler                 0x08000293   Thumb Code     0  startup_stm32g431xx.o(.text)
    DMA2_Channel1_IRQHandler                 0x08000293   Thumb Code     0  startup_stm32g431xx.o(.text)
    DMA2_Channel2_IRQHandler                 0x08000293   Thumb Code     0  startup_stm32g431xx.o(.text)
    DMA2_Channel3_IRQHandler                 0x08000293   Thumb Code     0  startup_stm32g431xx.o(.text)
    DMA2_Channel4_IRQHandler                 0x08000293   Thumb Code     0  startup_stm32g431xx.o(.text)
    DMA2_Channel5_IRQHandler                 0x08000293   Thumb Code     0  startup_stm32g431xx.o(.text)
    DMA2_Channel6_IRQHandler                 0x08000293   Thumb Code     0  startup_stm32g431xx.o(.text)
    DMAMUX_OVR_IRQHandler                    0x08000293   Thumb Code     0  startup_stm32g431xx.o(.text)
    EXTI0_IRQHandler                         0x08000293   Thumb Code     0  startup_stm32g431xx.o(.text)
    EXTI15_10_IRQHandler                     0x08000293   Thumb Code     0  startup_stm32g431xx.o(.text)
    EXTI1_IRQHandler                         0x08000293   Thumb Code     0  startup_stm32g431xx.o(.text)
    EXTI2_IRQHandler                         0x08000293   Thumb Code     0  startup_stm32g431xx.o(.text)
    EXTI3_IRQHandler                         0x08000293   Thumb Code     0  startup_stm32g431xx.o(.text)
    EXTI4_IRQHandler                         0x08000293   Thumb Code     0  startup_stm32g431xx.o(.text)
    EXTI9_5_IRQHandler                       0x08000293   Thumb Code     0  startup_stm32g431xx.o(.text)
    FDCAN1_IT0_IRQHandler                    0x08000293   Thumb Code     0  startup_stm32g431xx.o(.text)
    FDCAN1_IT1_IRQHandler                    0x08000293   Thumb Code     0  startup_stm32g431xx.o(.text)
    FLASH_IRQHandler                         0x08000293   Thumb Code     0  startup_stm32g431xx.o(.text)
    FMAC_IRQHandler                          0x08000293   Thumb Code     0  startup_stm32g431xx.o(.text)
    FPU_IRQHandler                           0x08000293   Thumb Code     0  startup_stm32g431xx.o(.text)
    I2C1_ER_IRQHandler                       0x08000293   Thumb Code     0  startup_stm32g431xx.o(.text)
    I2C1_EV_IRQHandler                       0x08000293   Thumb Code     0  startup_stm32g431xx.o(.text)
    I2C2_ER_IRQHandler                       0x08000293   Thumb Code     0  startup_stm32g431xx.o(.text)
    I2C2_EV_IRQHandler                       0x08000293   Thumb Code     0  startup_stm32g431xx.o(.text)
    I2C3_ER_IRQHandler                       0x08000293   Thumb Code     0  startup_stm32g431xx.o(.text)
    I2C3_EV_IRQHandler                       0x08000293   Thumb Code     0  startup_stm32g431xx.o(.text)
    LPTIM1_IRQHandler                        0x08000293   Thumb Code     0  startup_stm32g431xx.o(.text)
    LPUART1_IRQHandler                       0x08000293   Thumb Code     0  startup_stm32g431xx.o(.text)
    PVD_PVM_IRQHandler                       0x08000293   Thumb Code     0  startup_stm32g431xx.o(.text)
    RCC_IRQHandler                           0x08000293   Thumb Code     0  startup_stm32g431xx.o(.text)
    RNG_IRQHandler                           0x08000293   Thumb Code     0  startup_stm32g431xx.o(.text)
    RTC_Alarm_IRQHandler                     0x08000293   Thumb Code     0  startup_stm32g431xx.o(.text)
    RTC_TAMP_LSECSS_IRQHandler               0x08000293   Thumb Code     0  startup_stm32g431xx.o(.text)
    RTC_WKUP_IRQHandler                      0x08000293   Thumb Code     0  startup_stm32g431xx.o(.text)
    SAI1_IRQHandler                          0x08000293   Thumb Code     0  startup_stm32g431xx.o(.text)
    SPI1_IRQHandler                          0x08000293   Thumb Code     0  startup_stm32g431xx.o(.text)
    SPI2_IRQHandler                          0x08000293   Thumb Code     0  startup_stm32g431xx.o(.text)
    SPI3_IRQHandler                          0x08000293   Thumb Code     0  startup_stm32g431xx.o(.text)
    TIM1_BRK_TIM15_IRQHandler                0x08000293   Thumb Code     0  startup_stm32g431xx.o(.text)
    TIM1_CC_IRQHandler                       0x08000293   Thumb Code     0  startup_stm32g431xx.o(.text)
    TIM1_TRG_COM_TIM17_IRQHandler            0x08000293   Thumb Code     0  startup_stm32g431xx.o(.text)
    TIM1_UP_TIM16_IRQHandler                 0x08000293   Thumb Code     0  startup_stm32g431xx.o(.text)
    TIM2_IRQHandler                          0x08000293   Thumb Code     0  startup_stm32g431xx.o(.text)
    TIM3_IRQHandler                          0x08000293   Thumb Code     0  startup_stm32g431xx.o(.text)
    TIM6_DAC_IRQHandler                      0x08000293   Thumb Code     0  startup_stm32g431xx.o(.text)
    TIM7_IRQHandler                          0x08000293   Thumb Code     0  startup_stm32g431xx.o(.text)
    TIM8_BRK_IRQHandler                      0x08000293   Thumb Code     0  startup_stm32g431xx.o(.text)
    TIM8_CC_IRQHandler                       0x08000293   Thumb Code     0  startup_stm32g431xx.o(.text)
    TIM8_TRG_COM_IRQHandler                  0x08000293   Thumb Code     0  startup_stm32g431xx.o(.text)
    TIM8_UP_IRQHandler                       0x08000293   Thumb Code     0  startup_stm32g431xx.o(.text)
    UART4_IRQHandler                         0x08000293   Thumb Code     0  startup_stm32g431xx.o(.text)
    UCPD1_IRQHandler                         0x08000293   Thumb Code     0  startup_stm32g431xx.o(.text)
    USART1_IRQHandler                        0x08000293   Thumb Code     0  startup_stm32g431xx.o(.text)
    USART2_IRQHandler                        0x08000293   Thumb Code     0  startup_stm32g431xx.o(.text)
    USART3_IRQHandler                        0x08000293   Thumb Code     0  startup_stm32g431xx.o(.text)
    USBWakeUp_IRQHandler                     0x08000293   Thumb Code     0  startup_stm32g431xx.o(.text)
    USB_HP_IRQHandler                        0x08000293   Thumb Code     0  startup_stm32g431xx.o(.text)
    USB_LP_IRQHandler                        0x08000293   Thumb Code     0  startup_stm32g431xx.o(.text)
    WWDG_IRQHandler                          0x08000293   Thumb Code     0  startup_stm32g431xx.o(.text)
    __user_initial_stackheap                 0x08000295   Thumb Code     0  startup_stm32g431xx.o(.text)
    __aeabi_uldivmod                         0x080002b9   Thumb Code     0  lludivv7m.o(.text)
    _ll_udiv                                 0x080002b9   Thumb Code   238  lludivv7m.o(.text)
    __aeabi_memcpy4                          0x080003a7   Thumb Code     0  rt_memcpy_w.o(.text)
    __aeabi_memcpy8                          0x080003a7   Thumb Code     0  rt_memcpy_w.o(.text)
    __rt_memcpy_w                            0x080003a7   Thumb Code   100  rt_memcpy_w.o(.text)
    _memcpy_lastbytes_aligned                0x080003ef   Thumb Code     0  rt_memcpy_w.o(.text)
    __aeabi_memclr4                          0x0800040b   Thumb Code     0  rt_memclr_w.o(.text)
    __aeabi_memclr8                          0x0800040b   Thumb Code     0  rt_memclr_w.o(.text)
    __rt_memclr_w                            0x0800040b   Thumb Code    78  rt_memclr_w.o(.text)
    _memset_w                                0x0800040f   Thumb Code     0  rt_memclr_w.o(.text)
    __use_two_region_memory                  0x08000459   Thumb Code     2  heapauxi.o(.text)
    __rt_heap_escrow$2region                 0x0800045b   Thumb Code     2  heapauxi.o(.text)
    __rt_heap_expand$2region                 0x0800045d   Thumb Code     2  heapauxi.o(.text)
    __user_setup_stackheap                   0x0800045f   Thumb Code    74  sys_stackheap_outer.o(.text)
    exit                                     0x080004a9   Thumb Code    18  exit.o(.text)
    __user_libspace                          0x080004bd   Thumb Code     8  libspace.o(.text)
    __user_perproc_libspace                  0x080004bd   Thumb Code     0  libspace.o(.text)
    __user_perthread_libspace                0x080004bd   Thumb Code     0  libspace.o(.text)
    _sys_exit                                0x080004c5   Thumb Code     8  sys_exit.o(.text)
    __I$use$semihosting                      0x080004d1   Thumb Code     0  use_no_semi.o(.text)
    __use_no_semihosting_swi                 0x080004d1   Thumb Code     2  use_no_semi.o(.text)
    __semihosting_library_function           0x080004d3   Thumb Code     0  indicate_semi.o(.text)
    ADC1_2_IRQHandler                        0x080004d5   Thumb Code    22  stm32g4xx_it.o(i.ADC1_2_IRQHandler)
    BusFault_Handler                         0x080004f1   Thumb Code     2  stm32g4xx_it.o(i.BusFault_Handler)
    DMA1_Channel1_IRQHandler                 0x080004f5   Thumb Code    54  stm32g4xx_it.o(i.DMA1_Channel1_IRQHandler)
    DebugMon_Handler                         0x0800053d   Thumb Code     2  stm32g4xx_it.o(i.DebugMon_Handler)
    HardFault_Handler                        0x0800053f   Thumb Code     2  stm32g4xx_it.o(i.HardFault_Handler)
    LL_ADC_CommonInit                        0x08000541   Thumb Code    72  stm32g4xx_ll_adc.o(i.LL_ADC_CommonInit)
    LL_ADC_INJ_Init                          0x08000591   Thumb Code    66  stm32g4xx_ll_adc.o(i.LL_ADC_INJ_Init)
    LL_ADC_Init                              0x08000617   Thumb Code    42  stm32g4xx_ll_adc.o(i.LL_ADC_Init)
    LL_ADC_REG_Init                          0x08000641   Thumb Code    78  stm32g4xx_ll_adc.o(i.LL_ADC_REG_Init)
    LL_COMP_Init                             0x0800078d   Thumb Code    46  stm32g4xx_ll_comp.o(i.LL_COMP_Init)
    LL_DAC_Init                              0x080007c1   Thumb Code   152  stm32g4xx_ll_dac.o(i.LL_DAC_Init)
    LL_GPIO_Init                             0x0800087d   Thumb Code   310  stm32g4xx_ll_gpio.o(i.LL_GPIO_Init)
    LL_Init1msTick                           0x080009b3   Thumb Code    26  stm32g4xx_ll_utils.o(i.LL_Init1msTick)
    LL_SetSystemCoreClock                    0x08000a01   Thumb Code     6  stm32g4xx_ll_utils.o(i.LL_SetSystemCoreClock)
    LL_TIM_BDTR_Init                         0x08000a0d   Thumb Code   112  stm32g4xx_ll_tim.o(i.LL_TIM_BDTR_Init)
    LL_TIM_Init                              0x08000c69   Thumb Code   144  stm32g4xx_ll_tim.o(i.LL_TIM_Init)
    LL_TIM_OC_Init                           0x08000e71   Thumb Code   302  stm32g4xx_ll_tim.o(i.LL_TIM_OC_Init)
    MedianFilter                             0x080018dd   Thumb Code    74  bldcmath.o(i.MedianFilter)
    MemManage_Handler                        0x0800192d   Thumb Code     2  stm32g4xx_it.o(i.MemManage_Handler)
    NMI_Handler                              0x0800192f   Thumb Code     2  stm32g4xx_it.o(i.NMI_Handler)
    PendSV_Handler                           0x08001bd9   Thumb Code     2  stm32g4xx_it.o(i.PendSV_Handler)
    SVC_Handler                              0x08001bdb   Thumb Code     2  stm32g4xx_it.o(i.SVC_Handler)
    SysTick_Handler                          0x08001bdd   Thumb Code     4  stm32g4xx_it.o(i.SysTick_Handler)
    SystemClock_Config                       0x08001be1   Thumb Code   192  main.o(i.SystemClock_Config)
    SystemInit                               0x08001cbd   Thumb Code    12  system_stm32g4xx.o(i.SystemInit)
    TIM4_IRQHandler                          0x08001ccd   Thumb Code   102  stm32g4xx_it.o(i.TIM4_IRQHandler)
    UsageFault_Handler                       0x08001d3d   Thumb Code     2  stm32g4xx_it.o(i.UsageFault_Handler)
    bldcSensorlessEstSpeed                   0x08001d89   Thumb Code    58  bldcsensorless.o(i.bldcSensorlessEstSpeed)
    bldc_BEMF_Get_U                          0x08001dcd   Thumb Code   180  bldcinterface.o(i.bldc_BEMF_Get_U)
    bldc_BEMF_Get_V                          0x08001e95   Thumb Code   180  bldcinterface.o(i.bldc_BEMF_Get_V)
    bldc_BEMF_Get_W                          0x08001f5d   Thumb Code   180  bldcinterface.o(i.bldc_BEMF_Get_W)
    bldc_DetermineButtonStatus               0x08002025   Thumb Code    22  bldctask.o(i.bldc_DetermineButtonStatus)
    bldc_GetBusCurrentAndSetNextSamplingPosition 0x08002041   Thumb Code    64  bldcinterface.o(i.bldc_GetBusCurrentAndSetNextSamplingPosition)
    bldc_GetBusVoltage                       0x08002095   Thumb Code    62  bldcinterface.o(i.bldc_GetBusVoltage)
    bldc_GetButtonStatus                     0x080020e5   Thumb Code    52  bldcinterface.o(i.bldc_GetButtonStatus)
    bldc_GetDriverTemp                       0x08002121   Thumb Code   190  bldcinterface.o(i.bldc_GetDriverTemp)
    bldc_HighFrequencyTask                   0x08002201   Thumb Code   478  bldctask.o(i.bldc_HighFrequencyTask)
    bldc_HighFrequencyTaskCallBack           0x0800240d   Thumb Code     2  bldcinterface.o(i.bldc_HighFrequencyTaskCallBack)
    bldc_LowFrequencyTaskCallBack            0x08002411   Thumb Code    94  bldcinterface.o(i.bldc_LowFrequencyTaskCallBack)
    bldc_PWM_LowSides_OFF_OFF_ON             0x08002481   Thumb Code    20  bldcinterface.o(i.bldc_PWM_LowSides_OFF_OFF_ON)
    bldc_PWM_LowSides_OFF_ON_OFF             0x0800249d   Thumb Code    20  bldcinterface.o(i.bldc_PWM_LowSides_OFF_ON_OFF)
    bldc_PWM_LowSides_ON_OFF_OFF             0x080024b9   Thumb Code    20  bldcinterface.o(i.bldc_PWM_LowSides_ON_OFF_OFF)
    bldc_SafetyTask                          0x080024d5   Thumb Code   418  bldctask.o(i.bldc_SafetyTask)
    bldc_StartPWM_AllChannel_HighSides       0x08002695   Thumb Code    64  bldcinterface.o(i.bldc_StartPWM_AllChannel_HighSides)
    bldc_StartPWM_UH_VL_GetWF                0x080026d9   Thumb Code    24  bldcinterface.o(i.bldc_StartPWM_UH_VL_GetWF)
    bldc_StartPWM_UH_WL_GetVF                0x080026f5   Thumb Code    24  bldcinterface.o(i.bldc_StartPWM_UH_WL_GetVF)
    bldc_StartPWM_VH_UL_GetWF                0x08002711   Thumb Code    24  bldcinterface.o(i.bldc_StartPWM_VH_UL_GetWF)
    bldc_StartPWM_VH_WL_GetUF                0x0800272d   Thumb Code    24  bldcinterface.o(i.bldc_StartPWM_VH_WL_GetUF)
    bldc_StartPWM_WH_UL_GetVF                0x08002749   Thumb Code    24  bldcinterface.o(i.bldc_StartPWM_WH_UL_GetVF)
    bldc_StartPWM_WH_VL_GetUF                0x08002765   Thumb Code    24  bldcinterface.o(i.bldc_StartPWM_WH_VL_GetUF)
    bldc_StopPWM_AllChannel_HighSides        0x08002781   Thumb Code    62  bldcinterface.o(i.bldc_StopPWM_AllChannel_HighSides)
    bldc_SysReset                            0x080027c5   Thumb Code    38  bldctask.o(i.bldc_SysReset)
    dShoot_CalculateWithCRC                  0x080027f9   Thumb Code    34  dshoot.o(i.dShoot_CalculateWithCRC)
    dShoot_GetReceiveBufferAddress           0x0800281d   Thumb Code     4  dshoot.o(i.dShoot_GetReceiveBufferAddress)
    dShoot_ReceiveValueWithDMA               0x08002825   Thumb Code    70  dshoot.o(i.dShoot_ReceiveValueWithDMA)
    excuteUserCMD                            0x08002871   Thumb Code    72  bldcsensorless.o(i.excuteUserCMD)
    main                                     0x080028c9   Thumb Code   476  main.o(i.main)
    speedPIController                        0x08002ae9   Thumb Code   126  bldcsensorless.o(i.speedPIController)
    _fp_init                                 0x08002b81   Thumb Code    10  fpinit.o(x$fpl$fpinit)
    __fplib_config_fpu_vfp                   0x08002b89   Thumb Code     0  fpinit.o(x$fpl$fpinit)
    __fplib_config_pureend_doubles           0x08002b89   Thumb Code     0  fpinit.o(x$fpl$fpinit)
    Region$$Table$$Base                      0x08002d50   Number         0  anon$$obj.o(Region$$Table)
    Region$$Table$$Limit                     0x08002d70   Number         0  anon$$obj.o(Region$$Table)
    SystemCoreClock                          0x20000000   Data           4  system_stm32g4xx.o(.data)
    bldcSwitchPhaseTableList_Forward         0x2000000c   Data          24  bldcinterface.o(.data)
    bldcSwitchPhaseTableList_Reverse         0x20000024   Data          24  bldcinterface.o(.data)
    spPIController                           0x2000003c   Data          32  bldcsensorless.o(.data)
    bldcSysHandler                           0x20000070   Data          40  bldctask.o(.data)
    bldcSensorlessHandler                    0x20000098   Data          12  bldctask.o(.data)
    bldcSensorHandler                        0x200000a4   Data          16  bldctask.o(.bss)
    dmaTransmitBuffer                        0x200000dc   Data          36  dshoot.o(.bss)
    dmaReceiveBuffer                         0x20000100   Data          36  dshoot.o(.bss)
    __libspace_start                         0x20000124   Data          96  libspace.o(.bss)
    __temporary_stack_top$libspace           0x20000184   Data           0  libspace.o(.bss)



==============================================================================

Memory Map of the image

  Image Entry point : 0x080001d9

  Load Region LR_IROM1 (Base: 0x08000000, Size: 0x00002e14, Max: 0x00020000, ABSOLUTE)

    Execution Region ER_IROM1 (Exec base: 0x08000000, Load base: 0x08000000, Size: 0x00002d70, Max: 0x00020000, ABSOLUTE)

    Exec Addr    Load Addr    Size         Type   Attr      Idx    E Section Name        Object

    0x08000000   0x08000000   0x000001d8   Data   RO            3    RESET               startup_stm32g431xx.o
    0x080001d8   0x080001d8   0x00000008   Code   RO         1623  * !!!main             c_w.l(__main.o)
    0x080001e0   0x080001e0   0x00000034   Code   RO         1792    !!!scatter          c_w.l(__scatter.o)
    0x08000214   0x08000214   0x0000001a   Code   RO         1794    !!handler_copy      c_w.l(__scatter_copy.o)
    0x0800022e   0x0800022e   0x00000002   PAD
    0x08000230   0x08000230   0x0000001c   Code   RO         1796    !!handler_zi        c_w.l(__scatter_zi.o)
    0x0800024c   0x0800024c   0x00000002   Code   RO         1660    .ARM.Collect$$libinit$$00000000  c_w.l(libinit.o)
    0x0800024e   0x0800024e   0x00000004   Code   RO         1672    .ARM.Collect$$libinit$$00000001  c_w.l(libinit2.o)
    0x08000252   0x08000252   0x00000000   Code   RO         1675    .ARM.Collect$$libinit$$00000004  c_w.l(libinit2.o)
    0x08000252   0x08000252   0x00000000   Code   RO         1678    .ARM.Collect$$libinit$$0000000A  c_w.l(libinit2.o)
    0x08000252   0x08000252   0x00000000   Code   RO         1680    .ARM.Collect$$libinit$$0000000C  c_w.l(libinit2.o)
    0x08000252   0x08000252   0x00000000   Code   RO         1682    .ARM.Collect$$libinit$$0000000E  c_w.l(libinit2.o)
    0x08000252   0x08000252   0x00000000   Code   RO         1685    .ARM.Collect$$libinit$$00000011  c_w.l(libinit2.o)
    0x08000252   0x08000252   0x00000000   Code   RO         1687    .ARM.Collect$$libinit$$00000013  c_w.l(libinit2.o)
    0x08000252   0x08000252   0x00000000   Code   RO         1689    .ARM.Collect$$libinit$$00000015  c_w.l(libinit2.o)
    0x08000252   0x08000252   0x00000000   Code   RO         1691    .ARM.Collect$$libinit$$00000017  c_w.l(libinit2.o)
    0x08000252   0x08000252   0x00000000   Code   RO         1693    .ARM.Collect$$libinit$$00000019  c_w.l(libinit2.o)
    0x08000252   0x08000252   0x00000000   Code   RO         1695    .ARM.Collect$$libinit$$0000001B  c_w.l(libinit2.o)
    0x08000252   0x08000252   0x00000000   Code   RO         1697    .ARM.Collect$$libinit$$0000001D  c_w.l(libinit2.o)
    0x08000252   0x08000252   0x00000000   Code   RO         1699    .ARM.Collect$$libinit$$0000001F  c_w.l(libinit2.o)
    0x08000252   0x08000252   0x00000000   Code   RO         1701    .ARM.Collect$$libinit$$00000021  c_w.l(libinit2.o)
    0x08000252   0x08000252   0x00000000   Code   RO         1703    .ARM.Collect$$libinit$$00000023  c_w.l(libinit2.o)
    0x08000252   0x08000252   0x00000000   Code   RO         1705    .ARM.Collect$$libinit$$00000025  c_w.l(libinit2.o)
    0x08000252   0x08000252   0x00000000   Code   RO         1709    .ARM.Collect$$libinit$$0000002C  c_w.l(libinit2.o)
    0x08000252   0x08000252   0x00000000   Code   RO         1711    .ARM.Collect$$libinit$$0000002E  c_w.l(libinit2.o)
    0x08000252   0x08000252   0x00000000   Code   RO         1713    .ARM.Collect$$libinit$$00000030  c_w.l(libinit2.o)
    0x08000252   0x08000252   0x00000000   Code   RO         1715    .ARM.Collect$$libinit$$00000032  c_w.l(libinit2.o)
    0x08000252   0x08000252   0x00000002   Code   RO         1716    .ARM.Collect$$libinit$$00000033  c_w.l(libinit2.o)
    0x08000254   0x08000254   0x00000002   Code   RO         1747    .ARM.Collect$$libshutdown$$00000000  c_w.l(libshutdown.o)
    0x08000256   0x08000256   0x00000000   Code   RO         1773    .ARM.Collect$$libshutdown$$00000002  c_w.l(libshutdown2.o)
    0x08000256   0x08000256   0x00000000   Code   RO         1775    .ARM.Collect$$libshutdown$$00000004  c_w.l(libshutdown2.o)
    0x08000256   0x08000256   0x00000000   Code   RO         1777    .ARM.Collect$$libshutdown$$00000006  c_w.l(libshutdown2.o)
    0x08000256   0x08000256   0x00000000   Code   RO         1780    .ARM.Collect$$libshutdown$$00000009  c_w.l(libshutdown2.o)
    0x08000256   0x08000256   0x00000000   Code   RO         1783    .ARM.Collect$$libshutdown$$0000000C  c_w.l(libshutdown2.o)
    0x08000256   0x08000256   0x00000000   Code   RO         1785    .ARM.Collect$$libshutdown$$0000000E  c_w.l(libshutdown2.o)
    0x08000256   0x08000256   0x00000000   Code   RO         1788    .ARM.Collect$$libshutdown$$00000011  c_w.l(libshutdown2.o)
    0x08000256   0x08000256   0x00000002   Code   RO         1789    .ARM.Collect$$libshutdown$$00000012  c_w.l(libshutdown2.o)
    0x08000258   0x08000258   0x00000000   Code   RO         1625    .ARM.Collect$$rtentry$$00000000  c_w.l(__rtentry.o)
    0x08000258   0x08000258   0x00000000   Code   RO         1631    .ARM.Collect$$rtentry$$00000002  c_w.l(__rtentry2.o)
    0x08000258   0x08000258   0x00000006   Code   RO         1643    .ARM.Collect$$rtentry$$00000004  c_w.l(__rtentry4.o)
    0x0800025e   0x0800025e   0x00000000   Code   RO         1633    .ARM.Collect$$rtentry$$00000009  c_w.l(__rtentry2.o)
    0x0800025e   0x0800025e   0x00000004   Code   RO         1634    .ARM.Collect$$rtentry$$0000000A  c_w.l(__rtentry2.o)
    0x08000262   0x08000262   0x00000000   Code   RO         1636    .ARM.Collect$$rtentry$$0000000C  c_w.l(__rtentry2.o)
    0x08000262   0x08000262   0x00000008   Code   RO         1637    .ARM.Collect$$rtentry$$0000000D  c_w.l(__rtentry2.o)
    0x0800026a   0x0800026a   0x00000002   Code   RO         1664    .ARM.Collect$$rtexit$$00000000  c_w.l(rtexit.o)
    0x0800026c   0x0800026c   0x00000000   Code   RO         1720    .ARM.Collect$$rtexit$$00000002  c_w.l(rtexit2.o)
    0x0800026c   0x0800026c   0x00000004   Code   RO         1721    .ARM.Collect$$rtexit$$00000003  c_w.l(rtexit2.o)
    0x08000270   0x08000270   0x00000006   Code   RO         1722    .ARM.Collect$$rtexit$$00000004  c_w.l(rtexit2.o)
    0x08000276   0x08000276   0x00000002   PAD
    0x08000278   0x08000278   0x00000040   Code   RO            4    .text               startup_stm32g431xx.o
    0x080002b8   0x080002b8   0x000000ee   Code   RO         1615    .text               c_w.l(lludivv7m.o)
    0x080003a6   0x080003a6   0x00000064   Code   RO         1617    .text               c_w.l(rt_memcpy_w.o)
    0x0800040a   0x0800040a   0x0000004e   Code   RO         1619    .text               c_w.l(rt_memclr_w.o)
    0x08000458   0x08000458   0x00000006   Code   RO         1621    .text               c_w.l(heapauxi.o)
    0x0800045e   0x0800045e   0x0000004a   Code   RO         1647    .text               c_w.l(sys_stackheap_outer.o)
    0x080004a8   0x080004a8   0x00000012   Code   RO         1649    .text               c_w.l(exit.o)
    0x080004ba   0x080004ba   0x00000002   PAD
    0x080004bc   0x080004bc   0x00000008   Code   RO         1661    .text               c_w.l(libspace.o)
    0x080004c4   0x080004c4   0x0000000c   Code   RO         1717    .text               c_w.l(sys_exit.o)
    0x080004d0   0x080004d0   0x00000002   Code   RO         1736    .text               c_w.l(use_no_semi.o)
    0x080004d2   0x080004d2   0x00000000   Code   RO         1738    .text               c_w.l(indicate_semi.o)
    0x080004d2   0x080004d2   0x00000002   PAD
    0x080004d4   0x080004d4   0x0000001c   Code   RO          287    i.ADC1_2_IRQHandler  stm32g4xx_it.o
    0x080004f0   0x080004f0   0x00000002   Code   RO          288    i.BusFault_Handler  stm32g4xx_it.o
    0x080004f2   0x080004f2   0x00000002   PAD
    0x080004f4   0x080004f4   0x00000048   Code   RO          289    i.DMA1_Channel1_IRQHandler  stm32g4xx_it.o
    0x0800053c   0x0800053c   0x00000002   Code   RO          290    i.DebugMon_Handler  stm32g4xx_it.o
    0x0800053e   0x0800053e   0x00000002   Code   RO          291    i.HardFault_Handler  stm32g4xx_it.o
    0x08000540   0x08000540   0x00000050   Code   RO          612    i.LL_ADC_CommonInit  stm32g4xx_ll_adc.o
    0x08000590   0x08000590   0x00000042   Code   RO          615    i.LL_ADC_INJ_Init   stm32g4xx_ll_adc.o
    0x080005d2   0x080005d2   0x00000010   Code   RO         1175    i.LL_ADC_INJ_ReadConversionData12  bldcinterface.o
    0x080005e2   0x080005e2   0x0000001a   Code   RO           14    i.LL_ADC_INJ_SetSequencerRanks  main.o
    0x080005fc   0x080005fc   0x0000001a   Code   RO         1176    i.LL_ADC_INJ_SetSequencerRanks  bldcinterface.o
    0x08000616   0x08000616   0x0000002a   Code   RO          617    i.LL_ADC_Init       stm32g4xx_ll_adc.o
    0x08000640   0x08000640   0x00000054   Code   RO          618    i.LL_ADC_REG_Init   stm32g4xx_ll_adc.o
    0x08000694   0x08000694   0x00000022   Code   RO           15    i.LL_ADC_REG_SetSequencerRanks  main.o
    0x080006b6   0x080006b6   0x0000001e   Code   RO           16    i.LL_ADC_SetChannelSamplingTime  main.o
    0x080006d4   0x080006d4   0x00000020   Code   RO           17    i.LL_ADC_SetChannelSingleDiff  main.o
    0x080006f4   0x080006f4   0x00000020   Code   RO           18    i.LL_ADC_SetGainCompensation  main.o
    0x08000714   0x08000714   0x00000018   Code   RO           19    i.LL_ADC_StartCalibration  main.o
    0x0800072c   0x0800072c   0x00000018   Code   RO           20    i.LL_AHB1_GRP1_EnableClock  main.o
    0x08000744   0x08000744   0x00000018   Code   RO           21    i.LL_AHB2_GRP1_EnableClock  main.o
    0x0800075c   0x0800075c   0x00000018   Code   RO           22    i.LL_APB1_GRP1_EnableClock  main.o
    0x08000774   0x08000774   0x00000018   Code   RO           23    i.LL_APB2_GRP1_EnableClock  main.o
    0x0800078c   0x0800078c   0x00000034   Code   RO          742    i.LL_COMP_Init      stm32g4xx_ll_comp.o
    0x080007c0   0x080007c0   0x00000098   Code   RO          930    i.LL_DAC_Init       stm32g4xx_ll_dac.o
    0x08000858   0x08000858   0x00000024   Code   RO           24    i.LL_DMA_SetPeriphRequest  main.o
    0x0800087c   0x0800087c   0x00000136   Code   RO          562    i.LL_GPIO_Init      stm32g4xx_ll_gpio.o
    0x080009b2   0x080009b2   0x0000001a   Code   RO          429    i.LL_Init1msTick    stm32g4xx_ll_utils.o
    0x080009cc   0x080009cc   0x00000020   Code   RO           25    i.LL_RCC_SetADCClockSource  main.o
    0x080009ec   0x080009ec   0x00000014   Code   RO           26    i.LL_RCC_SetAHBPrescaler  main.o
    0x08000a00   0x08000a00   0x0000000c   Code   RO          435    i.LL_SetSystemCoreClock  stm32g4xx_ll_utils.o
    0x08000a0c   0x08000a0c   0x00000078   Code   RO          999    i.LL_TIM_BDTR_Init  stm32g4xx_ll_tim.o
    0x08000a84   0x08000a84   0x0000007c   Code   RO           27    i.LL_TIM_IC_SetActiveInput  main.o
    0x08000b00   0x08000b00   0x0000007c   Code   RO           28    i.LL_TIM_IC_SetFilter  main.o
    0x08000b7c   0x08000b7c   0x00000070   Code   RO           29    i.LL_TIM_IC_SetPolarity  main.o
    0x08000bec   0x08000bec   0x0000007c   Code   RO           30    i.LL_TIM_IC_SetPrescaler  main.o
    0x08000c68   0x08000c68   0x000000ac   Code   RO         1008    i.LL_TIM_Init       stm32g4xx_ll_tim.o
    0x08000d14   0x08000d14   0x00000074   Code   RO           31    i.LL_TIM_OC_DisableFast  main.o
    0x08000d88   0x08000d88   0x00000074   Code   RO           32    i.LL_TIM_OC_DisablePreload  main.o
    0x08000dfc   0x08000dfc   0x00000074   Code   RO           33    i.LL_TIM_OC_EnablePreload  main.o
    0x08000e70   0x08000e70   0x0000014c   Code   RO         1009    i.LL_TIM_OC_Init    stm32g4xx_ll_tim.o
    0x08000fbc   0x08000fbc   0x00000190   Code   RO           34    i.MX_ADC1_Init      main.o
    0x0800114c   0x0800114c   0x00000208   Code   RO           35    i.MX_ADC2_Init      main.o
    0x08001354   0x08001354   0x00000090   Code   RO           36    i.MX_COMP1_Init     main.o
    0x080013e4   0x080013e4   0x00000058   Code   RO           37    i.MX_DAC1_Init      main.o
    0x0800143c   0x0800143c   0x00000100   Code   RO           38    i.MX_GPIO_Init      main.o
    0x0800153c   0x0800153c   0x000001dc   Code   RO           39    i.MX_TIM1_Init      main.o
    0x08001718   0x08001718   0x000001c4   Code   RO           40    i.MX_TIM4_Init      main.o
    0x080018dc   0x080018dc   0x00000050   Code   RO         1513    i.MedianFilter      bldcmath.o
    0x0800192c   0x0800192c   0x00000002   Code   RO          292    i.MemManage_Handler  stm32g4xx_it.o
    0x0800192e   0x0800192e   0x00000002   Code   RO          293    i.NMI_Handler       stm32g4xx_it.o
    0x08001930   0x08001930   0x00000032   Code   RO           41    i.NVIC_EncodePriority  main.o
    0x08001962   0x08001962   0x00000002   PAD
    0x08001964   0x08001964   0x00000098   Code   RO         1012    i.OC1Config         stm32g4xx_ll_tim.o
    0x080019fc   0x080019fc   0x000000a0   Code   RO         1013    i.OC2Config         stm32g4xx_ll_tim.o
    0x08001a9c   0x08001a9c   0x0000009c   Code   RO         1014    i.OC3Config         stm32g4xx_ll_tim.o
    0x08001b38   0x08001b38   0x000000a0   Code   RO         1015    i.OC4Config         stm32g4xx_ll_tim.o
    0x08001bd8   0x08001bd8   0x00000002   Code   RO          294    i.PendSV_Handler    stm32g4xx_it.o
    0x08001bda   0x08001bda   0x00000002   Code   RO          295    i.SVC_Handler       stm32g4xx_it.o
    0x08001bdc   0x08001bdc   0x00000004   Code   RO          296    i.SysTick_Handler   stm32g4xx_it.o
    0x08001be0   0x08001be0   0x000000dc   Code   RO           42    i.SystemClock_Config  main.o
    0x08001cbc   0x08001cbc   0x00000010   Code   RO         1138    i.SystemInit        system_stm32g4xx.o
    0x08001ccc   0x08001ccc   0x00000070   Code   RO          297    i.TIM4_IRQHandler   stm32g4xx_it.o
    0x08001d3c   0x08001d3c   0x00000002   Code   RO          298    i.UsageFault_Handler  stm32g4xx_it.o
    0x08001d3e   0x08001d3e   0x0000001a   Code   RO           43    i.__NVIC_EnableIRQ  main.o
    0x08001d58   0x08001d58   0x00000010   Code   RO           44    i.__NVIC_GetPriorityGrouping  main.o
    0x08001d68   0x08001d68   0x00000020   Code   RO           45    i.__NVIC_SetPriority  main.o
    0x08001d88   0x08001d88   0x00000044   Code   RO         1415    i.bldcSensorlessEstSpeed  bldcsensorless.o
    0x08001dcc   0x08001dcc   0x000000c8   Code   RO         1177    i.bldc_BEMF_Get_U   bldcinterface.o
    0x08001e94   0x08001e94   0x000000c8   Code   RO         1178    i.bldc_BEMF_Get_V   bldcinterface.o
    0x08001f5c   0x08001f5c   0x000000c8   Code   RO         1179    i.bldc_BEMF_Get_W   bldcinterface.o
    0x08002024   0x08002024   0x0000001c   Code   RO         1456    i.bldc_DetermineButtonStatus  bldctask.o
    0x08002040   0x08002040   0x00000054   Code   RO         1180    i.bldc_GetBusCurrentAndSetNextSamplingPosition  bldcinterface.o
    0x08002094   0x08002094   0x00000050   Code   RO         1181    i.bldc_GetBusVoltage  bldcinterface.o
    0x080020e4   0x080020e4   0x0000003c   Code   RO         1182    i.bldc_GetButtonStatus  bldcinterface.o
    0x08002120   0x08002120   0x000000e0   Code   RO         1183    i.bldc_GetDriverTemp  bldcinterface.o
    0x08002200   0x08002200   0x0000020c   Code   RO         1457    i.bldc_HighFrequencyTask  bldctask.o
    0x0800240c   0x0800240c   0x00000002   Code   RO         1184    i.bldc_HighFrequencyTaskCallBack  bldcinterface.o
    0x0800240e   0x0800240e   0x00000002   PAD
    0x08002410   0x08002410   0x00000070   Code   RO         1185    i.bldc_LowFrequencyTaskCallBack  bldcinterface.o
    0x08002480   0x08002480   0x0000001c   Code   RO         1186    i.bldc_PWM_LowSides_OFF_OFF_ON  bldcinterface.o
    0x0800249c   0x0800249c   0x0000001c   Code   RO         1187    i.bldc_PWM_LowSides_OFF_ON_OFF  bldcinterface.o
    0x080024b8   0x080024b8   0x0000001c   Code   RO         1188    i.bldc_PWM_LowSides_ON_OFF_OFF  bldcinterface.o
    0x080024d4   0x080024d4   0x000001c0   Code   RO         1458    i.bldc_SafetyTask   bldctask.o
    0x08002694   0x08002694   0x00000044   Code   RO         1189    i.bldc_StartPWM_AllChannel_HighSides  bldcinterface.o
    0x080026d8   0x080026d8   0x0000001c   Code   RO         1191    i.bldc_StartPWM_UH_VL_GetWF  bldcinterface.o
    0x080026f4   0x080026f4   0x0000001c   Code   RO         1192    i.bldc_StartPWM_UH_WL_GetVF  bldcinterface.o
    0x08002710   0x08002710   0x0000001c   Code   RO         1193    i.bldc_StartPWM_VH_UL_GetWF  bldcinterface.o
    0x0800272c   0x0800272c   0x0000001c   Code   RO         1194    i.bldc_StartPWM_VH_WL_GetUF  bldcinterface.o
    0x08002748   0x08002748   0x0000001c   Code   RO         1195    i.bldc_StartPWM_WH_UL_GetVF  bldcinterface.o
    0x08002764   0x08002764   0x0000001c   Code   RO         1196    i.bldc_StartPWM_WH_VL_GetUF  bldcinterface.o
    0x08002780   0x08002780   0x00000044   Code   RO         1197    i.bldc_StopPWM_AllChannel_HighSides  bldcinterface.o
    0x080027c4   0x080027c4   0x00000034   Code   RO         1459    i.bldc_SysReset     bldctask.o
    0x080027f8   0x080027f8   0x00000022   Code   RO         1531    i.dShoot_CalculateWithCRC  dshoot.o
    0x0800281a   0x0800281a   0x00000002   PAD
    0x0800281c   0x0800281c   0x00000008   Code   RO         1532    i.dShoot_GetReceiveBufferAddress  dshoot.o
    0x08002824   0x08002824   0x0000004c   Code   RO         1534    i.dShoot_ReceiveValueWithDMA  dshoot.o
    0x08002870   0x08002870   0x00000058   Code   RO         1416    i.excuteUserCMD     bldcsensorless.o
    0x080028c8   0x080028c8   0x00000220   Code   RO           46    i.main              main.o
    0x08002ae8   0x08002ae8   0x00000098   Code   RO         1417    i.speedPIController  bldcsensorless.o
    0x08002b80   0x08002b80   0x0000000a   Code   RO         1732    x$fpl$fpinit        fz_wm.l(fpinit.o)
    0x08002b8a   0x08002b8a   0x0000002e   Data   RO           47    .constdata          main.o
    0x08002bb8   0x08002bb8   0x00000006   Data   RO          299    .constdata          stm32g4xx_it.o
    0x08002bbe   0x08002bbe   0x00000002   PAD
    0x08002bc0   0x08002bc0   0x00000190   Data   RO         1199    .constdata          bldcinterface.o
    0x08002d50   0x08002d50   0x00000020   Data   RO         1790    Region$$Table       anon$$obj.o


    Execution Region RW_IRAM1 (Exec base: 0x20000000, Load base: 0x08002d70, Size: 0x00000788, Max: 0x00008000, ABSOLUTE)

    Exec Addr    Load Addr    Size         Type   Attr      Idx    E Section Name        Object

    0x20000000   0x08002d70   0x00000004   Data   RW         1141    .data               system_stm32g4xx.o
    0x20000004   0x08002d74   0x00000008   Data   RW         1200    .data               bldcinterface.o
    0x2000000c   0x08002d7c   0x00000018   Data   RW         1201    .data               bldcinterface.o
    0x20000024   0x08002d94   0x00000018   Data   RW         1202    .data               bldcinterface.o
    0x2000003c   0x08002dac   0x00000020   Data   RW         1418    .data               bldcsensorless.o
    0x2000005c   0x08002dcc   0x00000004   PAD
    0x20000060   0x08002dd0   0x00000044   Data   RW         1461    .data               bldctask.o
    0x200000a4        -       0x00000038   Zero   RW         1460    .bss                bldctask.o
    0x200000dc        -       0x00000048   Zero   RW         1538    .bss                dshoot.o
    0x20000124        -       0x00000060   Zero   RW         1662    .bss                c_w.l(libspace.o)
    0x20000184   0x08002e14   0x00000004   PAD
    0x20000188        -       0x00000200   Zero   RW            2    HEAP                startup_stm32g431xx.o
    0x20000388        -       0x00000400   Zero   RW            1    STACK               startup_stm32g431xx.o


==============================================================================

Image component sizes


      Code (inc. data)   RO Data    RW Data    ZI Data      Debug   Object Name

      1592        216        400         56          0     584761   bldcinterface.o
        80          6          0          0          0       1135   bldcmath.o
       308         52          0         32          0       4110   bldcsensorless.o
      1052         96          0         68         56       5661   bldctask.o
       118         10          0          0         72      15421   dshoot.o
      4418        358         46          0          0     712823   main.o
        64         26        472          0       1536        840   startup_stm32g431xx.o
       232         34          6          0          0     133939   stm32g4xx_it.o
       272         14          0          0          0      79254   stm32g4xx_ll_adc.o
        52          6          0          0          0      10531   stm32g4xx_ll_comp.o
       152          0          0          0          0      21498   stm32g4xx_ll_dac.o
       310          0          0          0          0       7311   stm32g4xx_ll_gpio.o
      1252        168          0          0          0      58530   stm32g4xx_ll_tim.o
        38          6          0          0          0       7145   stm32g4xx_ll_utils.o
        16          4          0          4          0       1115   system_stm32g4xx.o

    ----------------------------------------------------------------------
      9964        996        958        164       1664    1644074   Object Totals
         0          0         32          0          0          0   (incl. Generated)
         8          0          2          4          0          0   (incl. Padding)

    ----------------------------------------------------------------------

      Code (inc. data)   RO Data    RW Data    ZI Data      Debug   Library Member Name

         8          0          0          0          0         68   __main.o
         0          0          0          0          0          0   __rtentry.o
        12          0          0          0          0          0   __rtentry2.o
         6          0          0          0          0          0   __rtentry4.o
        52          8          0          0          0          0   __scatter.o
        26          0          0          0          0          0   __scatter_copy.o
        28          0          0          0          0          0   __scatter_zi.o
        18          0          0          0          0         80   exit.o
         6          0          0          0          0        152   heapauxi.o
         0          0          0          0          0          0   indicate_semi.o
         2          0          0          0          0          0   libinit.o
         6          0          0          0          0          0   libinit2.o
         2          0          0          0          0          0   libshutdown.o
         2          0          0          0          0          0   libshutdown2.o
         8          4          0          0         96         68   libspace.o
       238          0          0          0          0        100   lludivv7m.o
        78          0          0          0          0         80   rt_memclr_w.o
       100          0          0          0          0         80   rt_memcpy_w.o
         2          0          0          0          0          0   rtexit.o
        10          0          0          0          0          0   rtexit2.o
        12          4          0          0          0         68   sys_exit.o
        74          0          0          0          0         80   sys_stackheap_outer.o
         2          0          0          0          0         68   use_no_semi.o
        10          0          0          0          0        116   fpinit.o

    ----------------------------------------------------------------------
       710         16          0          0        100        960   Library Totals
         8          0          0          0          4          0   (incl. Padding)

    ----------------------------------------------------------------------

      Code (inc. data)   RO Data    RW Data    ZI Data      Debug   Library Name

       692         16          0          0         96        844   c_w.l
        10          0          0          0          0        116   fz_wm.l

    ----------------------------------------------------------------------
       710         16          0          0        100        960   Library Totals

    ----------------------------------------------------------------------

==============================================================================


      Code (inc. data)   RO Data    RW Data    ZI Data      Debug   

     10674       1012        958        164       1764    1636322   Grand Totals
     10674       1012        958        164       1764    1636322   ELF Image Totals
     10674       1012        958        164          0          0   ROM Totals

==============================================================================

    Total RO  Size (Code + RO Data)                11632 (  11.36kB)
    Total RW  Size (RW Data + ZI Data)              1928 (   1.88kB)
    Total ROM Size (Code + RO Data + RW Data)      11796 (  11.52kB)

==============================================================================

